
13 tests completed, 1 failed

FAILURE: Build failed with an exception.

* What went wrong:
Execution failed for task ':mesh:testDebugUnitTest'.
> There were failing tests. See the report at: file:///private/tmp/board1-rc15-preparatory-46903cd0-xke1sctz/rod-worktrees/wt_T72-RC16-android-ack-dispatcher-admits-elsewhere/android/mesh/build/reports/tests/testDebugUnitTest/index.html

* Try:
> Run with --scan to get full insights.

BUILD FAILED in 44s

TEST-SUITE TEST-io.godstone.mesh.di.GsFinal003GraphComponentTest.xml tests=13 skipped=0 failures=1 errors=0
TEST-CASE PASS theComponentsPumpIdentityIsUnreachableOnAHostAndSaysSo
TEST-CASE PASS theRealComponentsGateIsReadPerCallNotCached
TEST-CASE PASS theIdlePumpRunsInitialAndFiveMinuteInventoryOnTheInjectedClock
TEST-CASE PASS theRealComponentsGateAnswersBothDirections
TEST-CASE PASS theLifecycleGateIsOneAuthority
TEST-CASE PASS theDeviceBoundProvidersAreTheRealPlatformOnes
TEST-CASE PASS theProductionProviderHandsTheNodeThePumpItWasGiven
TEST-CASE PASS everyBindingIsScopedToTheComponent
TEST-CASE PASS theDispatcherVerifiesOriginThroughTheGivenTrackerOnly
TEST-CASE PASS theAckStoreRouteIsDeclaredOverTheDecorator
TEST-CASE PASS theWipeInvalidatorReachesEveryOwnerTheCompositionHandedOut
TEST-CASE PASS theComponentAssemblesSoTheGraphResolves
TEST-CASE FAIL theDispatcherAdmitsThroughTheGivenPumpOnly
