FREEZE: board1-court-rc -> 827e18eea05c4d413bb251e4fa59c32aa5275889 (tree b32b25edb9b6fd77e7ebfcb6c6e9f6a02ef3ff65) bound to run 1 attempt 1 7/7 jobs success
  attestation written to /var/folders/bg/pd6rztd92f73y6f73sbxdkdc0000gn/T/tmp5nqifie6/repo/docs/remediation/evidence/FREEZE_ATTESTATION_rc15.json
  auditor block stays NULL: the terminal builder verdict is READY_FOR_EXTERNAL_REAUDIT, NEVER VERIFIED_FIXED
/var/folders/bg/pd6rztd92f73y6f73sbxdkdc0000gn/T/tmp5nqifie6/repo/ci/mutations.py:111: ResourceWarning: unclosed file <_io.BufferedReader name='/var/folders/bg/pd6rztd92f73y6f73sbxdkdc0000gn/T/tmp5nqifie6/repo/ci/mutations.py'>
  return hashlib.sha256(open(path, "rb").read()).hexdigest()
ResourceWarning: Enable tracemalloc to get the object allocation traceback
/var/folders/bg/pd6rztd92f73y6f73sbxdkdc0000gn/T/tmp5nqifie6/repo/ci/mutations.py:111: ResourceWarning: unclosed file <_io.BufferedReader name='/var/folders/bg/pd6rztd92f73y6f73sbxdkdc0000gn/T/tmp5nqifie6/repo/ci/mutations.py'>
  return hashlib.sha256(open(path, "rb").read()).hexdigest()
ResourceWarning: Enable tracemalloc to get the object allocation traceback
/var/folders/bg/pd6rztd92f73y6f73sbxdkdc0000gn/T/tmp5nqifie6/repo/ci/mutations.py:111: ResourceWarning: unclosed file <_io.BufferedReader name='/var/folders/bg/pd6rztd92f73y6f73sbxdkdc0000gn/T/tmp5nqifie6/repo/ci/mutations.py'>
  return hashlib.sha256(open(path, "rb").read()).hexdigest()
ResourceWarning: Enable tracemalloc to get the object allocation traceback
test_a_relative_attestation_path_is_resolved_and_never_crashes (test_board1_gate_manifest.AttestationBindingTests.test_a_relative_attestation_path_is_resolved_and_never_crashes)
*** THE MEASURED CRASH: `--attest-out <repo-relative>` RAISED `ValueError` FROM `relative_to`. *** ... /var/folders/bg/pd6rztd92f73y6f73sbxdkdc0000gn/T/tmp5nqifie6/repo/ci/mutations.py:111: ResourceWarning: unclosed file <_io.BufferedReader name='/var/folders/bg/pd6rztd92f73y6f73sbxdkdc0000gn/T/tmp5nqifie6/repo/ci/mutations.py'>
  return hashlib.sha256(open(path, "rb").read()).hexdigest()
ResourceWarning: Enable tracemalloc to get the object allocation traceback
/var/folders/bg/pd6rztd92f73y6f73sbxdkdc0000gn/T/tmp5nqifie6/repo/ci/mutations.py:111: ResourceWarning: unclosed file <_io.BufferedReader name='/var/folders/bg/pd6rztd92f73y6f73sbxdkdc0000gn/T/tmp5nqifie6/repo/ci/mutations.py'>
  return hashlib.sha256(open(path, "rb").read()).hexdigest()
ResourceWarning: Enable tracemalloc to get the object allocation traceback
::error::--attest-out docs/remediation/evidence/FREEZE_ATTESTATION_rc15.json resolveth to docs/remediation/evidence/FREEZE_ATTESTATION_rc15.json, which is OUTSIDE the repository /var/folders/bg/pd6rztd92f73y6f73sbxdkdc0000gn/T/tmp5nqifie6/repo -- the attestation must be a tracked path a reader can find, and the post-tag allowlist cannot name a path outside the candidate's own tree
FAIL

======================================================================
FAIL: test_a_relative_attestation_path_is_resolved_and_never_crashes (test_board1_gate_manifest.AttestationBindingTests.test_a_relative_attestation_path_is_resolved_and_never_crashes)
*** THE MEASURED CRASH: `--attest-out <repo-relative>` RAISED `ValueError` FROM `relative_to`. ***
----------------------------------------------------------------------
Traceback (most recent call last):
  File "/private/tmp/board1-rc15-preparatory-46903cd0-xke1sctz/rod-worktrees/wt_T86-B1M15-relative-attest-path-crasheth/tools/readiness/tests/test_board1_gate_manifest.py", line 784, in test_a_relative_attestation_path_is_resolved_and_never_crashes
    self.assertEqual(rc, 0,
    ~~~~~~~~~~~~~~~~^^^^^^^
                     "the canonical future attestation named RELATIVELY must be RESOLVED and written; the "
                     ^^^^^^^^^^^^^^^^^^^^^^^^^^^^^^^^^^^^^^^^^^^^^^^^^^^^^^^^^^^^^^^^^^^^^^^^^^^^^^^^^^^^^^
                     "mutant refuseth it as outside the repository")
                     ^^^^^^^^^^^^^^^^^^^^^^^^^^^^^^^^^^^^^^^^^^^^^^^
AssertionError: 1 != 0 : the canonical future attestation named RELATIVELY must be RESOLVED and written; the mutant refuseth it as outside the repository

----------------------------------------------------------------------
Ran 1 test in 6.075s

FAILED (failures=1)
