/var/folders/bg/pd6rztd92f73y6f73sbxdkdc0000gn/T/tmpyby3k3li/repo/ci/mutations.py:111: ResourceWarning: unclosed file <_io.BufferedReader name='/var/folders/bg/pd6rztd92f73y6f73sbxdkdc0000gn/T/tmpyby3k3li/repo/ci/mutations.py'>
  return hashlib.sha256(open(path, "rb").read()).hexdigest()
ResourceWarning: Enable tracemalloc to get the object allocation traceback
/var/folders/bg/pd6rztd92f73y6f73sbxdkdc0000gn/T/tmpyby3k3li/repo/ci/mutations.py:111: ResourceWarning: unclosed file <_io.BufferedReader name='/var/folders/bg/pd6rztd92f73y6f73sbxdkdc0000gn/T/tmpyby3k3li/repo/ci/mutations.py'>
  return hashlib.sha256(open(path, "rb").read()).hexdigest()
ResourceWarning: Enable tracemalloc to get the object allocation traceback
/var/folders/bg/pd6rztd92f73y6f73sbxdkdc0000gn/T/tmpyby3k3li/repo/ci/mutations.py:111: ResourceWarning: unclosed file <_io.BufferedReader name='/var/folders/bg/pd6rztd92f73y6f73sbxdkdc0000gn/T/tmpyby3k3li/repo/ci/mutations.py'>
  return hashlib.sha256(open(path, "rb").read()).hexdigest()
ResourceWarning: Enable tracemalloc to get the object allocation traceback
/var/folders/bg/pd6rztd92f73y6f73sbxdkdc0000gn/T/tmpyby3k3li/repo/ci/mutations.py:111: ResourceWarning: unclosed file <_io.BufferedReader name='/var/folders/bg/pd6rztd92f73y6f73sbxdkdc0000gn/T/tmpyby3k3li/repo/ci/mutations.py'>
  return hashlib.sha256(open(path, "rb").read()).hexdigest()
ResourceWarning: Enable tracemalloc to get the object allocation traceback
test_a_manifest_omitting_a_required_lane_is_refused (test_board1_gate_manifest.ManifestContractTests.test_a_manifest_omitting_a_required_lane_is_refused) ... /var/folders/bg/pd6rztd92f73y6f73sbxdkdc0000gn/T/tmpyby3k3li/repo/ci/mutations.py:111: ResourceWarning: unclosed file <_io.BufferedReader name='/var/folders/bg/pd6rztd92f73y6f73sbxdkdc0000gn/T/tmpyby3k3li/repo/ci/mutations.py'>
  return hashlib.sha256(open(path, "rb").read()).hexdigest()
ResourceWarning: Enable tracemalloc to get the object allocation traceback
FAIL

======================================================================
FAIL: test_a_manifest_omitting_a_required_lane_is_refused (test_board1_gate_manifest.ManifestContractTests.test_a_manifest_omitting_a_required_lane_is_refused)
----------------------------------------------------------------------
Traceback (most recent call last):
  File "/private/tmp/board1-rc15-preparatory-46903cd0-xke1sctz/rod-worktrees/wt_T86-B1M7-absent-lane-artifact-is-ignored/tools/readiness/tests/test_board1_gate_manifest.py", line 397, in test_a_manifest_omitting_a_required_lane_is_refused
    self.assertTrue(any("omits required lane(s): ['ios:simulator']" in p
    ~~~~~~~~~~~~~~~^^^^^^^^^^^^^^^^^^^^^^^^^^^^^^^^^^^^^^^^^^^^^^^^^^^^^
                        for p in self.fx.check(bad)))
                        ^^^^^^^^^^^^^^^^^^^^^^^^^^^^^
AssertionError: False is not true

----------------------------------------------------------------------
Ran 1 test in 5.793s

FAILED (failures=1)
