Test Suite 'Selected tests' started at 2026-09-29 22:38:40.725.
Test Suite 'GodstoneMeshTests.xctest' started at 2026-09-29 22:38:40.730.
Test Suite 'GsIntegration001ProcessTests' started at 2026-09-29 22:38:40.730.
Test Case '-[GodstoneMeshTests.GsIntegration001ProcessTests testGSINT001ProcessCrashCampaign]' started.
Test Case '-[GodstoneMeshTests.GsIntegration001ProcessTests testGSINT001ProcessCrashCampaign]' passed (2.335 seconds).
Test Suite 'GsIntegration001ProcessTests' passed at 2026-09-29 22:38:43.066.
	 Executed 1 test, with 0 failures (0 unexpected) in 2.335 (2.336) seconds
Test Suite 'GodstoneMeshTests.xctest' passed at 2026-09-29 22:38:43.066.
	 Executed 1 test, with 0 failures (0 unexpected) in 2.335 (2.336) seconds
Test Suite 'Selected tests' passed at 2026-09-29 22:38:43.066.
	 Executed 1 test, with 0 failures (0 unexpected) in 2.335 (2.341) seconds
GS-INT-PROC harness: executable=/Applications/Xcode.app/Contents/Developer/usr/bin/xctest bundle=/Users/oculus/Projects/GODSTONE/ios/Packages/GodstoneFoundation/.build/out/Products/Debug/GodstoneMeshTests.xctest selector=GodstoneMeshTests.GsIntegration001ProcessTests/testGSINT001ProcessCrashCampaign
GS-INT-PROC harness: child env keys=[GS_INT_PROC_ROLE, GS_INT_PROC_BOUNDARY, GS_INT_PROC_DETAIL, GS_INT_PROC_PHASE, GS_INT_PROC_ESTATE] (values: a boundary name, a non-secret detail, a phase, and a temporary estate path)
GS-INT-PROC scenario outboundEnqueue: PASS
GS-INT-PROC scenario inboundCommit: PASS
GS-INT-PROC scenario ackCreate: PASS
GS-INT-PROC scenario ackCommit: PASS
GS-INT-PROC scenario senderAckRetire: PASS
GS-INT-PROC scenario preSend: PASS
GS-INT-PROC scenario handshake@pre-ready: PASS
GS-INT-PROC scenario handshake@authenticated: PASS
