[02:40:13] === GS-INTEGRATION-001 cross-platform coordinator: mode=cross-platform run=20260929T211012Z-8f8795 ===
[02:40:13]     repo=/Users/oculus/Projects/GODSTONE evidence=/private/tmp/step5-def2
[02:40:13]     input digest (pre) = afb0739f8e3fef34c24788d2c8a7934d947cea990879fcd87b3a638067a6f514
[02:40:13]     toolchain swift: Apple Swift version 6.4 (swiftlang-6.4.0.34.1 clang-2100.3.34.1) Target: arm64-apple-macosx26.0 swift-driver version: 1.168.6
[02:40:13]     toolchain xcodebuild: Xcode 27.0 Build version 27A266a
[02:40:13]     toolchain java: openjdk version "17.0.20.1" 2026-08-18 OpenJDK Runtime Environment Temurin-17.0.20.1+1 (build 17.0.20.1+1) OpenJDK 64-Bit Server VM Temurin-17.0.20.1+1 (build 17.0.20.1+1, mixed mode, sharing)
[02:40:13]     toolchain python: 3.14.4 (macOS-26.6.2-arm64-arm-64bit-Mach-O)
[02:40:13]     toolchain host: macOS-26.6.2-arm64-arm-64bit-Mach-O
[02:40:13]     toolchain gradle: ------------------------------------------------------------ Gradle 8.9 ------------------------------------------------------------  Build time:    2024-07-11 14:37:41 UTC Revision:      d536ef36a191
[02:40:13]     toolchain android_sdk: unset
[02:40:13] *** building the host fixtures ONCE (SwiftPM macOS test bundle) ***
[02:40:14]   swift build --build-tests: rc=0
[02:40:14] --- direction ios->android control=honest ---
[02:40:14]   [swift-honest] <- hello  payload=0B
[02:40:45]   [android-honest] <- hello  payload=0B
[02:40:45]   seat: sender real_hint=0bb99473 receiver real_hint=958f50b1 -> the sender is the production election's INITIATOR (re-mints=0)
[02:40:45]   [swift-honest] -> peer  payload=0B
[02:40:45]   [android-honest] -> peer  payload=0B
[02:40:45]   [swift-honest] -> setup  payload=0B
[02:40:45]   [android-honest] -> setup  payload=0B
[02:40:45]   [android-honest] <- ready  payload=0B
[02:40:45]   [swift-honest] <- frame  payload=13B
[02:40:45]   [swift-honest] <- frame  payload=40B
[02:40:45]   [swift-honest] <- ready  payload=0B
[02:40:45]   swift-honest seated: {'advertised_hint': '0bb99473', 'handle': 'ABA5E88A-BA58-442C-BF40-83B0A76261DF', 'kind': 'ready', 'platform': 'ios', 'remote_hint': '958f50b1', 'role': 'sender', 'seat': 'initiator', 'v': 1, 'variant': 'honest'}
[02:40:45]   android-honest seated: {'advertised_hint': '958f50b1', 'handle': '0B:B9:94:73:55:56', 'kind': 'ready', 'platform': 'android', 'remote_hint': '0bb99473', 'role': 'recipient', 'seat': 'responder', 'v': 1, 'variant': 'honest'}
[02:40:45]   [swift-honest] -> go  payload=0B
[02:40:45]   [android-honest] -> inject  payload=13B
[02:40:45]   [android-honest] -> inject  payload=40B
[02:40:45]   [android-honest] <- frame  payload=237B
[02:40:45]   [swift-honest] -> inject  payload=237B
[02:40:45]   [swift-honest] <- frame  payload=205B
[02:40:45]   [swift-honest] <- frame  payload=82B
[02:40:46]   [android-honest] -> inject  payload=205B
[02:40:46]   [android-honest] -> inject  payload=82B
[02:40:46]   [android-honest] <- frame  payload=82B
[02:40:46]   [swift-honest] -> inject  payload=82B
[02:40:46]   [swift-honest] <- authored  payload=0B
[02:40:46]   [swift-honest] <- frame  payload=306B
[02:40:46]   [android-honest] -> inject  payload=306B
[02:40:48]   [android-honest] <- observe  payload=0B
[02:40:48]   [android-honest] <- frame  payload=144B
[02:40:48]   [android-honest] <- ack  payload=0B
[02:40:48]   [swift-honest] -> inject  payload=144B
[02:40:48]   [swift-honest] <- observe  payload=0B
[02:40:48]   [swift-honest] <- observe  payload=0B
[02:40:48]   authored msg_id=f08fb8e8acfa3f210e6d7c57a3d0c511
[02:40:48]   [swift-honest] -> bye  payload=0B
[02:40:48]   [android-honest] -> bye  payload=0B
[02:40:48]   [swift-honest] <- observe  payload=0B
[02:40:48]   [android-honest] <- observe  payload=0B
[02:40:48] --- direction ios->android control=altered ---
[02:40:48]   [swift-altered] <- hello  payload=0B
[02:41:19]   [android-altered] <- hello  payload=0B
[02:41:19]   seat: sender real_hint=0bb99473 receiver real_hint=556bb1c4 -> the sender is the production election's INITIATOR (re-mints=0)
[02:41:19]   [swift-altered] -> peer  payload=0B
[02:41:19]   [android-altered] -> peer  payload=0B
[02:41:19]   [swift-altered] -> setup  payload=0B
[02:41:19]   [android-altered] -> setup  payload=0B
[02:41:19]   [android-altered] <- ready  payload=0B
[02:41:19]   [swift-altered] <- frame  payload=13B
[02:41:19]   [swift-altered] <- frame  payload=40B
[02:41:19]   [swift-altered] <- ready  payload=0B
[02:41:19]   swift-altered seated: {'advertised_hint': '0bb99473', 'handle': 'D7C06ED0-9F5E-4E25-8D51-9F872EEC6313', 'kind': 'ready', 'platform': 'ios', 'remote_hint': '556bb1c4', 'role': 'sender', 'seat': 'initiator', 'v': 1, 'variant': 'honest'}
[02:41:19]   android-altered seated: {'advertised_hint': '556bb1c4', 'handle': '0B:B9:94:73:55:56', 'kind': 'ready', 'platform': 'android', 'remote_hint': '0bb99473', 'role': 'recipient', 'seat': 'responder', 'v': 1, 'variant': 'honest'}
[02:41:19]   [android-altered] -> inject  payload=13B
[02:41:19]   [android-altered] -> inject  payload=40B
[02:41:19]   [android-altered] <- frame  payload=237B
[02:41:19]   [swift-altered] -> inject  payload=237B
[02:41:19]   [swift-altered] <- frame  payload=205B
[02:41:19]   [swift-altered] <- frame  payload=82B
[02:41:19]   [android-altered] -> inject  payload=205B
[02:41:19]   [android-altered] -> inject  payload=82B
[02:41:19]   [android-altered] <- frame  payload=82B
[02:41:19]   [swift-altered] -> inject  payload=82B
[02:41:19]   [swift-altered] <- authored  payload=0B
[02:41:19]   the producer announced `authored`; releasing the DATA record WITH the tamper enabled
[02:41:19]   [swift-altered] -> go  payload=0B
[02:41:19]   [swift-altered] <- frame  payload=306B
[02:41:19]   [android-altered] -> inject  payload=306B
[02:41:19]   [android-altered] <- observe  payload=0B
[02:41:19]   [swift-altered] -> bye  payload=0B
[02:41:19]   [android-altered] -> bye  payload=0B
[02:41:19]   [android-altered] <- observe  payload=0B
[02:41:19]   [swift-altered] <- observe  payload=0B
[02:41:20] --- direction ios->android control=mismatched ---
[02:41:20]   [swift-mismatched] <- hello  payload=0B
[02:41:51]   [android-mismatched] <- hello  payload=0B
[02:41:51]   seat: sender real_hint=0bb99473 receiver real_hint=297f3899 -> the sender is the production election's INITIATOR (re-mints=0)
[02:41:51]   [swift-mismatched] -> peer  payload=0B
[02:41:51]   [android-mismatched] -> peer  payload=0B
[02:41:51]   [swift-mismatched] -> setup  payload=0B
[02:41:51]   [android-mismatched] -> setup  payload=0B
[02:41:51]   [android-mismatched] <- ready  payload=0B
[02:41:51]   [swift-mismatched] <- frame  payload=13B
[02:41:51]   [swift-mismatched] <- frame  payload=40B
[02:41:51]   [swift-mismatched] <- ready  payload=0B
[02:41:51]   swift-mismatched seated: {'advertised_hint': '0affffff', 'handle': '2D258307-1899-4CF3-9CEE-11745F2D61CF', 'kind': 'ready', 'platform': 'ios', 'remote_hint': '297f3899', 'role': 'sender', 'seat': 'initiator', 'v': 1, 'variant': 'mismatched'}
[02:41:51]   android-mismatched seated: {'advertised_hint': '297f3899', 'handle': '0B:B9:94:73:55:56', 'kind': 'ready', 'platform': 'android', 'remote_hint': '0affffff', 'role': 'recipient', 'seat': 'responder', 'v': 1, 'variant': 'honest'}
[02:41:51]   [swift-mismatched] -> go  payload=0B
[02:41:51]   [android-mismatched] -> inject  payload=13B
[02:41:51]   [android-mismatched] -> inject  payload=40B
[02:41:51]   [android-mismatched] <- frame  payload=237B
[02:41:51]   [swift-mismatched] -> inject  payload=237B
[02:41:51]   [swift-mismatched] <- observe  payload=0B
[02:41:51]   [swift-mismatched] -> bye  payload=0B
[02:41:51]   [android-mismatched] -> bye  payload=0B
[02:41:51]   [swift-mismatched] <- observe  payload=0B
[02:41:52] --- direction ios->android control=replay: phase A (capture) ---
[02:41:52] --- direction ios->android control=honest ---
[02:41:52]   [swift-honest] <- hello  payload=0B
[02:42:25]   [android-honest] <- hello  payload=0B
[02:42:25]   seat: sender real_hint=0bb99473 receiver real_hint=5b510ab1 -> the sender is the production election's INITIATOR (re-mints=0)
[02:42:25]   [swift-honest] -> peer  payload=0B
[02:42:25]   [android-honest] -> peer  payload=0B
[02:42:25]   [swift-honest] -> setup  payload=0B
[02:42:25]   [android-honest] -> setup  payload=0B
[02:42:25]   [android-honest] <- ready  payload=0B
[02:42:25]   [swift-honest] <- frame  payload=13B
[02:42:25]   [swift-honest] <- frame  payload=40B
[02:42:25]   [swift-honest] <- ready  payload=0B
[02:42:25]   swift-honest seated: {'advertised_hint': '0bb99473', 'handle': 'DB2CB7B8-E07A-4009-9371-DEE078A19B32', 'kind': 'ready', 'platform': 'ios', 'remote_hint': '5b510ab1', 'role': 'sender', 'seat': 'initiator', 'v': 1, 'variant': 'honest'}
[02:42:25]   android-honest seated: {'advertised_hint': '5b510ab1', 'handle': '0B:B9:94:73:55:56', 'kind': 'ready', 'platform': 'android', 'remote_hint': '0bb99473', 'role': 'recipient', 'seat': 'responder', 'v': 1, 'variant': 'honest'}
[02:42:25]   [swift-honest] -> go  payload=0B
[02:42:25]   [android-honest] -> inject  payload=13B
[02:42:25]   [android-honest] -> inject  payload=40B
[02:42:25]   [android-honest] <- frame  payload=237B
[02:42:25]   [swift-honest] -> inject  payload=237B
[02:42:25]   [swift-honest] <- frame  payload=205B
[02:42:25]   [swift-honest] <- frame  payload=82B
[02:42:26]   [android-honest] -> inject  payload=205B
[02:42:26]   [android-honest] -> inject  payload=82B
[02:42:26]   [android-honest] <- frame  payload=82B
[02:42:26]   [swift-honest] -> inject  payload=82B
[02:42:26]   [swift-honest] <- authored  payload=0B
[02:42:26]   [swift-honest] <- frame  payload=306B
[02:42:26]   [android-honest] -> inject  payload=306B
[02:42:28]   [android-honest] <- observe  payload=0B
[02:42:28]   [android-honest] <- frame  payload=144B
[02:42:28]   [android-honest] <- ack  payload=0B
[02:42:28]   [swift-honest] -> inject  payload=144B
[02:42:28]   [swift-honest] <- observe  payload=0B
[02:42:28]   [swift-honest] <- observe  payload=0B
[02:42:28]   authored msg_id=0883d78611307999425a9f6e004e4795
[02:42:28]   [swift-honest] -> bye  payload=0B
[02:42:28]   [android-honest] -> bye  payload=0B
[02:42:28]   [swift-honest] <- observe  payload=0B
[02:42:28]   [android-honest] <- observe  payload=0B
[02:42:28]   captured 4 inbox record(s) from the honest session
[02:42:28] --- direction ios->android control=replay: phase B (fresh session, fresh estate) ---
[02:42:28]   [swift-replay-fresh] <- hello  payload=0B
[02:43:00]   [android-replay-fresh] <- hello  payload=0B
[02:43:00]   seat: sender real_hint=0bb99473 receiver real_hint=a873a521 -> the sender is the production election's INITIATOR (re-mints=0)
[02:43:00]   [swift-replay-fresh] -> peer  payload=0B
[02:43:00]   [android-replay-fresh] -> peer  payload=0B
[02:43:00]   [swift-replay-fresh] -> setup  payload=0B
[02:43:00]   [android-replay-fresh] -> setup  payload=0B
[02:43:00]   [android-replay-fresh] <- ready  payload=0B
[02:43:00]   [swift-replay-fresh] <- frame  payload=13B
[02:43:00]   [swift-replay-fresh] <- frame  payload=40B
[02:43:00]   [swift-replay-fresh] <- ready  payload=0B
[02:43:00]   swift-replay-fresh seated: {'advertised_hint': '0bb99473', 'handle': '1BE33171-DF0E-4BA8-9C07-586C303D9694', 'kind': 'ready', 'platform': 'ios', 'remote_hint': 'a873a521', 'role': 'sender', 'seat': 'initiator', 'v': 1, 'variant': 'honest'}
[02:43:00]   android-replay-fresh seated: {'advertised_hint': 'a873a521', 'handle': '0B:B9:94:73:55:56', 'kind': 'ready', 'platform': 'android', 'remote_hint': '0bb99473', 'role': 'recipient', 'seat': 'responder', 'v': 1, 'variant': 'honest'}
[02:43:00]   negotiating the fresh session across the pipe
[02:43:00]   [android-replay-fresh] -> inject  payload=13B
[02:43:00]   [android-replay-fresh] -> inject  payload=40B
[02:43:00]   [android-replay-fresh] <- frame  payload=237B
[02:43:00]   [swift-replay-fresh] -> inject  payload=237B
[02:43:00]   [swift-replay-fresh] <- frame  payload=205B
[02:43:00]   [swift-replay-fresh] <- frame  payload=82B
[02:43:00]   [android-replay-fresh] -> inject  payload=205B
[02:43:00]   [android-replay-fresh] -> inject  payload=82B
[02:43:00]   [android-replay-fresh] <- frame  payload=82B
[02:43:00]   [swift-replay-fresh] -> inject  payload=82B
[02:43:00]   [swift-replay-fresh] <- authored  payload=0B
[02:43:00]   replaying the captured old-session records into the live fresh session
[02:43:00]   [android-replay-fresh] -> inject  payload=40B
[02:43:00]   [android-replay-fresh] -> inject  payload=205B
[02:43:00]   [android-replay-fresh] -> inject  payload=82B
[02:43:00]   [android-replay-fresh] -> inject  payload=306B
[02:43:00]   replayed 4 record(s)
[02:43:00]   [android-replay-fresh] <- observe  payload=0B
[02:43:00]   [android-replay-fresh] <- observe  payload=0B
[02:43:00]   [android-replay-fresh] <- observe  payload=0B
[02:43:00]   [android-replay-fresh] <- observe  payload=0B
[02:43:00]   [swift-replay-fresh] -> bye  payload=0B
[02:43:00]   [android-replay-fresh] -> bye  payload=0B
[02:43:00]   [android-replay-fresh] <- observe  payload=0B
[02:43:01] --- direction android->ios control=honest ---
[02:43:01]   [swift-honest] <- hello  payload=0B
[02:43:32]   [android-honest] <- hello  payload=0B
[02:43:32]   re-mint: sender hint 10b0ec11 does not open against 0bb99473; asking BOTH for seeds 0xd2/0xc2
[02:43:32]   [android-honest] -> mint  payload=0B
[02:43:32]   [swift-honest] -> mint  payload=0B
[02:43:32]   [swift-honest] <- hello  payload=0B
[02:43:32]   [android-honest] <- hello  payload=0B
[02:43:32]   re-mint: sender hint b64c2afb does not open against 2e915597; asking BOTH for seeds 0xd3/0xc3
[02:43:32]   [android-honest] -> mint  payload=0B
[02:43:32]   [swift-honest] -> mint  payload=0B
[02:43:32]   [swift-honest] <- hello  payload=0B
[02:43:32]   [android-honest] <- hello  payload=0B
[02:43:32]   re-mint: sender hint 5f5b80d7 does not open against 36b89be3; asking BOTH for seeds 0xd4/0xc4
[02:43:32]   [android-honest] -> mint  payload=0B
[02:43:32]   [swift-honest] -> mint  payload=0B
[02:43:32]   [swift-honest] <- hello  payload=0B
[02:43:32]   [android-honest] <- hello  payload=0B
[02:43:32]   seat: sender real_hint=36a46fa8 receiver real_hint=4209d2ec -> the sender is the production election's INITIATOR (re-mints=3)
[02:43:32]   [android-honest] -> peer  payload=0B
[02:43:32]   [swift-honest] -> peer  payload=0B
[02:43:32]   [android-honest] -> setup  payload=0B
[02:43:32]   [swift-honest] -> setup  payload=0B
[02:43:32]   [android-honest] <- ready  payload=0B
[02:43:32]   [android-honest] <- frame  payload=40B
[02:43:32]   [swift-honest] <- ready  payload=0B
[02:43:32]   android-honest seated: {'advertised_hint': '36a46fa8', 'handle': '42:09:D2:EC:55:56', 'kind': 'ready', 'platform': 'android', 'remote_hint': '4209d2ec', 'role': 'sender', 'seat': 'initiator', 'v': 1, 'variant': 'honest'}
[02:43:32]   swift-honest seated: {'advertised_hint': '4209d2ec', 'handle': '7867CF49-5452-4BB8-9FCA-7C3412801892', 'kind': 'ready', 'platform': 'ios', 'remote_hint': '36a46fa8', 'role': 'recipient', 'seat': 'responder', 'v': 1, 'variant': 'honest'}
[02:43:32]   [android-honest] -> go  payload=0B
[02:43:32]   [swift-honest] -> inject  payload=40B
[02:43:32]   [swift-honest] <- frame  payload=237B
[02:43:32]   [android-honest] -> inject  payload=237B
[02:43:32]   [android-honest] <- frame  payload=205B
[02:43:32]   [android-honest] <- frame  payload=82B
[02:43:32]   [swift-honest] -> inject  payload=205B
[02:43:32]   [swift-honest] -> inject  payload=82B
[02:43:32]   [swift-honest] <- frame  payload=82B
[02:43:32]   [android-honest] -> inject  payload=82B
[02:43:35]   [android-honest] <- authored  payload=0B
[02:43:35]   [android-honest] <- frame  payload=157B
[02:43:35]   [android-honest] <- frame  payload=157B
[02:43:35]   [swift-honest] -> inject  payload=157B
[02:43:35]   [swift-honest] -> inject  payload=157B
[02:43:35]   [swift-honest] <- frame  payload=144B
[02:43:35]   [swift-honest] <- ack  payload=0B
[02:43:35]   [swift-honest] <- observe  payload=0B
[02:43:35]   [android-honest] -> inject  payload=144B
[02:43:35]   [android-honest] <- observe  payload=0B
[02:43:37]   [android-honest] <- observe  payload=0B
[02:43:37]   authored msg_id=f056c0569ac9971001c21e1512b22228
[02:43:37]   [android-honest] -> bye  payload=0B
[02:43:37]   [swift-honest] -> bye  payload=0B
[02:43:37]   [android-honest] <- observe  payload=0B
[02:43:37]   [swift-honest] <- observe  payload=0B
[02:43:37] --- direction android->ios control=altered ---
[02:43:38]   [swift-altered] <- hello  payload=0B
[02:44:09]   [android-altered] <- hello  payload=0B
[02:44:09]   re-mint: sender hint f12f304c does not open against 0bb99473; asking BOTH for seeds 0xd2/0xc2
[02:44:09]   [android-altered] -> mint  payload=0B
[02:44:09]   [swift-altered] -> mint  payload=0B
[02:44:09]   [swift-altered] <- hello  payload=0B
[02:44:09]   [android-altered] <- hello  payload=0B
[02:44:09]   re-mint: sender hint ce67c1dc does not open against 2e915597; asking BOTH for seeds 0xd3/0xc3
[02:44:09]   [android-altered] -> mint  payload=0B
[02:44:09]   [swift-altered] -> mint  payload=0B
[02:44:09]   [swift-altered] <- hello  payload=0B
[02:44:09]   [android-altered] <- hello  payload=0B
[02:44:09]   re-mint: sender hint 839b2885 does not open against 36b89be3; asking BOTH for seeds 0xd4/0xc4
[02:44:09]   [android-altered] -> mint  payload=0B
[02:44:09]   [swift-altered] -> mint  payload=0B
[02:44:09]   [swift-altered] <- hello  payload=0B
[02:44:09]   [android-altered] <- hello  payload=0B
[02:44:09]   re-mint: sender hint b234539d does not open against 4209d2ec; asking BOTH for seeds 0xd5/0xc5
[02:44:09]   [android-altered] -> mint  payload=0B
[02:44:09]   [swift-altered] -> mint  payload=0B
[02:44:09]   [swift-altered] <- hello  payload=0B
[02:44:09]   [android-altered] <- hello  payload=0B
[02:44:09]   re-mint: sender hint ae287df3 does not open against 0f4049f0; asking BOTH for seeds 0xd6/0xc6
[02:44:09]   [android-altered] -> mint  payload=0B
[02:44:09]   [swift-altered] -> mint  payload=0B
[02:44:09]   [swift-altered] <- hello  payload=0B
[02:44:09]   [android-altered] <- hello  payload=0B
[02:44:09]   re-mint: sender hint bc6ceef8 does not open against 62ce8505; asking BOTH for seeds 0xd7/0xc7
[02:44:09]   [android-altered] -> mint  payload=0B
[02:44:09]   [swift-altered] -> mint  payload=0B
[02:44:09]   [swift-altered] <- hello  payload=0B
[02:44:09]   [android-altered] <- hello  payload=0B
[02:44:09]   seat: sender real_hint=deba0c5e receiver real_hint=f9d65f5f -> the sender is the production election's INITIATOR (re-mints=6)
[02:44:09]   [android-altered] -> peer  payload=0B
[02:44:09]   [swift-altered] -> peer  payload=0B
[02:44:09]   [android-altered] -> setup  payload=0B
[02:44:09]   [swift-altered] -> setup  payload=0B
[02:44:09]   [android-altered] <- ready  payload=0B
[02:44:09]   [android-altered] <- frame  payload=40B
[02:44:09]   [swift-altered] <- ready  payload=0B
[02:44:09]   android-altered seated: {'advertised_hint': 'deba0c5e', 'handle': 'F9:D6:5F:5F:55:56', 'kind': 'ready', 'platform': 'android', 'remote_hint': 'f9d65f5f', 'role': 'sender', 'seat': 'initiator', 'v': 1, 'variant': 'honest'}
[02:44:09]   swift-altered seated: {'advertised_hint': 'f9d65f5f', 'handle': '4DAF93FF-FA54-4275-8D56-B254442FBE73', 'kind': 'ready', 'platform': 'ios', 'remote_hint': 'deba0c5e', 'role': 'recipient', 'seat': 'responder', 'v': 1, 'variant': 'honest'}
[02:44:09]   [swift-altered] -> inject  payload=40B
[02:44:09]   [swift-altered] <- frame  payload=237B
[02:44:09]   [android-altered] -> inject  payload=237B
[02:44:09]   [android-altered] <- frame  payload=205B
[02:44:09]   [android-altered] <- frame  payload=82B
[02:44:09]   [swift-altered] -> inject  payload=205B
[02:44:09]   [swift-altered] -> inject  payload=82B
[02:44:09]   [swift-altered] <- frame  payload=82B
[02:44:09]   [android-altered] -> inject  payload=82B
[02:44:11]   [android-altered] <- authored  payload=0B
[02:44:11]   the producer announced `authored`; releasing the DATA record WITH the tamper enabled
[02:44:11]   [android-altered] -> go  payload=0B
[02:44:11]   [android-altered] <- frame  payload=157B
[02:44:11]   [android-altered] <- frame  payload=157B
[02:44:11]   [swift-altered] -> inject  payload=157B
[02:44:11]   [swift-altered] -> inject  payload=157B
[02:44:11]   [swift-altered] <- observe  payload=0B
[02:44:11]   [android-altered] -> bye  payload=0B
[02:44:11]   [swift-altered] -> bye  payload=0B
[02:44:11]   [swift-altered] <- observe  payload=0B
[02:44:11]   [android-altered] <- observe  payload=0B
[02:44:12] --- direction android->ios control=mismatched ---
[02:44:12]   [swift-mismatched] <- hello  payload=0B
[02:44:43]   [android-mismatched] <- hello  payload=0B
[02:44:43]   re-mint: sender hint 3f167cb4 does not open against 0bb99473; asking BOTH for seeds 0xd2/0xc2
[02:44:43]   [android-mismatched] -> mint  payload=0B
[02:44:43]   [swift-mismatched] -> mint  payload=0B
[02:44:43]   [swift-mismatched] <- hello  payload=0B
[02:44:43]   [android-mismatched] <- hello  payload=0B
[02:44:43]   re-mint: sender hint 6fdf96f2 does not open against 2e915597; asking BOTH for seeds 0xd3/0xc3
[02:44:43]   [android-mismatched] -> mint  payload=0B
[02:44:43]   [swift-mismatched] -> mint  payload=0B
[02:44:43]   [swift-mismatched] <- hello  payload=0B
[02:44:43]   [android-mismatched] <- hello  payload=0B
[02:44:43]   seat: sender real_hint=1cddca6b receiver real_hint=36b89be3 -> the sender is the production election's INITIATOR (re-mints=2)
[02:44:43]   [android-mismatched] -> peer  payload=0B
[02:44:43]   [swift-mismatched] -> peer  payload=0B
[02:44:43]   [android-mismatched] -> setup  payload=0B
[02:44:43]   [swift-mismatched] -> setup  payload=0B
[02:44:43]   [android-mismatched] <- ready  payload=0B
[02:44:43]   [android-mismatched] <- frame  payload=40B
[02:44:43]   [swift-mismatched] <- ready  payload=0B
[02:44:43]   android-mismatched seated: {'advertised_hint': '1bffffff', 'handle': '36:B8:9B:E3:55:56', 'kind': 'ready', 'platform': 'android', 'remote_hint': '36b89be3', 'role': 'sender', 'seat': 'initiator', 'v': 1, 'variant': 'mismatched'}
[02:44:43]   swift-mismatched seated: {'advertised_hint': '36b89be3', 'handle': '9C9AE51D-C49B-4920-A6E9-7239F1A11797', 'kind': 'ready', 'platform': 'ios', 'remote_hint': '1bffffff', 'role': 'recipient', 'seat': 'responder', 'v': 1, 'variant': 'honest'}
[02:44:43]   [android-mismatched] -> go  payload=0B
[02:44:43]   [swift-mismatched] -> inject  payload=40B
[02:44:43]   [swift-mismatched] <- frame  payload=237B
[02:44:43]   [android-mismatched] -> inject  payload=237B
[02:44:43]   [android-mismatched] <- observe  payload=0B
[02:44:43]   [android-mismatched] -> bye  payload=0B
[02:44:43]   [swift-mismatched] -> bye  payload=0B
[02:44:43]   [android-mismatched] <- observe  payload=0B
[02:44:44] --- direction android->ios control=replay: phase A (capture) ---
[02:44:44] --- direction android->ios control=honest ---
[02:44:44]   [swift-honest] <- hello  payload=0B
[02:45:15]   [android-honest] <- hello  payload=0B
[02:45:15]   re-mint: sender hint 8bd27d40 does not open against 0bb99473; asking BOTH for seeds 0xd2/0xc2
[02:45:15]   [android-honest] -> mint  payload=0B
[02:45:15]   [swift-honest] -> mint  payload=0B
[02:45:15]   [swift-honest] <- hello  payload=0B
[02:45:15]   [android-honest] <- hello  payload=0B
[02:45:15]   re-mint: sender hint 5bf23803 does not open against 2e915597; asking BOTH for seeds 0xd3/0xc3
[02:45:15]   [android-honest] -> mint  payload=0B
[02:45:15]   [swift-honest] -> mint  payload=0B
[02:45:15]   [swift-honest] <- hello  payload=0B
[02:45:15]   [android-honest] <- hello  payload=0B
[02:45:15]   seat: sender real_hint=1a29a4dd receiver real_hint=36b89be3 -> the sender is the production election's INITIATOR (re-mints=2)
[02:45:15]   [android-honest] -> peer  payload=0B
[02:45:15]   [swift-honest] -> peer  payload=0B
[02:45:15]   [android-honest] -> setup  payload=0B
[02:45:15]   [swift-honest] -> setup  payload=0B
[02:45:15]   [android-honest] <- ready  payload=0B
[02:45:15]   [android-honest] <- frame  payload=40B
[02:45:15]   [swift-honest] <- ready  payload=0B
[02:45:15]   android-honest seated: {'advertised_hint': '1a29a4dd', 'handle': '36:B8:9B:E3:55:56', 'kind': 'ready', 'platform': 'android', 'remote_hint': '36b89be3', 'role': 'sender', 'seat': 'initiator', 'v': 1, 'variant': 'honest'}
[02:45:15]   swift-honest seated: {'advertised_hint': '36b89be3', 'handle': 'C1849232-841F-4E7F-BB51-C53E75E1DC4D', 'kind': 'ready', 'platform': 'ios', 'remote_hint': '1a29a4dd', 'role': 'recipient', 'seat': 'responder', 'v': 1, 'variant': 'honest'}
[02:45:15]   [android-honest] -> go  payload=0B
[02:45:15]   [swift-honest] -> inject  payload=40B
[02:45:15]   [swift-honest] <- frame  payload=237B
[02:45:15]   [android-honest] -> inject  payload=237B
[02:45:15]   [android-honest] <- frame  payload=205B
[02:45:15]   [android-honest] <- frame  payload=82B
[02:45:15]   [swift-honest] -> inject  payload=205B
[02:45:15]   [swift-honest] -> inject  payload=82B
[02:45:15]   [swift-honest] <- frame  payload=82B
[02:45:15]   [android-honest] -> inject  payload=82B
[02:45:17]   [android-honest] <- authored  payload=0B
[02:45:17]   [android-honest] <- frame  payload=157B
[02:45:17]   [android-honest] <- frame  payload=157B
[02:45:17]   [swift-honest] -> inject  payload=157B
[02:45:17]   [swift-honest] -> inject  payload=157B
[02:45:17]   [swift-honest] <- frame  payload=144B
[02:45:17]   [swift-honest] <- ack  payload=0B
[02:45:17]   [swift-honest] <- observe  payload=0B
[02:45:17]   [android-honest] -> inject  payload=144B
[02:45:17]   [android-honest] <- observe  payload=0B
[02:45:19]   [android-honest] <- observe  payload=0B
[02:45:19]   authored msg_id=be05addaa4d02d3e27652b1f6bc4439a
[02:45:19]   [android-honest] -> bye  payload=0B
[02:45:19]   [swift-honest] -> bye  payload=0B
[02:45:19]   [swift-honest] <- observe  payload=0B[02:45:19]   [android-honest] <- observe  payload=0B

[02:45:20]   captured 5 inbox record(s) from the honest session
[02:45:20] --- direction android->ios control=replay: phase B (fresh session, fresh estate) ---
[02:45:20]   [swift-replay-fresh] <- hello  payload=0B
[02:45:51]   [android-replay-fresh] <- hello  payload=0B
[02:45:51]   re-mint: sender hint b8fe5d4d does not open against 0bb99473; asking BOTH for seeds 0x12/0x02
[02:45:51]   [android-replay-fresh] -> mint  payload=0B
[02:45:51]   [swift-replay-fresh] -> mint  payload=0B
[02:45:51]   [swift-replay-fresh] <- hello  payload=0B
[02:45:52]   [android-replay-fresh] <- hello  payload=0B
[02:45:52]   re-mint: sender hint bbe02616 does not open against 63aaf801; asking BOTH for seeds 0x13/0x03
[02:45:52]   [android-replay-fresh] -> mint  payload=0B
[02:45:52]   [swift-replay-fresh] -> mint  payload=0B
[02:45:52]   [swift-replay-fresh] <- hello  payload=0B
[02:45:52]   [android-replay-fresh] <- hello  payload=0B
[02:45:52]   re-mint: sender hint 9edbaefa does not open against 478ce3c8; asking BOTH for seeds 0x14/0x04
[02:45:52]   [android-replay-fresh] -> mint  payload=0B
[02:45:52]   [swift-replay-fresh] -> mint  payload=0B
[02:45:52]   [swift-replay-fresh] <- hello  payload=0B
[02:45:52]   [android-replay-fresh] <- hello  payload=0B
[02:45:52]   re-mint: sender hint cff75fc2 does not open against 98207fa2; asking BOTH for seeds 0x15/0x05
[02:45:52]   [android-replay-fresh] -> mint  payload=0B
[02:45:52]   [swift-replay-fresh] -> mint  payload=0B
[02:45:52]   [swift-replay-fresh] <- hello  payload=0B
[02:45:52]   [android-replay-fresh] <- hello  payload=0B
[02:45:52]   seat: sender real_hint=05a05a3b receiver real_hint=856b724d -> the sender is the production election's INITIATOR (re-mints=4)
[02:45:52]   [android-replay-fresh] -> peer  payload=0B
[02:45:52]   [swift-replay-fresh] -> peer  payload=0B
[02:45:52]   [android-replay-fresh] -> setup  payload=0B
[02:45:52]   [swift-replay-fresh] -> setup  payload=0B
[02:45:52]   [android-replay-fresh] <- ready  payload=0B
[02:45:52]   [android-replay-fresh] <- frame  payload=40B
[02:45:52]   [swift-replay-fresh] <- ready  payload=0B
[02:45:52]   android-replay-fresh seated: {'advertised_hint': '05a05a3b', 'handle': '85:6B:72:4D:55:56', 'kind': 'ready', 'platform': 'android', 'remote_hint': '856b724d', 'role': 'sender', 'seat': 'initiator', 'v': 1, 'variant': 'honest'}
[02:45:52]   swift-replay-fresh seated: {'advertised_hint': '856b724d', 'handle': 'AA5912B2-79EB-4D46-9FDA-598B3E04E329', 'kind': 'ready', 'platform': 'ios', 'remote_hint': '05a05a3b', 'role': 'recipient', 'seat': 'responder', 'v': 1, 'variant': 'honest'}
[02:45:52]   negotiating the fresh session across the pipe
[02:45:52]   [swift-replay-fresh] -> inject  payload=40B
[02:45:52]   [swift-replay-fresh] <- frame  payload=237B
[02:45:52]   [android-replay-fresh] -> inject  payload=237B
[02:45:52]   [android-replay-fresh] <- frame  payload=205B
[02:45:52]   [android-replay-fresh] <- frame  payload=82B
[02:45:52]   [swift-replay-fresh] -> inject  payload=205B
[02:45:52]   [swift-replay-fresh] -> inject  payload=82B
[02:45:52]   [swift-replay-fresh] <- frame  payload=82B
[02:45:52]   [android-replay-fresh] -> inject  payload=82B
[02:45:54]   [android-replay-fresh] <- authored  payload=0B
[02:45:54]   replaying the captured old-session records into the live fresh session
[02:45:54]   [swift-replay-fresh] -> inject  payload=40B
[02:45:54]   [swift-replay-fresh] -> inject  payload=205B
[02:45:54]   [swift-replay-fresh] -> inject  payload=82B
[02:45:54]   [swift-replay-fresh] -> inject  payload=157B
[02:45:54]   [swift-replay-fresh] -> inject  payload=157B
[02:45:54]   replayed 5 record(s)
[02:45:54]   [swift-replay-fresh] <- observe  payload=0B
[02:45:54]   [swift-replay-fresh] <- observe  payload=0B
[02:45:54]   [swift-replay-fresh] <- observe  payload=0B
[02:45:54]   [swift-replay-fresh] <- observe  payload=0B
[02:45:54]   [swift-replay-fresh] <- observe  payload=0B
[02:45:54]   [android-replay-fresh] -> bye  payload=0B
[02:45:54]   [swift-replay-fresh] -> bye  payload=0B
[02:45:54]   [swift-replay-fresh] <- observe  payload=0B
[02:45:55] *** results ***
[02:45:55]   ios->android   honest      ACCEPTED row=present delivery=DELIVERED refusal=-
[02:45:55]   ios->android   altered     REFUSED  row=absent delivery=None refusal=receive|unauthenticated payload
[02:45:55]   ios->android   mismatched  REFUSED  row=absent delivery=None refusal=hs.read.initiator|hs2 rejected
[02:45:55]   ios->android   replay      REFUSED  row=absent delivery=None refusal=ingest.write|malformed record
[02:45:55]   android->ios   honest      ACCEPTED row=present delivery=DELIVERED refusal=-
[02:45:55]   android->ios   altered     REFUSED  row=absent delivery=None refusal=open.write|unauthenticated payload
[02:45:55]   android->ios   mismatched  REFUSED  row=absent delivery=None refusal=hs.read.initiator|hs2 rejected
[02:45:55]   android->ios   replay      REFUSED  row=absent delivery=None refusal=ingest.write|malformed record
[02:45:55]   transcript framing (first 128 octets): 00 00 00 70 7b 22 63 68 61 72 61 63 74 65 72 69 73 74 69 63 22 3a 22 6c 69 6e 6b 49 6e 66 6f 22 2c 22 65 70 6f 63 68 22 3a 31 2c 22 6b 69 6e 64 22 3a 22 66 72 61 6d 65 22 2c 22 70 6c 61 74 66 6f 72 6d 22 3a 22 69 6f 73 22 2c 22 72 6f 6c 65 22 3a 22 73 65 6e 64 65 72 22 2c 22 76 22 3a 31 2c 22 76 61 72 69 61 6e 74 22 3a 22 68 6f 6e 65 73 74 22 7d 00 00 00 0d 02 00 0b b9 94 73 00 00
[02:45:55]   fixtures persisted under tools/integration-fixtures/20260929T211012Z-8f8795
[02:45:55]     input digest (post) = afb0739f8e3fef34c24788d2c8a7934d947cea990879fcd87b3a638067a6f514 (agrees)
[02:45:55] *** PASS ***
