=== swift build --target GodstoneCoreTests ===
Building for debugging...
[Planning deferred tasks]
[27 / 50]
[28 / 51] GodstoneCore
[41 / 100]
[48 / 100]
[49 / 100]
[54 / 100]
[58 / 100]
[62 / 100]
[64 / 100]
[65 / 100]
[77 / 100] GodstoneCore
[78 / 100] GodstoneCore
[90 / 101] GodstoneCoreTests-product
[106 / 143]
[109 / 143]
[114 / 143]
[116 / 143]
[117 / 143]
[120 / 143]
[121 / 143]
[132 / 143] GodstoneCoreTests-product
[133 / 143] GodstoneCoreTests-product
[137 / 143] GodstoneCoreTests-product
[139 / 143] GodstoneCoreTests-product
Build complete! (7.41 secs)
/private/tmp/board1-rc15-work-final/wt_ARCHIVE-PROV-001/ios/Packages/GodstoneFoundation/Sources/GodstoneCore/ReleaseIntake.swift:58:16: [1;33mwarning: [1;39mstored property 'values' of 'Sendable'-conforming struct 'BundleMetadata' contains non-Sendable type 'Any'; this is an error in the Swift 6 language mode[0;0m
 [0;36m56 |[0;0m 
 [0;36m57 |[0;0m public struct BundleMetadata: Sendable {
 [0;36m58 |[0;0m     public let values: [String: Any]
    [0;36m|[0;0m                `- [1;33mwarning: [1;39mstored property 'values' of 'Sendable'-conforming struct 'BundleMetadata' contains non-Sendable type 'Any'; this is an error in the Swift 6 language mode[0;0m
 [0;36m59 |[0;0m 
 [0;36m60 |[0;0m     public init(values: [String: Any]) { self.values = values }
/private/tmp/board1-rc15-work-final/wt_ARCHIVE-PROV-001/ios/Packages/GodstoneFoundation/Sources/GodstoneCore/ReleaseIntake.swift:58:16: [1;33mwarning: [1;39mstored property 'values' of 'Sendable'-conforming struct 'BundleMetadata' contains non-Sendable type 'Any'; this is an error in the Swift 6 language mode[0;0m
 [0;36m56 |[0;0m 
 [0;36m57 |[0;0m public struct BundleMetadata: Sendable {
 [0;36m58 |[0;0m     public let values: [String: Any]
    [0;36m|[0;0m                `- [1;33mwarning: [1;39mstored property 'values' of 'Sendable'-conforming struct 'BundleMetadata' contains non-Sendable type 'Any'; this is an error in the Swift 6 language mode[0;0m
 [0;36m59 |[0;0m 
 [0;36m60 |[0;0m     public init(values: [String: Any]) { self.values = values }
/private/tmp/board1-rc15-work-final/wt_ARCHIVE-PROV-001/ios/Packages/GodstoneFoundation/Sources/GodstoneCore/ArchiveRepository.swift:217:23: [1;33mwarning: [1;39mresult of call to 'withCString' is unused[0;0m [#]8;;https://docs.swift.org/compiler/documentation/diagnostics/no-usage\NoUsage]8;;\]
[0;36m215 |[0;0m             let bound = Int64(ArchiveSearchQuery.bound(limit))
[0;36m216 |[0;0m             return try run(sql, binds: { stmt in
[0;36m217 |[0;0m                 match.withCString [4;39m{ sqlite3_bind_text(stmt, 1, $0, -1, sqliteTransient) }[0;0m
    [0;36m|[0;0m                       `- [1;33mwarning: [1;39mresult of call to 'withCString' is unused[0;0m [#]8;;https://docs.swift.org/compiler/documentation/diagnostics/no-usage\NoUsage]8;;\]
[0;36m218 |[0;0m                 sqlite3_bind_int64(stmt, 2, bound)
[0;36m219 |[0;0m             }) { stmt in

/private/tmp/board1-rc15-work-final/wt_ARCHIVE-PROV-001/ios/Packages/GodstoneFoundation/Sources/GodstoneCore/ArchiveRepository.swift:234:62: [1;33mwarning: [1;39mleft side of nil coalescing operator '??' has non-optional type 'String', so the right side is never used[0;0m
[0;36m232 |[0;0m     public func versionString() throws -> String {
[0;36m233 |[0;0m         try run("SELECT sqlite_version()") { stmt in columnString(stmt, 0) }
[0;36m234 |[0;0m             .first ?? ([4;39mString(cString: sqlite3_libversion())[0;0m ?? "unknown")
    [0;36m|[0;0m                                                              `- [1;33mwarning: [1;39mleft side of nil coalescing operator '??' has non-optional type 'String', so the right side is never used[0;0m
[0;36m235 |[0;0m     }
[0;36m236 |[0;0m 

/private/tmp/board1-rc15-work-final/wt_ARCHIVE-PROV-001/ios/Packages/GodstoneFoundation/Sources/GodstoneCore/ArchiveRepository.swift:428:68: [1;33mwarning: [1;39mleft side of nil coalescing operator '??' has non-optional type 'String', so the right side is never used[0;0m
[0;36m426 |[0;0m         let flags = SQLITE_OPEN_READONLY | SQLITE_OPEN_FULLMUTEX
[0;36m427 |[0;0m         guard sqlite3_open_v2(path, &db, flags, nil) == SQLITE_OK else {
[0;36m428 |[0;0m             let why = db.map { [4;39mString(cString: sqlite3_errmsg($0))[0;0m ?? "?" } ?? "open refused"
    [0;36m|[0;0m                                                                    `- [1;33mwarning: [1;39mleft side of nil coalescing operator '??' has non-optional type 'String', so the right side is never used[0;0m
[0;36m429 |[0;0m             return refuse(db, .corrupt("the file at \(path) could not be opened read-only: \(why)"))
[0;36m430 |[0;0m         }

/private/tmp/board1-rc15-work-final/wt_ARCHIVE-PROV-001/ios/Packages/GodstoneFoundation/Sources/GodstoneCore/ArchiveRepository.swift:439:67: [1;33mwarning: [1;39mleft side of nil coalescing operator '??' has non-optional type 'String', so the right side is never used[0;0m
[0;36m437 |[0;0m             let rc = sqlite3_exec(handle, pragma, nil, nil, nil)
[0;36m438 |[0;0m             if rc != SQLITE_OK {
[0;36m439 |[0;0m                 let why = [4;39mString(cString: sqlite3_errmsg(handle))[0;0m ?? "rc \(rc)"
    [0;36m|[0;0m                                                                   `- [1;33mwarning: [1;39mleft side of nil coalescing operator '??' has non-optional type 'String', so the right side is never used[0;0m
[0;36m440 |[0;0m                 return refuse(handle, .readFailure("the seal \(pragma) would not seat: \(why)"))
[0;36m441 |[0;0m             }

/private/tmp/board1-rc15-work-final/wt_ARCHIVE-PROV-001/ios/Packages/GodstoneFoundation/Sources/GodstoneCore/ArchiveRepository.swift:483:59: [1;33mwarning: [1;39mleft side of nil coalescing operator '??' has non-optional type 'String', so the right side is never used[0;0m
[0;36m481 |[0;0m             return refuse(handle, .incompatible(ArchiveError.ftsUnavailable(fault).localizedDescription))
[0;36m482 |[0;0m         }
[0;36m483 |[0;0m         let stock = [4;39mString(cString: sqlite3_libversion())[0;0m ?? "unknown"
    [0;36m|[0;0m                                                           `- [1;33mwarning: [1;39mleft side of nil coalescing operator '??' has non-optional type 'String', so the right side is never used[0;0m
[0;36m484 |[0;0m         return (handle, .ready(origin: "file \(path) | sqlite \(stock) | read-only"))
[0;36m485 |[0;0m     }

/private/tmp/board1-rc15-work-final/wt_ARCHIVE-PROV-001/ios/Packages/GodstoneFoundation/Sources/GodstoneCore/ArchiveRepository.swift:497:28: [1;33mwarning: [1;39mresult of call to 'withCString' is unused[0;0m [#]8;;https://docs.swift.org/compiler/documentation/diagnostics/no-usage\NoUsage]8;;\]
[0;36m495 |[0;0m             sqlite3_finalize(stmt); return nil
[0;36m496 |[0;0m         }
[0;36m497 |[0;0m         if let bind { bind.withCString [4;39m{ sqlite3_bind_text(stmt, 1, $0, -1, sqliteTransient) }[0;0m }
    [0;36m|[0;0m                            `- [1;33mwarning: [1;39mresult of call to 'withCString' is unused[0;0m [#]8;;https://docs.swift.org/compiler/documentation/diagnostics/no-usage\NoUsage]8;;\]
[0;36m498 |[0;0m         var out: String?
[0;36m499 |[0;0m         if sqlite3_step(stmt) == SQLITE_ROW, let value = sqlite3_column_text(stmt, 0) {

/private/tmp/board1-rc15-work-final/wt_ARCHIVE-PROV-001/ios/Packages/GodstoneFoundation/Sources/GodstoneCore/ArchiveRepository.swift:525:64: [1;33mwarning: [1;39mleft side of nil coalescing operator '??' has non-optional type 'String', so the right side is never used[0;0m
[0;36m523 |[0;0m         for verse in verses {
[0;36m524 |[0;0m             if sqlite3_exec(mem, verse, nil, nil, nil) != SQLITE_OK {
[0;36m525 |[0;0m                 let why = [4;39mString(cString: sqlite3_errmsg(mem))[0;0m ?? "?"
    [0;36m|[0;0m                                                                `- [1;33mwarning: [1;39mleft side of nil coalescing operator '??' has non-optional type 'String', so the right side is never used[0;0m
[0;36m526 |[0;0m                 return "\(ellipsis(verse)) cried: \(why)"
[0;36m527 |[0;0m             }

/private/tmp/board1-rc15-work-final/wt_ARCHIVE-PROV-001/ios/Packages/GodstoneFoundation/Sources/GodstoneCore/ArchiveRepository.swift:532:60: [1;33mwarning: [1;39mleft side of nil coalescing operator '??' has non-optional type 'String', so the right side is never used[0;0m
[0;36m530 |[0;0m         guard sqlite3_prepare_v2(mem, "SELECT rowid FROM t48_canary WHERE t48_canary MATCH 'generate'",
[0;36m531 |[0;0m                                  -1, &stmt, nil) == SQLITE_OK else {
[0;36m532 |[0;0m             let why = [4;39mString(cString: sqlite3_errmsg(mem))[0;0m ?? "?"
    [0;36m|[0;0m                                                            `- [1;33mwarning: [1;39mleft side of nil coalescing operator '??' has non-optional type 'String', so the right side is never used[0;0m
[0;36m533 |[0;0m             sqlite3_finalize(stmt)
[0;36m534 |[0;0m             return "the stem match would not prepare: \(why)"

/private/tmp/board1-rc15-work-final/wt_ARCHIVE-PROV-001/ios/Packages/GodstoneFoundation/Sources/GodstoneCore/ArchiveRepository.swift:547:55: [1;33mwarning: [1;39mleft side of nil coalescing operator '??' has non-optional type 'String', so the right side is never used[0;0m
[0;36m545 |[0;0m         guard let db else { return "no handle" }
[0;36m546 |[0;0m         let code = sqlite3_errcode(db)
[0;36m547 |[0;0m         let msg = [4;39mString(cString: sqlite3_errmsg(db))[0;0m ?? "?"
    [0;36m|[0;0m                                                       `- [1;33mwarning: [1;39mleft side of nil coalescing operator '??' has non-optional type 'String', so the right side is never used[0;0m
[0;36m548 |[0;0m         return "errno \(code) errmsg \(msg)"
[0;36m549 |[0;0m     }

[#NoUsage]: <https://docs.swift.org/compiler/documentation/diagnostics/no-usage>
/private/tmp/board1-rc15-work-final/wt_ARCHIVE-PROV-001/ios/Packages/GodstoneFoundation/Tests/GodstoneCoreTests/ReadinessT48Tests.swift:134:69: [1;33mwarning: [1;39mmain actor-isolated static property 'tierName' can not be referenced from a nonisolated context; this is an error in the Swift 6 language mode[0;0m
 [0;36m23 |[0;0m @MainActor
 [0;36m24 |[0;0m final class ReadinessT48Tests: XCTestCase {
 [0;36m25 |[0;0m     private static let tierName = Tier.light.archiveDatabaseName   // archive_light.db
    [0;36m|[0;0m                        `- [1;39mnote: [1;39mstatic property declared here[0;0m
 [0;36m26 |[0;0m 
 [0;36m27 |[0;0m     private var fixturesDirectory: URL {
    [0;36m:[0;0m
[0;36m132 |[0;0m     /// Build (or rebuild) the tier's archive under the application-support
[0;36m133 |[0;0m     /// archives directory, where the production resolver looketh.
[0;36m134 |[0;0m     private func makeArchive(named name: String = ReadinessT48Tests.tierName,
    [0;36m|[0;0m                                                                     `- [1;33mwarning: [1;39mmain actor-isolated static property 'tierName' can not be referenced from a nonisolated context; this is an error in the Swift 6 language mode[0;0m
[0;36m135 |[0;0m                               _ shape: (inout FixtureKnobs) -> Void = { _ in }) throws -> URL {
[0;36m136 |[0;0m         var knobs = FixtureKnobs()

/private/tmp/board1-rc15-work-final/wt_ARCHIVE-PROV-001/ios/Packages/GodstoneFoundation/Tests/GodstoneCoreTests/ReadinessT50Tests.swift:238:69: [1;33mwarning: [1;39mmain actor-isolated static property 'tierName' can not be referenced from a nonisolated context; this is an error in the Swift 6 language mode[0;0m
 [0;36m128 |[0;0m @MainActor
 [0;36m129 |[0;0m final class ReadinessT50Tests: XCTestCase {
 [0;36m130 |[0;0m     private static let tierName = Tier.light.archiveDatabaseName   // archive_light.db
     [0;36m|[0;0m                        `- [1;39mnote: [1;39mstatic property declared here[0;0m
 [0;36m131 |[0;0m 
 [0;36m132 |[0;0m     private enum TestError: Error { case fixtureNotFound(String), noSupportDirectory }
     [0;36m:[0;0m
 [0;36m236 |[0;0m 
 [0;36m237 |[0;0m     /// Build (or rebuild) the tier's archive under the resolver's eye.
 [0;36m238 |[0;0m     private func makeArchive(named name: String = ReadinessT50Tests.tierName,
     [0;36m|[0;0m                                                                     `- [1;33mwarning: [1;39mmain actor-isolated static property 'tierName' can not be referenced from a nonisolated context; this is an error in the Swift 6 language mode[0;0m
 [0;36m239 |[0;0m                              _ shape: (inout FixtureKnobs) -> Void = { _ in }) throws -> URL {
 [0;36m240 |[0;0m         var knobs = FixtureKnobs()
/private/tmp/board1-rc15-work-final/wt_ARCHIVE-PROV-001/ios/Packages/GodstoneFoundation/Tests/GodstoneCoreTests/GsFinal007SearchReturnTests.swift:47:18: [1;33mwarning: [1;39minstance method 'lock' is unavailable from asynchronous contexts; Use async-safe scoped locking instead; this is an error in the Swift 6 language mode[0;0m
 [0;36m45 |[0;0m         switch request {
 [0;36m46 |[0;0m         case .browse:
 [0;36m47 |[0;0m             lock.lock(); browseCalls += 1; lock.unlock()
    [0;36m|[0;0m                  `- [1;33mwarning: [1;39minstance method 'lock' is unavailable from asynchronous contexts; Use async-safe scoped locking instead; this is an error in the Swift 6 language mode[0;0m
 [0;36m48 |[0;0m             return .documents(browseRows ?? [document])
 [0;36m49 |[0;0m         case .search(let phrase):

/Applications/Xcode.app/Contents/Developer/Platforms/MacOSX.platform/Developer/SDKs/MacOSX27.0.sdk/System/Library/Frameworks/Foundation.framework/Headers/NSLock.h:15:1: [1;39mnote: [1;39m'lock()' declared here[0;0m
 [0;36m13 |[0;0m 
 [0;36m14 |[0;0m /// Attempts to acquire a lock, blocking a thread's execution until the lock can be acquired.
 [0;36m15 |[0;0m - (void)lock NS_SWIFT_UNAVAILABLE_FROM_ASYNC("Use async-safe scoped locking instead");
    [0;36m|[0;0m `- [1;39mnote: [1;39m'lock()' declared here[0;0m
 [0;36m16 |[0;0m 
 [0;36m17 |[0;0m /// Relinquishes a previously acquired lock.

/private/tmp/board1-rc15-work-final/wt_ARCHIVE-PROV-001/ios/Packages/GodstoneFoundation/Tests/GodstoneCoreTests/GsFinal007SearchReturnTests.swift:47:49: [1;33mwarning: [1;39minstance method 'unlock' is unavailable from asynchronous contexts; Use async-safe scoped locking instead; this is an error in the Swift 6 language mode[0;0m
 [0;36m45 |[0;0m         switch request {
 [0;36m46 |[0;0m         case .browse:
 [0;36m47 |[0;0m             lock.lock(); browseCalls += 1; lock.unlock()
    [0;36m|[0;0m                                                 `- [1;33mwarning: [1;39minstance method 'unlock' is unavailable from asynchronous contexts; Use async-safe scoped locking instead; this is an error in the Swift 6 language mode[0;0m
 [0;36m48 |[0;0m             return .documents(browseRows ?? [document])
 [0;36m49 |[0;0m         case .search(let phrase):

/Applications/Xcode.app/Contents/Developer/Platforms/MacOSX.platform/Developer/SDKs/MacOSX27.0.sdk/System/Library/Frameworks/Foundation.framework/Headers/NSLock.h:18:1: [1;39mnote: [1;39m'unlock()' declared here[0;0m
 [0;36m16 |[0;0m 
 [0;36m17 |[0;0m /// Relinquishes a previously acquired lock.
 [0;36m18 |[0;0m - (void)unlock NS_SWIFT_UNAVAILABLE_FROM_ASYNC("Use async-safe scoped locking instead");
    [0;36m|[0;0m `- [1;39mnote: [1;39m'unlock()' declared here[0;0m
 [0;36m19 |[0;0m 
 [0;36m20 |[0;0m @end

/private/tmp/board1-rc15-work-final/wt_ARCHIVE-PROV-001/ios/Packages/GodstoneFoundation/Tests/GodstoneCoreTests/GsFinal007SearchReturnTests.swift:50:18: [1;33mwarning: [1;39minstance method 'lock' is unavailable from asynchronous contexts; Use async-safe scoped locking instead; this is an error in the Swift 6 language mode[0;0m
 [0;36m48 |[0;0m             return .documents(browseRows ?? [document])
 [0;36m49 |[0;0m         case .search(let phrase):
 [0;36m50 |[0;0m             lock.lock()
    [0;36m|[0;0m                  `- [1;33mwarning: [1;39minstance method 'lock' is unavailable from asynchronous contexts; Use async-safe scoped locking instead; this is an error in the Swift 6 language mode[0;0m
 [0;36m51 |[0;0m             searched.append(phrase)
 [0;36m52 |[0;0m             let answer = searchAnswers.isEmpty ? hitsForSearch : searchAnswers.removeFirst()

/Applications/Xcode.app/Contents/Developer/Platforms/MacOSX.platform/Developer/SDKs/MacOSX27.0.sdk/System/Library/Frameworks/Foundation.framework/Headers/NSLock.h:15:1: [1;39mnote: [1;39m'lock()' declared here[0;0m
 [0;36m13 |[0;0m 
 [0;36m14 |[0;0m /// Attempts to acquire a lock, blocking a thread's execution until the lock can be acquired.
 [0;36m15 |[0;0m - (void)lock NS_SWIFT_UNAVAILABLE_FROM_ASYNC("Use async-safe scoped locking instead");
    [0;36m|[0;0m `- [1;39mnote: [1;39m'lock()' declared here[0;0m
 [0;36m16 |[0;0m 
 [0;36m17 |[0;0m /// Relinquishes a previously acquired lock.

/private/tmp/board1-rc15-work-final/wt_ARCHIVE-PROV-001/ios/Packages/GodstoneFoundation/Tests/GodstoneCoreTests/GsFinal007SearchReturnTests.swift:53:18: [1;33mwarning: [1;39minstance method 'unlock' is unavailable from asynchronous contexts; Use async-safe scoped locking instead; this is an error in the Swift 6 language mode[0;0m
 [0;36m51 |[0;0m             searched.append(phrase)
 [0;36m52 |[0;0m             let answer = searchAnswers.isEmpty ? hitsForSearch : searchAnswers.removeFirst()
 [0;36m53 |[0;0m             lock.unlock()
    [0;36m|[0;0m                  `- [1;33mwarning: [1;39minstance method 'unlock' is unavailable from asynchronous contexts; Use async-safe scoped locking instead; this is an error in the Swift 6 language mode[0;0m
 [0;36m54 |[0;0m             return .passages(answer)
 [0;36m55 |[0;0m         case .document:

/Applications/Xcode.app/Contents/Developer/Platforms/MacOSX.platform/Developer/SDKs/MacOSX27.0.sdk/System/Library/Frameworks/Foundation.framework/Headers/NSLock.h:18:1: [1;39mnote: [1;39m'unlock()' declared here[0;0m
 [0;36m16 |[0;0m 
 [0;36m17 |[0;0m /// Relinquishes a previously acquired lock.
 [0;36m18 |[0;0m - (void)unlock NS_SWIFT_UNAVAILABLE_FROM_ASYNC("Use async-safe scoped locking instead");
    [0;36m|[0;0m `- [1;39mnote: [1;39m'unlock()' declared here[0;0m
 [0;36m19 |[0;0m 
 [0;36m20 |[0;0m @end
/private/tmp/board1-rc15-work-final/wt_ARCHIVE-PROV-001/ios/Packages/GodstoneFoundation/Tests/GodstoneCoreTests/ReadinessT51Tests.swift:171:57: [1;33mwarning: [1;39mleft side of nil coalescing operator '??' has non-optional type 'String', so the right side is never used[0;0m
[0;36m169 |[0;0m             let rc = sqlite3_exec(db, statement, nil, nil, &err)
[0;36m170 |[0;0m             if rc != SQLITE_OK {
[0;36m171 |[0;0m                 let why = err.map { [4;39mString(cString: $0)[0;0m ?? "?" } ?? "rc \(rc)"
    [0;36m|[0;0m                                                         `- [1;33mwarning: [1;39mleft side of nil coalescing operator '??' has non-optional type 'String', so the right side is never used[0;0m
[0;36m172 |[0;0m                 if let e = err { sqlite3_free(e) }
[0;36m173 |[0;0m                 XCTFail("plant DDL from \(origin) cried on \"\(String(statement.prefix(72)))…\": \(why)")

/private/tmp/board1-rc15-work-final/wt_ARCHIVE-PROV-001/ios/Packages/GodstoneFoundation/Tests/GodstoneCoreTests/ReadinessT51Tests.swift:203:57: [1;33mwarning: [1;39mleft side of nil coalescing operator '??' has non-optional type 'String', so the right side is never used[0;0m
[0;36m201 |[0;0m             let prc = sqlite3_exec(db, sql, nil, nil, &err)
[0;36m202 |[0;0m             if prc != SQLITE_OK {
[0;36m203 |[0;0m                 let why = err.map { [4;39mString(cString: $0)[0;0m ?? "?" } ?? "rc \(prc)"
    [0;36m|[0;0m                                                         `- [1;33mwarning: [1;39mleft side of nil coalescing operator '??' has non-optional type 'String', so the right side is never used[0;0m
[0;36m204 |[0;0m                 if let e = err { sqlite3_free(e) }
[0;36m205 |[0;0m                 XCTFail("plant insert cried: \(why) on \(String(sql.prefix(72)))…")
/private/tmp/board1-rc15-work-final/wt_ARCHIVE-PROV-001/ios/Packages/GodstoneFoundation/Tests/GodstoneCoreTests/OracleSupersessionAndBudgetTests.swift:178:18: [1;33mwarning: [1;39minstance method 'lock' is unavailable from asynchronous contexts; Use async-safe scoped locking instead; this is an error in the Swift 6 language mode[0;0m
[0;36m176 |[0;0m 
[0;36m177 |[0;0m         func retrieve(question: String) async -> RetrievalResult {
[0;36m178 |[0;0m             lock.lock(); _retrieveCount += 1; lock.unlock()
    [0;36m|[0;0m                  `- [1;33mwarning: [1;39minstance method 'lock' is unavailable from asynchronous contexts; Use async-safe scoped locking instead; this is an error in the Swift 6 language mode[0;0m
[0;36m179 |[0;0m             await waitAtGate()
[0;36m180 |[0;0m             return retrievalResult

/Applications/Xcode.app/Contents/Developer/Platforms/MacOSX.platform/Developer/SDKs/MacOSX27.0.sdk/System/Library/Frameworks/Foundation.framework/Headers/NSLock.h:15:1: [1;39mnote: [1;39m'lock()' declared here[0;0m
 [0;36m13 |[0;0m 
 [0;36m14 |[0;0m /// Attempts to acquire a lock, blocking a thread's execution until the lock can be acquired.
 [0;36m15 |[0;0m - (void)lock NS_SWIFT_UNAVAILABLE_FROM_ASYNC("Use async-safe scoped locking instead");
    [0;36m|[0;0m `- [1;39mnote: [1;39m'lock()' declared here[0;0m
 [0;36m16 |[0;0m 
 [0;36m17 |[0;0m /// Relinquishes a previously acquired lock.

/private/tmp/board1-rc15-work-final/wt_ARCHIVE-PROV-001/ios/Packages/GodstoneFoundation/Tests/GodstoneCoreTests/OracleSupersessionAndBudgetTests.swift:178:52: [1;33mwarning: [1;39minstance method 'unlock' is unavailable from asynchronous contexts; Use async-safe scoped locking instead; this is an error in the Swift 6 language mode[0;0m
[0;36m176 |[0;0m 
[0;36m177 |[0;0m         func retrieve(question: String) async -> RetrievalResult {
[0;36m178 |[0;0m             lock.lock(); _retrieveCount += 1; lock.unlock()
    [0;36m|[0;0m                                                    `- [1;33mwarning: [1;39minstance method 'unlock' is unavailable from asynchronous contexts; Use async-safe scoped locking instead; this is an error in the Swift 6 language mode[0;0m
[0;36m179 |[0;0m             await waitAtGate()
[0;36m180 |[0;0m             return retrievalResult

/Applications/Xcode.app/Contents/Developer/Platforms/MacOSX.platform/Developer/SDKs/MacOSX27.0.sdk/System/Library/Frameworks/Foundation.framework/Headers/NSLock.h:18:1: [1;39mnote: [1;39m'unlock()' declared here[0;0m
 [0;36m16 |[0;0m 
 [0;36m17 |[0;0m /// Relinquishes a previously acquired lock.
 [0;36m18 |[0;0m - (void)unlock NS_SWIFT_UNAVAILABLE_FROM_ASYNC("Use async-safe scoped locking instead");
    [0;36m|[0;0m `- [1;39mnote: [1;39m'unlock()' declared here[0;0m
 [0;36m19 |[0;0m 
 [0;36m20 |[0;0m @end

/private/tmp/board1-rc15-work-final/wt_ARCHIVE-PROV-001/ios/Packages/GodstoneFoundation/Tests/GodstoneCoreTests/OracleSupersessionAndBudgetTests.swift:429:14: [1;33mwarning: [1;39mimmutable value 'recorder' was never used; consider replacing with '_' or removing it[0;0m [#]8;;https://docs.swift.org/compiler/documentation/diagnostics/no-usage\NoUsage]8;;\]
[0;36m427 |[0;0m                                     tokens: ["The dose is 50 ml [1]."])
[0;36m428 |[0;0m         let vm = OracleViewModel(pipeline: pipeline)
[0;36m429 |[0;0m         let (recorder, cancellable) = record(vm)
    [0;36m|[0;0m              `- [1;33mwarning: [1;39mimmutable value 'recorder' was never used; consider replacing with '_' or removing it[0;0m [#]8;;https://docs.swift.org/compiler/documentation/diagnostics/no-usage\NoUsage]8;;\]
[0;36m430 |[0;0m         defer { cancellable.cancel() }
[0;36m431 |[0;0m 

/private/tmp/board1-rc15-work-final/wt_ARCHIVE-PROV-001/ios/Packages/GodstoneFoundation/Tests/GodstoneCoreTests/OracleSupersessionAndBudgetTests.swift:514:14: [1;33mwarning: [1;39mimmutable value 'recorder' was never used; consider replacing with '_' or removing it[0;0m [#]8;;https://docs.swift.org/compiler/documentation/diagnostics/no-usage\NoUsage]8;;\]
[0;36m512 |[0;0m                                     tokens: [oversized])
[0;36m513 |[0;0m         let vm = OracleViewModel(pipeline: pipeline, budget: budget)
[0;36m514 |[0;0m         let (recorder, cancellable) = record(vm)
    [0;36m|[0;0m              `- [1;33mwarning: [1;39mimmutable value 'recorder' was never used; consider replacing with '_' or removing it[0;0m [#]8;;https://docs.swift.org/compiler/documentation/diagnostics/no-usage\NoUsage]8;;\]
[0;36m515 |[0;0m         defer { cancellable.cancel() }
[0;36m516 |[0;0m 

/private/tmp/board1-rc15-work-final/wt_ARCHIVE-PROV-001/ios/Packages/GodstoneFoundation/Tests/GodstoneCoreTests/OracleSupersessionAndBudgetTests.swift:533:14: [1;33mwarning: [1;39mimmutable value 'recorder' was never used; consider replacing with '_' or removing it[0;0m [#]8;;https://docs.swift.org/compiler/documentation/diagnostics/no-usage\NoUsage]8;;\]
[0;36m531 |[0;0m                                     tokens: supported.map(String.init), ready: false)
[0;36m532 |[0;0m         let vm = OracleViewModel(pipeline: pipeline)
[0;36m533 |[0;0m         let (recorder, cancellable) = record(vm)
    [0;36m|[0;0m              `- [1;33mwarning: [1;39mimmutable value 'recorder' was never used; consider replacing with '_' or removing it[0;0m [#]8;;https://docs.swift.org/compiler/documentation/diagnostics/no-usage\NoUsage]8;;\]
[0;36m534 |[0;0m         defer { cancellable.cancel() }
[0;36m535 |[0;0m 

[#NoUsage]: <https://docs.swift.org/compiler/documentation/diagnostics/no-usage>
/private/tmp/board1-rc15-work-final/wt_ARCHIVE-PROV-001/ios/Packages/GodstoneFoundation/Tests/GodstoneCoreTests/ReadinessT61Tests.swift:215:9: [1;33mwarning: [1;39mvariable 'given' was never mutated; consider changing to 'let' constant[0;0m [#]8;;https://docs.swift.org/compiler/documentation/diagnostics/variable-never-mutated\VariableNeverMutated]8;;\]
[0;36m213 |[0;0m 
[0;36m214 |[0;0m private func t61Chunked(_ bytes: [UInt8], _ measure: Int, _ burst: Int) -> ModelStaging.T61Chunker {
[0;36m215 |[0;0m     var given = bytes
    [0;36m|[0;0m         `- [1;33mwarning: [1;39mvariable 'given' was never mutated; consider changing to 'let' constant[0;0m [#]8;;https://docs.swift.org/compiler/documentation/diagnostics/variable-never-mutated\VariableNeverMutated]8;;\]
[0;36m216 |[0;0m     var at = 0
[0;36m217 |[0;0m     var words = 0

[#VariableNeverMutated]: <https://docs.swift.org/compiler/documentation/diagnostics/variable-never-mutated>
/private/tmp/board1-rc15-work-final/wt_ARCHIVE-PROV-001/ios/Packages/GodstoneFoundation/Tests/GodstoneCoreTests/ReadinessT48Tests.swift:134:69: [1;33mwarning: [1;39mmain actor-isolated static property 'tierName' can not be referenced from a nonisolated context; this is an error in the Swift 6 language mode[0;0m
 [0;36m23 |[0;0m @MainActor
 [0;36m24 |[0;0m final class ReadinessT48Tests: XCTestCase {
 [0;36m25 |[0;0m     private static let tierName = Tier.light.archiveDatabaseName   // archive_light.db
    [0;36m|[0;0m                        `- [1;39mnote: [1;39mstatic property declared here[0;0m
 [0;36m26 |[0;0m 
 [0;36m27 |[0;0m     private var fixturesDirectory: URL {
    [0;36m:[0;0m
[0;36m132 |[0;0m     /// Build (or rebuild) the tier's archive under the application-support
[0;36m133 |[0;0m     /// archives directory, where the production resolver looketh.
[0;36m134 |[0;0m     private func makeArchive(named name: String = ReadinessT48Tests.tierName,
    [0;36m|[0;0m                                                                     `- [1;33mwarning: [1;39mmain actor-isolated static property 'tierName' can not be referenced from a nonisolated context; this is an error in the Swift 6 language mode[0;0m
[0;36m135 |[0;0m                               _ shape: (inout FixtureKnobs) -> Void = { _ in }) throws -> URL {
[0;36m136 |[0;0m         var knobs = FixtureKnobs()

/private/tmp/board1-rc15-work-final/wt_ARCHIVE-PROV-001/ios/Packages/GodstoneFoundation/Tests/GodstoneCoreTests/ReadinessT48Tests.swift:112:57: [1;33mwarning: [1;39mleft side of nil coalescing operator '??' has non-optional type 'String', so the right side is never used[0;0m
[0;36m110 |[0;0m             let rc = sqlite3_exec(db, statement, nil, nil, &err)
[0;36m111 |[0;0m             if rc != SQLITE_OK {
[0;36m112 |[0;0m                 let why = err.map { [4;39mString(cString: $0)[0;0m ?? "?" } ?? "rc \(rc)"
    [0;36m|[0;0m                                                         `- [1;33mwarning: [1;39mleft side of nil coalescing operator '??' has non-optional type 'String', so the right side is never used[0;0m
[0;36m113 |[0;0m                 if let e = err { sqlite3_free(e) }
[0;36m114 |[0;0m                 XCTFail("fixture DDL from \(origin) cried on \"\(String(statement.prefix(72)))…\": \(why)")

/private/tmp/board1-rc15-work-final/wt_ARCHIVE-PROV-001/ios/Packages/GodstoneFoundation/Tests/GodstoneCoreTests/ReadinessT48Tests.swift:233:53: [1;33mwarning: [1;39mleft side of nil coalescing operator '??' has non-optional type 'String', so the right side is never used[0;0m
[0;36m231 |[0;0m         let rc = sqlite3_exec(db, sql, nil, nil, &err)
[0;36m232 |[0;0m         if rc != SQLITE_OK {
[0;36m233 |[0;0m             let why = err.map { [4;39mString(cString: $0)[0;0m ?? "?" } ?? "rc \(rc)"
    [0;36m|[0;0m                                                     `- [1;33mwarning: [1;39mleft side of nil coalescing operator '??' has non-optional type 'String', so the right side is never used[0;0m
[0;36m234 |[0;0m             if let e = err { sqlite3_free(e) }
[0;36m235 |[0;0m             XCTFail("fixture insert cried: \(why) on \(String(sql.prefix(72)))…")
/private/tmp/board1-rc15-work-final/wt_ARCHIVE-PROV-001/ios/Packages/GodstoneFoundation/Tests/GodstoneCoreTests/ReadinessT50Tests.swift:238:69: [1;33mwarning: [1;39mmain actor-isolated static property 'tierName' can not be referenced from a nonisolated context; this is an error in the Swift 6 language mode[0;0m
 [0;36m128 |[0;0m @MainActor
 [0;36m129 |[0;0m final class ReadinessT50Tests: XCTestCase {
 [0;36m130 |[0;0m     private static let tierName = Tier.light.archiveDatabaseName   // archive_light.db
     [0;36m|[0;0m                        `- [1;39mnote: [1;39mstatic property declared here[0;0m
 [0;36m131 |[0;0m 
 [0;36m132 |[0;0m     private enum TestError: Error { case fixtureNotFound(String), noSupportDirectory }
     [0;36m:[0;0m
 [0;36m236 |[0;0m 
 [0;36m237 |[0;0m     /// Build (or rebuild) the tier's archive under the resolver's eye.
 [0;36m238 |[0;0m     private func makeArchive(named name: String = ReadinessT50Tests.tierName,
     [0;36m|[0;0m                                                                     `- [1;33mwarning: [1;39mmain actor-isolated static property 'tierName' can not be referenced from a nonisolated context; this is an error in the Swift 6 language mode[0;0m
 [0;36m239 |[0;0m                              _ shape: (inout FixtureKnobs) -> Void = { _ in }) throws -> URL {
 [0;36m240 |[0;0m         var knobs = FixtureKnobs()

/private/tmp/board1-rc15-work-final/wt_ARCHIVE-PROV-001/ios/Packages/GodstoneFoundation/Tests/GodstoneCoreTests/ReadinessT50Tests.swift:83:18: [1;33mwarning: [1;39minstance method 'lock' is unavailable from asynchronous contexts; Use async-safe scoped locking instead; this is an error in the Swift 6 language mode[0;0m
  [0;36m81 |[0;0m         switch request {
  [0;36m82 |[0;0m         case .browse:
  [0;36m83 |[0;0m             lock.lock(); listCalls += 1; let injected = listFault; lock.unlock()
     [0;36m|[0;0m                  `- [1;33mwarning: [1;39minstance method 'lock' is unavailable from asynchronous contexts; Use async-safe scoped locking instead; this is an error in the Swift 6 language mode[0;0m
  [0;36m84 |[0;0m             if let injected { throw injected }
  [0;36m85 |[0;0m             if failList { throw ArchiveError.queryFailed("no such table: documents") }

/Applications/Xcode.app/Contents/Developer/Platforms/MacOSX.platform/Developer/SDKs/MacOSX27.0.sdk/System/Library/Frameworks/Foundation.framework/Headers/NSLock.h:15:1: [1;39mnote: [1;39m'lock()' declared here[0;0m
 [0;36m13 |[0;0m 
 [0;36m14 |[0;0m /// Attempts to acquire a lock, blocking a thread's execution until the lock can be acquired.
 [0;36m15 |[0;0m - (void)lock NS_SWIFT_UNAVAILABLE_FROM_ASYNC("Use async-safe scoped locking instead");
    [0;36m|[0;0m `- [1;39mnote: [1;39m'lock()' declared here[0;0m
 [0;36m16 |[0;0m 
 [0;36m17 |[0;0m /// Relinquishes a previously acquired lock.

/private/tmp/board1-rc15-work-final/wt_ARCHIVE-PROV-001/ios/Packages/GodstoneFoundation/Tests/GodstoneCoreTests/ReadinessT50Tests.swift:83:73: [1;33mwarning: [1;39minstance method 'unlock' is unavailable from asynchronous contexts; Use async-safe scoped locking instead; this is an error in the Swift 6 language mode[0;0m
  [0;36m81 |[0;0m         switch request {
  [0;36m82 |[0;0m         case .browse:
  [0;36m83 |[0;0m             lock.lock(); listCalls += 1; let injected = listFault; lock.unlock()
     [0;36m|[0;0m                                                                         `- [1;33mwarning: [1;39minstance method 'unlock' is unavailable from asynchronous contexts; Use async-safe scoped locking instead; this is an error in the Swift 6 language mode[0;0m
  [0;36m84 |[0;0m             if let injected { throw injected }
  [0;36m85 |[0;0m             if failList { throw ArchiveError.queryFailed("no such table: documents") }

/Applications/Xcode.app/Contents/Developer/Platforms/MacOSX.platform/Developer/SDKs/MacOSX27.0.sdk/System/Library/Frameworks/Foundation.framework/Headers/NSLock.h:18:1: [1;39mnote: [1;39m'unlock()' declared here[0;0m
 [0;36m16 |[0;0m 
 [0;36m17 |[0;0m /// Relinquishes a previously acquired lock.
 [0;36m18 |[0;0m - (void)unlock NS_SWIFT_UNAVAILABLE_FROM_ASYNC("Use async-safe scoped locking instead");
    [0;36m|[0;0m `- [1;39mnote: [1;39m'unlock()' declared here[0;0m
 [0;36m19 |[0;0m 
 [0;36m20 |[0;0m @end

/private/tmp/board1-rc15-work-final/wt_ARCHIVE-PROV-001/ios/Packages/GodstoneFoundation/Tests/GodstoneCoreTests/ReadinessT50Tests.swift:88:18: [1;33mwarning: [1;39minstance method 'lock' is unavailable from asynchronous contexts; Use async-safe scoped locking instead; this is an error in the Swift 6 language mode[0;0m
  [0;36m86 |[0;0m             return .documents([guide])
  [0;36m87 |[0;0m         case .search(let phrase):
  [0;36m88 |[0;0m             lock.lock(); searchCalls += 1; searched.append(phrase); lock.unlock()
     [0;36m|[0;0m                  `- [1;33mwarning: [1;39minstance method 'lock' is unavailable from asynchronous contexts; Use async-safe scoped locking instead; this is an error in the Swift 6 language mode[0;0m
  [0;36m89 |[0;0m             if isPaused(phrase) {
  [0;36m90 |[0;0m                 return try await withCheckedThrowingContinuation { (k: CheckedContinuation<ArchivePage, Error>) in

/Applications/Xcode.app/Contents/Developer/Platforms/MacOSX.platform/Developer/SDKs/MacOSX27.0.sdk/System/Library/Frameworks/Foundation.framework/Headers/NSLock.h:15:1: [1;39mnote: [1;39m'lock()' declared here[0;0m
 [0;36m13 |[0;0m 
 [0;36m14 |[0;0m /// Attempts to acquire a lock, blocking a thread's execution until the lock can be acquired.
 [0;36m15 |[0;0m - (void)lock NS_SWIFT_UNAVAILABLE_FROM_ASYNC("Use async-safe scoped locking instead");
    [0;36m|[0;0m `- [1;39mnote: [1;39m'lock()' declared here[0;0m
 [0;36m16 |[0;0m 
 [0;36m17 |[0;0m /// Relinquishes a previously acquired lock.

/private/tmp/board1-rc15-work-final/wt_ARCHIVE-PROV-001/ios/Packages/GodstoneFoundation/Tests/GodstoneCoreTests/ReadinessT50Tests.swift:88:74: [1;33mwarning: [1;39minstance method 'unlock' is unavailable from asynchronous contexts; Use async-safe scoped locking instead; this is an error in the Swift 6 language mode[0;0m
  [0;36m86 |[0;0m             return .documents([guide])
  [0;36m87 |[0;0m         case .search(let phrase):
  [0;36m88 |[0;0m             lock.lock(); searchCalls += 1; searched.append(phrase); lock.unlock()
     [0;36m|[0;0m                                                                          `- [1;33mwarning: [1;39minstance method 'unlock' is unavailable from asynchronous contexts; Use async-safe scoped locking instead; this is an error in the Swift 6 language mode[0;0m
  [0;36m89 |[0;0m             if isPaused(phrase) {
  [0;36m90 |[0;0m                 return try await withCheckedThrowingContinuation { (k: CheckedContinuation<ArchivePage, Error>) in

/Applications/Xcode.app/Contents/Developer/Platforms/MacOSX.platform/Developer/SDKs/MacOSX27.0.sdk/System/Library/Frameworks/Foundation.framework/Headers/NSLock.h:18:1: [1;39mnote: [1;39m'unlock()' declared here[0;0m
 [0;36m16 |[0;0m 
 [0;36m17 |[0;0m /// Relinquishes a previously acquired lock.
 [0;36m18 |[0;0m - (void)unlock NS_SWIFT_UNAVAILABLE_FROM_ASYNC("Use async-safe scoped locking instead");
    [0;36m|[0;0m `- [1;39mnote: [1;39m'unlock()' declared here[0;0m
 [0;36m19 |[0;0m 
 [0;36m20 |[0;0m @end

/private/tmp/board1-rc15-work-final/wt_ARCHIVE-PROV-001/ios/Packages/GodstoneFoundation/Tests/GodstoneCoreTests/ReadinessT50Tests.swift:102:18: [1;33mwarning: [1;39minstance method 'lock' is unavailable from asynchronous contexts; Use async-safe scoped locking instead; this is an error in the Swift 6 language mode[0;0m
 [0;36m100 |[0;0m             return .passages(searchBlock?(phrase) ?? [first])
 [0;36m101 |[0;0m         case .document(let id):
 [0;36m102 |[0;0m             lock.lock(); passageCalls += 1; lock.unlock()
     [0;36m|[0;0m                  `- [1;33mwarning: [1;39minstance method 'lock' is unavailable from asynchronous contexts; Use async-safe scoped locking instead; this is an error in the Swift 6 language mode[0;0m
 [0;36m103 |[0;0m             if failPassages { throw ArchiveError.queryFailed("prepare: no such column: c.text") }
 [0;36m104 |[0;0m             if id != 7 { return .passages([]) }

/Applications/Xcode.app/Contents/Developer/Platforms/MacOSX.platform/Developer/SDKs/MacOSX27.0.sdk/System/Library/Frameworks/Foundation.framework/Headers/NSLock.h:15:1: [1;39mnote: [1;39m'lock()' declared here[0;0m
 [0;36m13 |[0;0m 
 [0;36m14 |[0;0m /// Attempts to acquire a lock, blocking a thread's execution until the lock can be acquired.
 [0;36m15 |[0;0m - (void)lock NS_SWIFT_UNAVAILABLE_FROM_ASYNC("Use async-safe scoped locking instead");
    [0;36m|[0;0m `- [1;39mnote: [1;39m'lock()' declared here[0;0m
 [0;36m16 |[0;0m 
 [0;36m17 |[0;0m /// Relinquishes a previously acquired lock.

/private/tmp/board1-rc15-work-final/wt_ARCHIVE-PROV-001/ios/Packages/GodstoneFoundation/Tests/GodstoneCoreTests/ReadinessT50Tests.swift:102:50: [1;33mwarning: [1;39minstance method 'unlock' is unavailable from asynchronous contexts; Use async-safe scoped locking instead; this is an error in the Swift 6 language mode[0;0m
 [0;36m100 |[0;0m             return .passages(searchBlock?(phrase) ?? [first])
 [0;36m101 |[0;0m         case .document(let id):
 [0;36m102 |[0;0m             lock.lock(); passageCalls += 1; lock.unlock()
     [0;36m|[0;0m                                                  `- [1;33mwarning: [1;39minstance method 'unlock' is unavailable from asynchronous contexts; Use async-safe scoped locking instead; this is an error in the Swift 6 language mode[0;0m
 [0;36m103 |[0;0m             if failPassages { throw ArchiveError.queryFailed("prepare: no such column: c.text") }
 [0;36m104 |[0;0m             if id != 7 { return .passages([]) }

/Applications/Xcode.app/Contents/Developer/Platforms/MacOSX.platform/Developer/SDKs/MacOSX27.0.sdk/System/Library/Frameworks/Foundation.framework/Headers/NSLock.h:18:1: [1;39mnote: [1;39m'unlock()' declared here[0;0m
 [0;36m16 |[0;0m 
 [0;36m17 |[0;0m /// Relinquishes a previously acquired lock.
 [0;36m18 |[0;0m - (void)unlock NS_SWIFT_UNAVAILABLE_FROM_ASYNC("Use async-safe scoped locking instead");
    [0;36m|[0;0m `- [1;39mnote: [1;39m'unlock()' declared here[0;0m
 [0;36m19 |[0;0m 
 [0;36m20 |[0;0m @end

/private/tmp/board1-rc15-work-final/wt_ARCHIVE-PROV-001/ios/Packages/GodstoneFoundation/Tests/GodstoneCoreTests/ReadinessT50Tests.swift:214:57: [1;33mwarning: [1;39mleft side of nil coalescing operator '??' has non-optional type 'String', so the right side is never used[0;0m
 [0;36m212 |[0;0m             let rc = sqlite3_exec(db, statement, nil, nil, &err)
 [0;36m213 |[0;0m             if rc != SQLITE_OK {
 [0;36m214 |[0;0m                 let why = err.map { [4;39mString(cString: $0)[0;0m ?? "?" } ?? "rc \(rc)"
     [0;36m|[0;0m                                                         `- [1;33mwarning: [1;39mleft side of nil coalescing operator '??' has non-optional type 'String', so the right side is never used[0;0m
 [0;36m215 |[0;0m                 if let e = err { sqlite3_free(e) }
 [0;36m216 |[0;0m                 XCTFail("fixture DDL from \(origin) cried on \"\(String(statement.prefix(72)))…\": \(why)")

/private/tmp/board1-rc15-work-final/wt_ARCHIVE-PROV-001/ios/Packages/GodstoneFoundation/Tests/GodstoneCoreTests/ReadinessT50Tests.swift:226:53: [1;33mwarning: [1;39mleft side of nil coalescing operator '??' has non-optional type 'String', so the right side is never used[0;0m
 [0;36m224 |[0;0m         let rc = sqlite3_exec(db, sql, nil, nil, &err)
 [0;36m225 |[0;0m         if rc != SQLITE_OK {
 [0;36m226 |[0;0m             let why = err.map { [4;39mString(cString: $0)[0;0m ?? "?" } ?? "rc \(rc)"
     [0;36m|[0;0m                                                     `- [1;33mwarning: [1;39mleft side of nil coalescing operator '??' has non-optional type 'String', so the right side is never used[0;0m
 [0;36m227 |[0;0m             if let e = err { sqlite3_free(e) }
 [0;36m228 |[0;0m             XCTFail("fixture insert cried: \(why) on \(String(sql.prefix(72)))…")

/private/tmp/board1-rc15-work-final/wt_ARCHIVE-PROV-001/ios/Packages/GodstoneFoundation/Tests/GodstoneCoreTests/ReadinessT50Tests.swift:593:32: [1;33mwarning: [1;39mimmutable value 'model' was never used; consider replacing with '_' or removing it[0;0m [#]8;;https://docs.swift.org/compiler/documentation/diagnostics/no-usage\NoUsage]8;;\]
 [0;36m591 |[0;0m     func testTheRealRoadProjectethProvenanceFromTheFrozenColumns() async throws {
 [0;36m592 |[0;0m         _ = try makeArchive()
 [0;36m593 |[0;0m         let (archive, library, model, scene) = composeTrio()
     [0;36m|[0;0m                                `- [1;33mwarning: [1;39mimmutable value 'model' was never used; consider replacing with '_' or removing it[0;0m [#]8;;https://docs.swift.org/compiler/documentation/diagnostics/no-usage\NoUsage]8;;\]
 [0;36m594 |[0;0m         await scene.loadDocuments()
 [0;36m595 |[0;0m         await seat(scene)

/private/tmp/board1-rc15-work-final/wt_ARCHIVE-PROV-001/ios/Packages/GodstoneFoundation/Tests/GodstoneCoreTests/ReadinessT50Tests.swift:616:34: [1;33mwarning: [1;39mimmutable value 'model2' was never used; consider replacing with '_' or removing it[0;0m [#]8;;https://docs.swift.org/compiler/documentation/diagnostics/no-usage\NoUsage]8;;\]
 [0;36m614 |[0;0m         // tell Unavailable, and the scene must refuse the empty masquerade
 [0;36m615 |[0;0m         _ = try makeArchive { $0.poisonBodyPages = true }
 [0;36m616 |[0;0m         let (archive2, library2, model2, scene2) = composeTrio()
     [0;36m|[0;0m                                  `- [1;33mwarning: [1;39mimmutable value 'model2' was never used; consider replacing with '_' or removing it[0;0m [#]8;;https://docs.swift.org/compiler/documentation/diagnostics/no-usage\NoUsage]8;;\]
 [0;36m617 |[0;0m         await scene2.loadDocuments()
 [0;36m618 |[0;0m         await seat(scene2)

/private/tmp/board1-rc15-work-final/wt_ARCHIVE-PROV-001/ios/Packages/GodstoneFoundation/Tests/GodstoneCoreTests/ReadinessT50Tests.swift:767:23: [1;33mwarning: [1;39mimmutable value 'library' was never used; consider replacing with '_' or removing it[0;0m [#]8;;https://docs.swift.org/compiler/documentation/diagnostics/no-usage\NoUsage]8;;\]
 [0;36m765 |[0;0m     func testW20TheVisiblePassageIsNotedAndAnAnchorForAnotherDocumentIsRefused() async throws {
 [0;36m766 |[0;0m         _ = try makeArchive()
 [0;36m767 |[0;0m         let (archive, library, _, scene) = composeTrio()
     [0;36m|[0;0m                       `- [1;33mwarning: [1;39mimmutable value 'library' was never used; consider replacing with '_' or removing it[0;0m [#]8;;https://docs.swift.org/compiler/documentation/diagnostics/no-usage\NoUsage]8;;\]
 [0;36m768 |[0;0m         defer { archive.close() }
 [0;36m769 |[0;0m         await scene.loadDocuments()

/private/tmp/board1-rc15-work-final/wt_ARCHIVE-PROV-001/ios/Packages/GodstoneFoundation/Tests/GodstoneCoreTests/ReadinessT50Tests.swift:786:9: [1;33mwarning: [1;39mno 'async' operations occur within 'await' expression[0;0m [#]8;;https://docs.swift.org/compiler/documentation/diagnostics/unnecessary-effect-marker\UnnecessaryEffectMarker]8;;\]
 [0;36m784 |[0;0m         // (2) *** THE DISCRIMINATOR: AN ANCHOR NOTED WHILE NO DOCUMENT STANDS IS REFUSED, because an anchor for
 [0;36m785 |[0;0m         // another document would place the reader at whatever passage happeneth to carrieth that identity. ***
 [0;36m786 |[0;0m         await scene.backToDocuments()
     [0;36m|[0;0m         `- [1;33mwarning: [1;39mno 'async' operations occur within 'await' expression[0;0m [#]8;;https://docs.swift.org/compiler/documentation/diagnostics/unnecessary-effect-marker\UnnecessaryEffectMarker]8;;\]
 [0;36m787 |[0;0m         await seat(scene)
 [0;36m788 |[0;0m         let before = scene.scrollAnchor?.passageId

/private/tmp/board1-rc15-work-final/wt_ARCHIVE-PROV-001/ios/Packages/GodstoneFoundation/Tests/GodstoneCoreTests/ReadinessT50Tests.swift:905:23: [1;33mwarning: [1;39mimmutable value 'library' was never used; consider replacing with '_' or removing it[0;0m [#]8;;https://docs.swift.org/compiler/documentation/diagnostics/no-usage\NoUsage]8;;\]
 [0;36m903 |[0;0m     func testW16TheSceneRecordSurvivethARealPersistenceRoundTrip() async throws {
 [0;36m904 |[0;0m         _ = try makeArchive()
 [0;36m905 |[0;0m         let (archive, library, _, scene) = composeTrio()
     [0;36m|[0;0m                       `- [1;33mwarning: [1;39mimmutable value 'library' was never used; consider replacing with '_' or removing it[0;0m [#]8;;https://docs.swift.org/compiler/documentation/diagnostics/no-usage\NoUsage]8;;\]
 [0;36m906 |[0;0m         defer { archive.close() }
 [0;36m907 |[0;0m         await scene.loadDocuments()

/private/tmp/board1-rc15-work-final/wt_ARCHIVE-PROV-001/ios/Packages/GodstoneFoundation/Tests/GodstoneCoreTests/ReadinessT50Tests.swift:94:17: [1;33mwarning: [1;39mcode after 'return' will never be executed[0;0m
  [0;36m92 |[0;0m                 }
  [0;36m93 |[0;0m                 // resumed by the court; the halt-and-catch below is the elder's fate
  [0;36m94 |[0;0m                 if failSearch {
     [0;36m|[0;0m                 `- [1;33mwarning: [1;39mcode after 'return' will never be executed[0;0m
  [0;36m95 |[0;0m                     throw ArchiveError.queryFailed(
  [0;36m96 |[0;0m                         "SELECT private FROM tables WHERE hidden = 1: prepare 'x' returned 8")

[#NoUsage]: <https://docs.swift.org/compiler/documentation/diagnostics/no-usage>
[#UnnecessaryEffectMarker]: <https://docs.swift.org/compiler/documentation/diagnostics/unnecessary-effect-marker>

Test Suite 'Selected tests' started at 2026-10-03 20:51:57.335.
Test Suite 'GodstoneCoreTests.xctest' started at 2026-10-03 20:51:57.344.
Test Suite 'ReadinessT50Tests' started at 2026-10-03 20:51:57.344.
Test Case '-[GodstoneCoreTests.ReadinessT50Tests testAGenuineAbsenceLeavethTheDocumentReadableWithNoBannerAndNoRetry]' started.
Test Case '-[GodstoneCoreTests.ReadinessT50Tests testAGenuineAbsenceLeavethTheDocumentReadableWithNoBannerAndNoRetry]' passed (0.001 seconds).
Test Case '-[GodstoneCoreTests.ReadinessT50Tests testAnObsoleteFailureCannotOverwriteNewerResults]' started.
Test Case '-[GodstoneCoreTests.ReadinessT50Tests testAnObsoleteFailureCannotOverwriteNewerResults]' passed (0.006 seconds).
Test Case '-[GodstoneCoreTests.ReadinessT50Tests testDismissalStrikethOutTheInFlightPetition]' started.
Test Case '-[GodstoneCoreTests.ReadinessT50Tests testDismissalStrikethOutTheInFlightPetition]' passed (0.005 seconds).
Test Case '-[GodstoneCoreTests.ReadinessT50Tests testEditingTheFieldNeverReladlethSubmittedResults]' started.
Test Case '-[GodstoneCoreTests.ReadinessT50Tests testEditingTheFieldNeverReladlethSubmittedResults]' passed (0.000 seconds).
Test Case '-[GodstoneCoreTests.ReadinessT50Tests testInitialBrowseRestethReadyAndTheTrioStandeth]' started.
Test Case '-[GodstoneCoreTests.ReadinessT50Tests testInitialBrowseRestethReadyAndTheTrioStandeth]' passed (0.013 seconds).
Test Case '-[GodstoneCoreTests.ReadinessT50Tests testProcessRecreationRestorethTheSameJourney]' started.
Test Case '-[GodstoneCoreTests.ReadinessT50Tests testProcessRecreationRestorethTheSameJourney]' passed (0.000 seconds).
Test Case '-[GodstoneCoreTests.ReadinessT50Tests testRestoreIntoAnOpenDocumentCarriethTheSearchIdentityIntoTheReturnRoad]' started.
Test Case '-[GodstoneCoreTests.ReadinessT50Tests testRestoreIntoAnOpenDocumentCarriethTheSearchIdentityIntoTheReturnRoad]' passed (0.000 seconds).
Test Case '-[GodstoneCoreTests.ReadinessT50Tests testRetryIsEarnedOnlyWhereTheRoadMayMend]' started.
Test Case '-[GodstoneCoreTests.ReadinessT50Tests testRetryIsEarnedOnlyWhereTheRoadMayMend]' passed (0.005 seconds).
Test Case '-[GodstoneCoreTests.ReadinessT50Tests testSearchOpensTheWholeDocumentAndBackRestorethTheScene]' started.
Test Case '-[GodstoneCoreTests.ReadinessT50Tests testSearchOpensTheWholeDocumentAndBackRestorethTheScene]' passed (0.000 seconds).
Test Case '-[GodstoneCoreTests.ReadinessT50Tests testTheBannerCarriethNoSQLWhispers]' started.
Test Case '-[GodstoneCoreTests.ReadinessT50Tests testTheBannerCarriethNoSQLWhispers]' passed (0.005 seconds).
Test Case '-[GodstoneCoreTests.ReadinessT50Tests testTheBlankPetitionIsAReturnAndTheFieldIsBounded]' started.
Test Case '-[GodstoneCoreTests.ReadinessT50Tests testTheBlankPetitionIsAReturnAndTheFieldIsBounded]' passed (0.000 seconds).
Test Case '-[GodstoneCoreTests.ReadinessT50Tests testTheClosedCandidateAnswerethTheMetadataProbeWithTypedNoHandle]' started.
Test Case '-[GodstoneCoreTests.ReadinessT50Tests testTheClosedCandidateAnswerethTheMetadataProbeWithTypedNoHandle]' passed (0.008 seconds).
Test Case '-[GodstoneCoreTests.ReadinessT50Tests testTheGateBeforeTheRoadStoppetheTheSupersededPetition]' started.
Test Case '-[GodstoneCoreTests.ReadinessT50Tests testTheGateBeforeTheRoadStoppetheTheSupersededPetition]' passed (0.001 seconds).
Test Case '-[GodstoneCoreTests.ReadinessT50Tests testTheHonestEmptyAndTheAbsentAreTalesToldApart]' started.
Test Case '-[GodstoneCoreTests.ReadinessT50Tests testTheHonestEmptyAndTheAbsentAreTalesToldApart]' passed (0.009 seconds).
Test Case '-[GodstoneCoreTests.ReadinessT50Tests testTheMetadataTaxonomyTravellethUntouchedAndTheUntouchableIsNotOfferedAKnock]' started.
Test Case '-[GodstoneCoreTests.ReadinessT50Tests testTheMetadataTaxonomyTravellethUntouchedAndTheUntouchableIsNotOfferedAKnock]' passed (0.013 seconds).
Test Case '-[GodstoneCoreTests.ReadinessT50Tests testTheRealMetadataFaultIsToldAsTypedWoeAndNeverAsAbsence]' started.
Test Case '-[GodstoneCoreTests.ReadinessT50Tests testTheRealMetadataFaultIsToldAsTypedWoeAndNeverAsAbsence]' passed (0.009 seconds).
Test Case '-[GodstoneCoreTests.ReadinessT50Tests testTheRealRoadProjectethProvenanceFromTheFrozenColumns]' started.
Test Case '-[GodstoneCoreTests.ReadinessT50Tests testTheRealRoadProjectethProvenanceFromTheFrozenColumns]' passed (0.023 seconds).
Test Case '-[GodstoneCoreTests.ReadinessT50Tests testTheSameRoadTellethAbsenceAndFaultApartAtOneProbe]' started.
Test Case '-[GodstoneCoreTests.ReadinessT50Tests testTheSameRoadTellethAbsenceAndFaultApartAtOneProbe]' passed (0.000 seconds).
Test Case '-[GodstoneCoreTests.ReadinessT50Tests testTheScenePresentethTheMetadataWoeAndTheRetryBringethTheProjectionBack]' started.
Test Case '-[GodstoneCoreTests.ReadinessT50Tests testTheScenePresentethTheMetadataWoeAndTheRetryBringethTheProjectionBack]' passed (0.000 seconds).
Test Case '-[GodstoneCoreTests.ReadinessT50Tests testTheScrollAnchorIsNoteAndRemembered]' started.
Test Case '-[GodstoneCoreTests.ReadinessT50Tests testTheScrollAnchorIsNoteAndRemembered]' passed (0.000 seconds).
Test Case '-[GodstoneCoreTests.ReadinessT50Tests testTheSealedFakesCompileWithTheAvailabilityDefault]' started.
Test Case '-[GodstoneCoreTests.ReadinessT50Tests testTheSealedFakesCompileWithTheAvailabilityDefault]' passed (0.000 seconds).
Test Case '-[GodstoneCoreTests.ReadinessT50Tests testTypedPhasesReportThemselvesAtTheScene]' started.
Test Case '-[GodstoneCoreTests.ReadinessT50Tests testTypedPhasesReportThemselvesAtTheScene]' passed (0.005 seconds).
Test Case '-[GodstoneCoreTests.ReadinessT50Tests testW15TheLibrariesProvenanceProbeAnswerethTheDocumentsOwnMetadata]' started.
Test Case '-[GodstoneCoreTests.ReadinessT50Tests testW15TheLibrariesProvenanceProbeAnswerethTheDocumentsOwnMetadata]' passed (0.007 seconds).
Test Case '-[GodstoneCoreTests.ReadinessT50Tests testW16TheSceneRecordSurvivethARealPersistenceRoundTrip]' started.
Test Case '-[GodstoneCoreTests.ReadinessT50Tests testW16TheSceneRecordSurvivethARealPersistenceRoundTrip]' passed (0.008 seconds).
Test Case '-[GodstoneCoreTests.ReadinessT50Tests testW17TheSceneRecordHathAProductionCallerAndRestorationPrecedethTheFirstBrowse]' started.
Test Case '-[GodstoneCoreTests.ReadinessT50Tests testW17TheSceneRecordHathAProductionCallerAndRestorationPrecedethTheFirstBrowse]' passed (0.002 seconds).
Test Case '-[GodstoneCoreTests.ReadinessT50Tests testW18TheNavigationPathIsBoundAndDriven]' started.
Test Case '-[GodstoneCoreTests.ReadinessT50Tests testW18TheNavigationPathIsBoundAndDriven]' passed (0.002 seconds).
Test Case '-[GodstoneCoreTests.ReadinessT50Tests testW19ARestoredDocumentReturnethToTheSearchItWasOpenedFrom]' started.
Test Case '-[GodstoneCoreTests.ReadinessT50Tests testW19ARestoredDocumentReturnethToTheSearchItWasOpenedFrom]' passed (0.007 seconds).
Test Case '-[GodstoneCoreTests.ReadinessT50Tests testW20TheVisiblePassageIsNotedAndAnAnchorForAnotherDocumentIsRefused]' started.
Test Case '-[GodstoneCoreTests.ReadinessT50Tests testW20TheVisiblePassageIsNotedAndAnAnchorForAnotherDocumentIsRefused]' passed (0.007 seconds).
Test Suite 'ReadinessT50Tests' passed at 2026-10-03 20:51:57.482.
	 Executed 28 tests, with 0 failures (0 unexpected) in 0.137 (0.138) seconds
Test Suite 'GodstoneCoreTests.xctest' passed at 2026-10-03 20:51:57.482.
	 Executed 28 tests, with 0 failures (0 unexpected) in 0.137 (0.138) seconds
Test Suite 'Selected tests' passed at 2026-10-03 20:51:57.482.
	 Executed 28 tests, with 0 failures (0 unexpected) in 0.137 (0.147) seconds
