test_w09b_the_measured_and_unmeasured_sets_are_typed_and_carried (test_t72.T72FaultsTest.test_w09b_the_measured_and_unmeasured_sets_are_typed_and_carried)
*** THE 11-NAMES/7-MEASURED GAP, TYPED RATHER THAN NARRATED, AND CARRIED ON THE RESULT. *** ... FAIL

======================================================================
FAIL: test_w09b_the_measured_and_unmeasured_sets_are_typed_and_carried (test_t72.T72FaultsTest.test_w09b_the_measured_and_unmeasured_sets_are_typed_and_carried)
*** THE 11-NAMES/7-MEASURED GAP, TYPED RATHER THAN NARRATED, AND CARRIED ON THE RESULT. ***
----------------------------------------------------------------------
Traceback (most recent call last):
  File "/private/tmp/godstone-board1-rc15-full-c5a565fc/wt_SH-R06-python-the-unmeasured-invariant-set-is-silently-empty/tools/readiness/tests/test_t72.py", line 266, in test_w09b_the_measured_and_unmeasured_sets_are_typed_and_carried
    self.assertEqual(result.unmeasured_invariants, Invariant.UNMEASURED)
    ~~~~~~~~~~~~~~~~^^^^^^^^^^^^^^^^^^^^^^^^^^^^^^^^^^^^^^^^^^^^^^^^^^^^
AssertionError: Tuples differ: () != ('no_leaked_reservations', 'no_leaked_inve[52 chars]ers')

Second tuple contains 4 additional elements.
First extra element 0:
'no_leaked_reservations'

- ()
+ ('no_leaked_reservations',
+  'no_leaked_inventory_leases',
+  'pending_ack_work',
+  'no_leaked_observers')

----------------------------------------------------------------------
Ran 1 test in 0.010s

FAILED (failures=1)
