
14 tests completed, 1 failed

FAILURE: Build failed with an exception.

* What went wrong:
Execution failed for task ':mesh:testDebugUnitTest'.
> There were failing tests. See the report at: file:///private/tmp/godstone-board1-rc15-full-4f84d0b6/wt_T72-RC42-android-completed-wipe-collapsed-into-first-launch/android/mesh/build/reports/tests/testDebugUnitTest/index.html

* Try:
> Run with --scan to get full insights.

BUILD FAILED in 31s

TEST-SUITE TEST-io.godstone.mesh.di.GsFinal003PrePrivateRecoveryGraphTest.xml tests=14 skipped=0 failures=1 errors=0
TEST-CASE PASS theBarrierAndTheAdmissionGateReadOneDecisionOnEveryRung
TEST-CASE PASS anUnreadableDurableRecordIsCorruptAndRefusedOnBothRoads
TEST-CASE PASS aPublishedNameReachesTheTerminalRung
TEST-CASE PASS everyPersistedRungConvergesWithZeroPrivateConstruction
TEST-CASE PASS onlyASettledEstateMintsAndItIsCheckedAgainstTheEvidence
TEST-CASE PASS thePermitDoorTakesOnlyNonConstructibleEvidence
TEST-CASE PASS aCorruptRecordIsOperatorResolvedAndTheAppThenStartsHonestly
TEST-CASE PASS aPermitIsWithheldWhenTheDurableEstateMoved
TEST-CASE PASS theProductionIdentitySeamReportsFailureAsTheTypedNegativeChannel
TEST-CASE PASS theConstructionCounterMovesOnThePermittedRoadAndNotOnARefusingOne
TEST-CASE PASS theRawOwnerConstructorConsumesTheAuthorityAtItsOwnBoundary
TEST-CASE PASS anAbsentRecordIsACleanStartAndPermitsOnBothRoads
TEST-CASE PASS aFailedPublicationKeepsTheWipePending
TEST-CASE FAIL aWipeThatRanToItsEndReadsAsWipeCompleted
