
14 tests completed, 2 failed

FAILURE: Build failed with an exception.

* What went wrong:
Execution failed for task ':mesh:testDebugUnitTest'.
> There were failing tests. See the report at: file:///private/tmp/board1-campaign-rc15-work2/wt_T72-RC37-android-startup-decision-ignores-readability/android/mesh/build/reports/tests/testDebugUnitTest/index.html

* Try:
> Run with --scan to get full insights.

BUILD FAILED in 16s

TEST-SUITE TEST-io.godstone.mesh.di.GsFinal003PrePrivateRecoveryGraphTest.xml tests=14 skipped=0 failures=2 errors=0
TEST-CASE PASS theBarrierAndTheAdmissionGateReadOneDecisionOnEveryRung
TEST-CASE PASS aPublishedNameReachesTheTerminalRung
TEST-CASE PASS everyPersistedRungConvergesWithZeroPrivateConstruction
TEST-CASE PASS onlyASettledEstateMintsAndItIsCheckedAgainstTheEvidence
TEST-CASE PASS thePermitDoorTakesOnlyNonConstructibleEvidence
TEST-CASE PASS aPermitIsWithheldWhenTheDurableEstateMoved
TEST-CASE PASS theProductionIdentitySeamReportsFailureAsTheTypedNegativeChannel
TEST-CASE PASS theConstructionCounterMovesOnThePermittedRoadAndNotOnARefusingOne
TEST-CASE PASS theRawOwnerConstructorConsumesTheAuthorityAtItsOwnBoundary
TEST-CASE PASS anAbsentRecordIsACleanStartAndPermitsOnBothRoads
TEST-CASE PASS aWipeThatRanToItsEndReadsAsWipeCompleted
TEST-CASE PASS aFailedPublicationKeepsTheWipePending
TEST-CASE FAIL anUnreadableDurableRecordIsCorruptAndRefusedOnBothRoads
TEST-CASE FAIL aCorruptRecordIsOperatorResolvedAndTheAppThenStartsHonestly
