FREEZE: board1-court-rc -> 4f6eb833458ba21be9f4b85bc5c21f57464d475c (tree 7a7d7eda8675520daa8747c0a792c913b4330c96) bound to run 1 attempt 1 7/7 jobs success
  attestation written to /var/folders/bg/pd6rztd92f73y6f73sbxdkdc0000gn/T/tmpgua6ex3n/repo/docs/remediation/evidence/FREEZE_ATTESTATION_rc15.json
  auditor block stays NULL: the terminal builder verdict is READY_FOR_EXTERNAL_REAUDIT, NEVER VERIFIED_FIXED
FREEZE: board1-court-rc -> 4f6eb833458ba21be9f4b85bc5c21f57464d475c (tree 7a7d7eda8675520daa8747c0a792c913b4330c96) bound to run 1 attempt 1 7/7 jobs success
  attestation written to /var/folders/bg/pd6rztd92f73y6f73sbxdkdc0000gn/T/tmpgua6ex3n/repo/docs/remediation/evidence/FREEZE_ATTESTATION_rc15.json
  auditor block stays NULL: the terminal builder verdict is READY_FOR_EXTERNAL_REAUDIT, NEVER VERIFIED_FIXED
/var/folders/bg/pd6rztd92f73y6f73sbxdkdc0000gn/T/tmpgua6ex3n/repo/ci/mutations.py:111: ResourceWarning: unclosed file <_io.BufferedReader name='/var/folders/bg/pd6rztd92f73y6f73sbxdkdc0000gn/T/tmpgua6ex3n/repo/ci/mutations.py'>
  return hashlib.sha256(open(path, "rb").read()).hexdigest()
ResourceWarning: Enable tracemalloc to get the object allocation traceback
/var/folders/bg/pd6rztd92f73y6f73sbxdkdc0000gn/T/tmpgua6ex3n/repo/ci/mutations.py:111: ResourceWarning: unclosed file <_io.BufferedReader name='/var/folders/bg/pd6rztd92f73y6f73sbxdkdc0000gn/T/tmpgua6ex3n/repo/ci/mutations.py'>
  return hashlib.sha256(open(path, "rb").read()).hexdigest()
ResourceWarning: Enable tracemalloc to get the object allocation traceback
/var/folders/bg/pd6rztd92f73y6f73sbxdkdc0000gn/T/tmpgua6ex3n/repo/ci/mutations.py:111: ResourceWarning: unclosed file <_io.BufferedReader name='/var/folders/bg/pd6rztd92f73y6f73sbxdkdc0000gn/T/tmpgua6ex3n/repo/ci/mutations.py'>
  return hashlib.sha256(open(path, "rb").read()).hexdigest()
ResourceWarning: Enable tracemalloc to get the object allocation traceback
test_a_manifest_bound_to_another_candidate_is_refused_by_the_freeze (test_board1_gate_manifest.AttestationBindingTests.test_a_manifest_bound_to_another_candidate_is_refused_by_the_freeze)
*** A FREEZE MAY NOT BIND A MANIFEST WHOSE CANDIDATE IS NOT THE TAG'S OWN PEEL. *** ... /var/folders/bg/pd6rztd92f73y6f73sbxdkdc0000gn/T/tmpgua6ex3n/repo/ci/mutations.py:111: ResourceWarning: unclosed file <_io.BufferedReader name='/var/folders/bg/pd6rztd92f73y6f73sbxdkdc0000gn/T/tmpgua6ex3n/repo/ci/mutations.py'>
  return hashlib.sha256(open(path, "rb").read()).hexdigest()
ResourceWarning: Enable tracemalloc to get the object allocation traceback
/var/folders/bg/pd6rztd92f73y6f73sbxdkdc0000gn/T/tmpgua6ex3n/repo/ci/mutations.py:111: ResourceWarning: unclosed file <_io.BufferedReader name='/var/folders/bg/pd6rztd92f73y6f73sbxdkdc0000gn/T/tmpgua6ex3n/repo/ci/mutations.py'>
  return hashlib.sha256(open(path, "rb").read()).hexdigest()
ResourceWarning: Enable tracemalloc to get the object allocation traceback
/var/folders/bg/pd6rztd92f73y6f73sbxdkdc0000gn/T/tmpgua6ex3n/repo/ci/mutations.py:111: ResourceWarning: unclosed file <_io.BufferedReader name='/var/folders/bg/pd6rztd92f73y6f73sbxdkdc0000gn/T/tmpgua6ex3n/repo/ci/mutations.py'>
  return hashlib.sha256(open(path, "rb").read()).hexdigest()
ResourceWarning: Enable tracemalloc to get the object allocation traceback
FAIL

======================================================================
FAIL: test_a_manifest_bound_to_another_candidate_is_refused_by_the_freeze (test_board1_gate_manifest.AttestationBindingTests.test_a_manifest_bound_to_another_candidate_is_refused_by_the_freeze)
*** A FREEZE MAY NOT BIND A MANIFEST WHOSE CANDIDATE IS NOT THE TAG'S OWN PEEL. ***
----------------------------------------------------------------------
Traceback (most recent call last):
  File "/private/tmp/godstone-board1-rc15-full-c5a565fc/wt_T86-B1M17-foreign-candidate-manifest-is-bound/tools/readiness/tests/test_board1_gate_manifest.py", line 752, in test_a_manifest_bound_to_another_candidate_is_refused_by_the_freeze
    self.assertNotEqual(rc, 0,
    ~~~~~~~~~~~~~~~~~~~^^^^^^^
                        "a tag that peels to another commit than the manifest's stated sha must be refused")
                        ^^^^^^^^^^^^^^^^^^^^^^^^^^^^^^^^^^^^^^^^^^^^^^^^^^^^^^^^^^^^^^^^^^^^^^^^^^^^^^^^^^^^
AssertionError: 0 == 0 : a tag that peels to another commit than the manifest's stated sha must be refused

----------------------------------------------------------------------
Ran 1 test in 4.893s

FAILED (failures=1)
