FREEZE: board1-court-rc -> 2a4108735712491e0a25404f54ee4c8cf14922b7 (tree c223af0668d1ab5b57a16e5b76e374395e2806e6) bound to run 1 attempt 1 7/7 jobs success
  attestation written to /var/folders/bg/pd6rztd92f73y6f73sbxdkdc0000gn/T/tmpnm1836_v/repo/docs/remediation/evidence/FREEZE_ATTESTATION_rc15.json
  auditor block stays NULL: the terminal builder verdict is READY_FOR_EXTERNAL_REAUDIT, NEVER VERIFIED_FIXED
/var/folders/bg/pd6rztd92f73y6f73sbxdkdc0000gn/T/tmpnm1836_v/repo/ci/mutations.py:111: ResourceWarning: unclosed file <_io.BufferedReader name='/var/folders/bg/pd6rztd92f73y6f73sbxdkdc0000gn/T/tmpnm1836_v/repo/ci/mutations.py'>
  return hashlib.sha256(open(path, "rb").read()).hexdigest()
ResourceWarning: Enable tracemalloc to get the object allocation traceback
/var/folders/bg/pd6rztd92f73y6f73sbxdkdc0000gn/T/tmpnm1836_v/repo/ci/mutations.py:111: ResourceWarning: unclosed file <_io.BufferedReader name='/var/folders/bg/pd6rztd92f73y6f73sbxdkdc0000gn/T/tmpnm1836_v/repo/ci/mutations.py'>
  return hashlib.sha256(open(path, "rb").read()).hexdigest()
ResourceWarning: Enable tracemalloc to get the object allocation traceback
/var/folders/bg/pd6rztd92f73y6f73sbxdkdc0000gn/T/tmpnm1836_v/repo/ci/mutations.py:111: ResourceWarning: unclosed file <_io.BufferedReader name='/var/folders/bg/pd6rztd92f73y6f73sbxdkdc0000gn/T/tmpnm1836_v/repo/ci/mutations.py'>
  return hashlib.sha256(open(path, "rb").read()).hexdigest()
ResourceWarning: Enable tracemalloc to get the object allocation traceback
test_a_manifest_bound_to_another_candidate_is_refused_by_the_freeze (test_board1_gate_manifest.AttestationBindingTests.test_a_manifest_bound_to_another_candidate_is_refused_by_the_freeze)
*** A FREEZE MAY NOT BIND A MANIFEST WHOSE CANDIDATE IS NOT THE TAG'S OWN PEEL. *** ... /var/folders/bg/pd6rztd92f73y6f73sbxdkdc0000gn/T/tmpnm1836_v/repo/ci/mutations.py:111: ResourceWarning: unclosed file <_io.BufferedReader name='/var/folders/bg/pd6rztd92f73y6f73sbxdkdc0000gn/T/tmpnm1836_v/repo/ci/mutations.py'>
  return hashlib.sha256(open(path, "rb").read()).hexdigest()
ResourceWarning: Enable tracemalloc to get the object allocation traceback
/var/folders/bg/pd6rztd92f73y6f73sbxdkdc0000gn/T/tmpnm1836_v/repo/ci/mutations.py:111: ResourceWarning: unclosed file <_io.BufferedReader name='/var/folders/bg/pd6rztd92f73y6f73sbxdkdc0000gn/T/tmpnm1836_v/repo/ci/mutations.py'>
  return hashlib.sha256(open(path, "rb").read()).hexdigest()
ResourceWarning: Enable tracemalloc to get the object allocation traceback
/var/folders/bg/pd6rztd92f73y6f73sbxdkdc0000gn/T/tmpnm1836_v/repo/ci/mutations.py:111: ResourceWarning: unclosed file <_io.BufferedReader name='/var/folders/bg/pd6rztd92f73y6f73sbxdkdc0000gn/T/tmpnm1836_v/repo/ci/mutations.py'>
  return hashlib.sha256(open(path, "rb").read()).hexdigest()
ResourceWarning: Enable tracemalloc to get the object allocation traceback
::error::gate manifest: candidate.tag 'board1-court-other' peels to a735e6313b5aeff1c1281b66ad188aebd95d9025 but the manifest stateth sha 2a4108735712491e0a25404f54ee4c8cf14922b7 -- a binding whose two halves disagree
ok

----------------------------------------------------------------------
Ran 1 test in 4.568s

OK
