/var/folders/bg/pd6rztd92f73y6f73sbxdkdc0000gn/T/tmpt6_0amzq/repo/ci/mutations.py:111: ResourceWarning: unclosed file <_io.BufferedReader name='/var/folders/bg/pd6rztd92f73y6f73sbxdkdc0000gn/T/tmpt6_0amzq/repo/ci/mutations.py'>
  return hashlib.sha256(open(path, "rb").read()).hexdigest()
ResourceWarning: Enable tracemalloc to get the object allocation traceback
/var/folders/bg/pd6rztd92f73y6f73sbxdkdc0000gn/T/tmpt6_0amzq/repo/ci/mutations.py:111: ResourceWarning: unclosed file <_io.BufferedReader name='/var/folders/bg/pd6rztd92f73y6f73sbxdkdc0000gn/T/tmpt6_0amzq/repo/ci/mutations.py'>
  return hashlib.sha256(open(path, "rb").read()).hexdigest()
ResourceWarning: Enable tracemalloc to get the object allocation traceback
/var/folders/bg/pd6rztd92f73y6f73sbxdkdc0000gn/T/tmpt6_0amzq/repo/ci/mutations.py:111: ResourceWarning: unclosed file <_io.BufferedReader name='/var/folders/bg/pd6rztd92f73y6f73sbxdkdc0000gn/T/tmpt6_0amzq/repo/ci/mutations.py'>
  return hashlib.sha256(open(path, "rb").read()).hexdigest()
ResourceWarning: Enable tracemalloc to get the object allocation traceback
/var/folders/bg/pd6rztd92f73y6f73sbxdkdc0000gn/T/tmpt6_0amzq/repo/ci/mutations.py:111: ResourceWarning: unclosed file <_io.BufferedReader name='/var/folders/bg/pd6rztd92f73y6f73sbxdkdc0000gn/T/tmpt6_0amzq/repo/ci/mutations.py'>
  return hashlib.sha256(open(path, "rb").read()).hexdigest()
ResourceWarning: Enable tracemalloc to get the object allocation traceback
test_a_dirty_start_or_end_is_refused (test_board1_gate_manifest.ManifestContractTests.test_a_dirty_start_or_end_is_refused)
*** A CLEAN GIT STATUS IS REQUIRED AT BOTH ENDS, AND UNTRACKED PATHS MAKE IT UNCLEAN. *** ... /var/folders/bg/pd6rztd92f73y6f73sbxdkdc0000gn/T/tmpt6_0amzq/repo/ci/mutations.py:111: ResourceWarning: unclosed file <_io.BufferedReader name='/var/folders/bg/pd6rztd92f73y6f73sbxdkdc0000gn/T/tmpt6_0amzq/repo/ci/mutations.py'>
  return hashlib.sha256(open(path, "rb").read()).hexdigest()
ResourceWarning: Enable tracemalloc to get the object allocation traceback
FAIL

======================================================================
FAIL: test_a_dirty_start_or_end_is_refused (test_board1_gate_manifest.ManifestContractTests.test_a_dirty_start_or_end_is_refused)
*** A CLEAN GIT STATUS IS REQUIRED AT BOTH ENDS, AND UNTRACKED PATHS MAKE IT UNCLEAN. ***
----------------------------------------------------------------------
Traceback (most recent call last):
  File "/private/tmp/godstone-board1-rc15-full-4f84d0b6/wt_T86-B1M11-dirty-freeze-tree-is-accepted/tools/readiness/tests/test_board1_gate_manifest.py", line 290, in test_a_dirty_start_or_end_is_refused
    self.assertTrue(self.fx.check(bad),
    ~~~~~~~~~~~~~~~^^^^^^^^^^^^^^^^^^^^
                    f"{label} with ok=False and no itemized path must be refused; the mutant accepts it")
                    ^^^^^^^^^^^^^^^^^^^^^^^^^^^^^^^^^^^^^^^^^^^^^^^^^^^^^^^^^^^^^^^^^^^^^^^^^^^^^^^^^^^^^
AssertionError: [] is not true : clean_start with ok=False and no itemized path must be refused; the mutant accepts it

----------------------------------------------------------------------
Ran 1 test in 4.379s

FAILED (failures=1)
