/var/folders/bg/pd6rztd92f73y6f73sbxdkdc0000gn/T/tmpa4qth8yk/repo/ci/mutations.py:111: ResourceWarning: unclosed file <_io.BufferedReader name='/var/folders/bg/pd6rztd92f73y6f73sbxdkdc0000gn/T/tmpa4qth8yk/repo/ci/mutations.py'>
  return hashlib.sha256(open(path, "rb").read()).hexdigest()
ResourceWarning: Enable tracemalloc to get the object allocation traceback
/var/folders/bg/pd6rztd92f73y6f73sbxdkdc0000gn/T/tmpa4qth8yk/repo/ci/mutations.py:111: ResourceWarning: unclosed file <_io.BufferedReader name='/var/folders/bg/pd6rztd92f73y6f73sbxdkdc0000gn/T/tmpa4qth8yk/repo/ci/mutations.py'>
  return hashlib.sha256(open(path, "rb").read()).hexdigest()
ResourceWarning: Enable tracemalloc to get the object allocation traceback
/var/folders/bg/pd6rztd92f73y6f73sbxdkdc0000gn/T/tmpa4qth8yk/repo/ci/mutations.py:111: ResourceWarning: unclosed file <_io.BufferedReader name='/var/folders/bg/pd6rztd92f73y6f73sbxdkdc0000gn/T/tmpa4qth8yk/repo/ci/mutations.py'>
  return hashlib.sha256(open(path, "rb").read()).hexdigest()
ResourceWarning: Enable tracemalloc to get the object allocation traceback
/var/folders/bg/pd6rztd92f73y6f73sbxdkdc0000gn/T/tmpa4qth8yk/repo/ci/mutations.py:111: ResourceWarning: unclosed file <_io.BufferedReader name='/var/folders/bg/pd6rztd92f73y6f73sbxdkdc0000gn/T/tmpa4qth8yk/repo/ci/mutations.py'>
  return hashlib.sha256(open(path, "rb").read()).hexdigest()
ResourceWarning: Enable tracemalloc to get the object allocation traceback
test_a_manifest_omitting_a_required_gate_is_refused (test_board1_gate_manifest.ManifestContractTests.test_a_manifest_omitting_a_required_gate_is_refused) ... /var/folders/bg/pd6rztd92f73y6f73sbxdkdc0000gn/T/tmpa4qth8yk/repo/ci/mutations.py:111: ResourceWarning: unclosed file <_io.BufferedReader name='/var/folders/bg/pd6rztd92f73y6f73sbxdkdc0000gn/T/tmpa4qth8yk/repo/ci/mutations.py'>
  return hashlib.sha256(open(path, "rb").read()).hexdigest()
ResourceWarning: Enable tracemalloc to get the object allocation traceback
FAIL

======================================================================
FAIL: test_a_manifest_omitting_a_required_gate_is_refused (test_board1_gate_manifest.ManifestContractTests.test_a_manifest_omitting_a_required_gate_is_refused)
----------------------------------------------------------------------
Traceback (most recent call last):
  File "/private/tmp/board1-rc15-work-final/wt_T86-B1M1-manifest-may-omit-a-required-gate/tools/readiness/tests/test_board1_gate_manifest.py", line 209, in test_a_manifest_omitting_a_required_gate_is_refused
    self.assertTrue(any("omits required gate(s): ['lane-results']" in p
    ~~~~~~~~~~~~~~~^^^^^^^^^^^^^^^^^^^^^^^^^^^^^^^^^^^^^^^^^^^^^^^^^^^^
                        for p in self.fx.check(bad)))
                        ^^^^^^^^^^^^^^^^^^^^^^^^^^^^^
AssertionError: False is not true

----------------------------------------------------------------------
Ran 1 test in 3.972s

FAILED (failures=1)
