/var/folders/bg/pd6rztd92f73y6f73sbxdkdc0000gn/T/tmp4ghavcum/repo/ci/mutations.py:111: ResourceWarning: unclosed file <_io.BufferedReader name='/var/folders/bg/pd6rztd92f73y6f73sbxdkdc0000gn/T/tmp4ghavcum/repo/ci/mutations.py'>
  return hashlib.sha256(open(path, "rb").read()).hexdigest()
ResourceWarning: Enable tracemalloc to get the object allocation traceback
/var/folders/bg/pd6rztd92f73y6f73sbxdkdc0000gn/T/tmp4ghavcum/repo/ci/mutations.py:111: ResourceWarning: unclosed file <_io.BufferedReader name='/var/folders/bg/pd6rztd92f73y6f73sbxdkdc0000gn/T/tmp4ghavcum/repo/ci/mutations.py'>
  return hashlib.sha256(open(path, "rb").read()).hexdigest()
ResourceWarning: Enable tracemalloc to get the object allocation traceback
/var/folders/bg/pd6rztd92f73y6f73sbxdkdc0000gn/T/tmp4ghavcum/repo/ci/mutations.py:111: ResourceWarning: unclosed file <_io.BufferedReader name='/var/folders/bg/pd6rztd92f73y6f73sbxdkdc0000gn/T/tmp4ghavcum/repo/ci/mutations.py'>
  return hashlib.sha256(open(path, "rb").read()).hexdigest()
ResourceWarning: Enable tracemalloc to get the object allocation traceback
/var/folders/bg/pd6rztd92f73y6f73sbxdkdc0000gn/T/tmp4ghavcum/repo/ci/mutations.py:111: ResourceWarning: unclosed file <_io.BufferedReader name='/var/folders/bg/pd6rztd92f73y6f73sbxdkdc0000gn/T/tmp4ghavcum/repo/ci/mutations.py'>
  return hashlib.sha256(open(path, "rb").read()).hexdigest()
ResourceWarning: Enable tracemalloc to get the object allocation traceback
test_a_manifest_whose_structured_counts_drift_from_the_ledger_is_refused (test_board1_gate_manifest.ManifestContractTests.test_a_manifest_whose_structured_counts_drift_from_the_ledger_is_refused) ... /var/folders/bg/pd6rztd92f73y6f73sbxdkdc0000gn/T/tmp4ghavcum/repo/ci/mutations.py:111: ResourceWarning: unclosed file <_io.BufferedReader name='/var/folders/bg/pd6rztd92f73y6f73sbxdkdc0000gn/T/tmp4ghavcum/repo/ci/mutations.py'>
  return hashlib.sha256(open(path, "rb").read()).hexdigest()
ResourceWarning: Enable tracemalloc to get the object allocation traceback
FAIL

======================================================================
FAIL: test_a_manifest_whose_structured_counts_drift_from_the_ledger_is_refused (test_board1_gate_manifest.ManifestContractTests.test_a_manifest_whose_structured_counts_drift_from_the_ledger_is_refused)
----------------------------------------------------------------------
Traceback (most recent call last):
  File "/private/tmp/godstone-board1-rc15-full-4f84d0b6/wt_T86-B1M13-closure-counts-may-disagree/tools/readiness/tests/test_board1_gate_manifest.py", line 438, in test_a_manifest_whose_structured_counts_drift_from_the_ledger_is_refused
    self.assertTrue(any("structured counts DISAGREE" in p
    ~~~~~~~~~~~~~~~^^^^^^^^^^^^^^^^^^^^^^^^^^^^^^^^^^^^^^
                        for p in self.fx.check(bad)))
                        ^^^^^^^^^^^^^^^^^^^^^^^^^^^^^
AssertionError: False is not true

----------------------------------------------------------------------
Ran 1 test in 4.312s

FAILED (failures=1)
