/var/folders/bg/pd6rztd92f73y6f73sbxdkdc0000gn/T/tmpl2hfzyku/repo/ci/mutations.py:111: ResourceWarning: unclosed file <_io.BufferedReader name='/var/folders/bg/pd6rztd92f73y6f73sbxdkdc0000gn/T/tmpl2hfzyku/repo/ci/mutations.py'>
  return hashlib.sha256(open(path, "rb").read()).hexdigest()
ResourceWarning: Enable tracemalloc to get the object allocation traceback
/var/folders/bg/pd6rztd92f73y6f73sbxdkdc0000gn/T/tmpl2hfzyku/repo/ci/mutations.py:111: ResourceWarning: unclosed file <_io.BufferedReader name='/var/folders/bg/pd6rztd92f73y6f73sbxdkdc0000gn/T/tmpl2hfzyku/repo/ci/mutations.py'>
  return hashlib.sha256(open(path, "rb").read()).hexdigest()
ResourceWarning: Enable tracemalloc to get the object allocation traceback
/var/folders/bg/pd6rztd92f73y6f73sbxdkdc0000gn/T/tmpl2hfzyku/repo/ci/mutations.py:111: ResourceWarning: unclosed file <_io.BufferedReader name='/var/folders/bg/pd6rztd92f73y6f73sbxdkdc0000gn/T/tmpl2hfzyku/repo/ci/mutations.py'>
  return hashlib.sha256(open(path, "rb").read()).hexdigest()
ResourceWarning: Enable tracemalloc to get the object allocation traceback
/var/folders/bg/pd6rztd92f73y6f73sbxdkdc0000gn/T/tmpl2hfzyku/repo/ci/mutations.py:111: ResourceWarning: unclosed file <_io.BufferedReader name='/var/folders/bg/pd6rztd92f73y6f73sbxdkdc0000gn/T/tmpl2hfzyku/repo/ci/mutations.py'>
  return hashlib.sha256(open(path, "rb").read()).hexdigest()
ResourceWarning: Enable tracemalloc to get the object allocation traceback
test_a_lane_whose_pre_and_post_digests_disagree_is_refused (test_board1_gate_manifest.ManifestContractTests.test_a_lane_whose_pre_and_post_digests_disagree_is_refused)
*** AN INPUT THAT MOVED WHILE THE LANE RAN MAKES ITS ARTIFACTS EVIDENCE ABOUT NO REVISION. *** ... /var/folders/bg/pd6rztd92f73y6f73sbxdkdc0000gn/T/tmpl2hfzyku/repo/ci/mutations.py:111: ResourceWarning: unclosed file <_io.BufferedReader name='/var/folders/bg/pd6rztd92f73y6f73sbxdkdc0000gn/T/tmpl2hfzyku/repo/ci/mutations.py'>
  return hashlib.sha256(open(path, "rb").read()).hexdigest()
ResourceWarning: Enable tracemalloc to get the object allocation traceback
/var/folders/bg/pd6rztd92f73y6f73sbxdkdc0000gn/T/tmpl2hfzyku/repo/ci/mutations.py:111: ResourceWarning: unclosed file <_io.BufferedReader name='/var/folders/bg/pd6rztd92f73y6f73sbxdkdc0000gn/T/tmpl2hfzyku/repo/ci/mutations.py'>
  return hashlib.sha256(open(path, "rb").read()).hexdigest()
ResourceWarning: Enable tracemalloc to get the object allocation traceback
FAIL

======================================================================
FAIL: test_a_lane_whose_pre_and_post_digests_disagree_is_refused (test_board1_gate_manifest.ManifestContractTests.test_a_lane_whose_pre_and_post_digests_disagree_is_refused)
*** AN INPUT THAT MOVED WHILE THE LANE RAN MAKES ITS ARTIFACTS EVIDENCE ABOUT NO REVISION. ***
----------------------------------------------------------------------
Traceback (most recent call last):
  File "/private/tmp/board1-campaign-rc15-work2/wt_T86-B1M9-mid-run-lane-drift-is-ignored/tools/readiness/tests/test_board1_gate_manifest.py", line 368, in test_a_lane_whose_pre_and_post_digests_disagree_is_refused
    self.assertTrue(any("does not match POST-RUN" in p for p in self.fx.check(doc)))
    ~~~~~~~~~~~~~~~^^^^^^^^^^^^^^^^^^^^^^^^^^^^^^^^^^^^^^^^^^^^^^^^^^^^^^^^^^^^^^^^^
AssertionError: False is not true

----------------------------------------------------------------------
Ran 1 test in 4.304s

FAILED (failures=1)
