/var/folders/bg/pd6rztd92f73y6f73sbxdkdc0000gn/T/tmpfo52krzq/repo/ci/mutations.py:111: ResourceWarning: unclosed file <_io.BufferedReader name='/var/folders/bg/pd6rztd92f73y6f73sbxdkdc0000gn/T/tmpfo52krzq/repo/ci/mutations.py'>
  return hashlib.sha256(open(path, "rb").read()).hexdigest()
ResourceWarning: Enable tracemalloc to get the object allocation traceback
/var/folders/bg/pd6rztd92f73y6f73sbxdkdc0000gn/T/tmpfo52krzq/repo/ci/mutations.py:111: ResourceWarning: unclosed file <_io.BufferedReader name='/var/folders/bg/pd6rztd92f73y6f73sbxdkdc0000gn/T/tmpfo52krzq/repo/ci/mutations.py'>
  return hashlib.sha256(open(path, "rb").read()).hexdigest()
ResourceWarning: Enable tracemalloc to get the object allocation traceback
/var/folders/bg/pd6rztd92f73y6f73sbxdkdc0000gn/T/tmpfo52krzq/repo/ci/mutations.py:111: ResourceWarning: unclosed file <_io.BufferedReader name='/var/folders/bg/pd6rztd92f73y6f73sbxdkdc0000gn/T/tmpfo52krzq/repo/ci/mutations.py'>
  return hashlib.sha256(open(path, "rb").read()).hexdigest()
ResourceWarning: Enable tracemalloc to get the object allocation traceback
/var/folders/bg/pd6rztd92f73y6f73sbxdkdc0000gn/T/tmpfo52krzq/repo/ci/mutations.py:111: ResourceWarning: unclosed file <_io.BufferedReader name='/var/folders/bg/pd6rztd92f73y6f73sbxdkdc0000gn/T/tmpfo52krzq/repo/ci/mutations.py'>
  return hashlib.sha256(open(path, "rb").read()).hexdigest()
ResourceWarning: Enable tracemalloc to get the object allocation traceback
test_a_campaign_population_that_disagrees_with_the_ledger_is_refused (test_board1_gate_manifest.ManifestContractTests.test_a_campaign_population_that_disagrees_with_the_ledger_is_refused)
*** THE POPULATION COMES FROM THE LEDGER, NOT FROM THE MANIFEST'S OWN CLAIM. *** ... /var/folders/bg/pd6rztd92f73y6f73sbxdkdc0000gn/T/tmpfo52krzq/repo/ci/mutations.py:111: ResourceWarning: unclosed file <_io.BufferedReader name='/var/folders/bg/pd6rztd92f73y6f73sbxdkdc0000gn/T/tmpfo52krzq/repo/ci/mutations.py'>
  return hashlib.sha256(open(path, "rb").read()).hexdigest()
ResourceWarning: Enable tracemalloc to get the object allocation traceback
ok

----------------------------------------------------------------------
Ran 1 test in 4.288s

OK
