# phase-log: CLOS-STATUS-POPULATION-BLIND.mutant.log
# argv: ["/opt/homebrew/opt/python@3.14/bin/python3.14", "-m", "unittest", "-v", "tools.readiness.tests.test_closure_law_refuses.ReadinessRequiresBothPopulations.test_a_finding_status_open_alone_blocks_readiness", "tools.readiness.tests.test_closure_law_refuses.ReadinessRequiresBothPopulations.test_the_status_population_is_reported_separately"]
# rc: 1
# --- raw stdout ---

# --- raw stderr ---
test_a_finding_status_open_alone_blocks_readiness (tools.readiness.tests.test_closure_law_refuses.ReadinessRequiresBothPopulations.test_a_finding_status_open_alone_blocks_readiness)
*The mutation: every OBLIGATION discharged, but a finding still OPEN. The law must still refuse.* ... FAIL
test_the_status_population_is_reported_separately (tools.readiness.tests.test_closure_law_refuses.ReadinessRequiresBothPopulations.test_the_status_population_is_reported_separately) ... ok

======================================================================
FAIL: test_a_finding_status_open_alone_blocks_readiness (tools.readiness.tests.test_closure_law_refuses.ReadinessRequiresBothPopulations.test_a_finding_status_open_alone_blocks_readiness)
*The mutation: every OBLIGATION discharged, but a finding still OPEN. The law must still refuse.*
----------------------------------------------------------------------
Traceback (most recent call last):
  File "/private/tmp/board1-rc15-preparatory-46903cd0-xke1sctz/closure-worktrees/board1-rc15-closure-strikes.7b5pwquw/wt-clos-status-population-blind/tools/readiness/tests/test_closure_law_refuses.py", line 646, in test_a_finding_status_open_alone_blocks_readiness
    self.assertGreater(c["findings_with_internal_status_open"], 0,
    ~~~~~~~~~~~~~~~~~~^^^^^^^^^^^^^^^^^^^^^^^^^^^^^^^^^^^^^^^^^^^^
                       "... while the STATUS population is not -- which is exactly the gap the law must see")
                       ^^^^^^^^^^^^^^^^^^^^^^^^^^^^^^^^^^^^^^^^^^^^^^^^^^^^^^^^^^^^^^^^^^^^^^^^^^^^^^^^^^^^^^
AssertionError: 0 not greater than 0 : ... while the STATUS population is not -- which is exactly the gap the law must see

----------------------------------------------------------------------
Ran 2 tests in 4.270s

FAILED (failures=1)
