# phase-log: CLOS-DRIFT-BLIND.mutant.log
# argv: ["/opt/homebrew/opt/python@3.14/bin/python3.14", "-m", "unittest", "-v", "tools.readiness.tests.test_closure_law_refuses.PersistedStateAgreesWithDerivation.test_a_stale_count_is_refused", "tools.readiness.tests.test_closure_law_refuses.PersistedStateAgreesWithDerivation.test_the_real_tree_agrees"]
# rc: 1
# --- raw stdout ---

# --- raw stderr ---
test_a_stale_count_is_refused (tools.readiness.tests.test_closure_law_refuses.PersistedStateAgreesWithDerivation.test_a_stale_count_is_refused) ... FAIL
test_the_real_tree_agrees (tools.readiness.tests.test_closure_law_refuses.PersistedStateAgreesWithDerivation.test_the_real_tree_agrees) ... ok

======================================================================
FAIL: test_a_stale_count_is_refused (tools.readiness.tests.test_closure_law_refuses.PersistedStateAgreesWithDerivation.test_a_stale_count_is_refused)
----------------------------------------------------------------------
Traceback (most recent call last):
  File "/private/tmp/board1-rc15-preparatory-46903cd0-xke1sctz/closure-worktrees/board1-rc15-closure-strikes.7b5pwquw/wt-clos-drift-blind/tools/readiness/tests/test_closure_law_refuses.py", line 694, in test_a_stale_count_is_refused
    self._run_check_with_ledger(m, "structured_counts.internal_obligations_open")
    ~~~~~~~~~~~~~~~~~~~~~~~~~~~^^^^^^^^^^^^^^^^^^^^^^^^^^^^^^^^^^^^^^^^^^^^^^^^^^
  File "/private/tmp/board1-rc15-preparatory-46903cd0-xke1sctz/closure-worktrees/board1-rc15-closure-strikes.7b5pwquw/wt-clos-drift-blind/tools/readiness/tests/test_closure_law_refuses.py", line 685, in _run_check_with_ledger
    assert proc.returncode == 1, ("the mutated persisted state must be REFUSED, not the fixture reddened "
           ^^^^^^^^^^^^^^^^^^^^
AssertionError: the mutated persisted state must be REFUSED, not the fixture reddened elsewhere:
  findings total            : 68
  findings INTERNAL OPEN    : 0
  internal obligations OPEN : 0
  external obligations      : 5


----------------------------------------------------------------------
Ran 2 tests in 31.365s

FAILED (failures=1)
