
TEST-SUITE TEST-io.godstone.app.readiness.ReadinessT49Test.xml tests=21 skipped=0 failures=0 errors=0
TEST-CASE PASS testTheRealFrozenRoadCarriethProvenanceAndTellethTruth
TEST-CASE PASS testBlankSearchReturnethToDocumentsAndTheFieldIsBounded
TEST-CASE PASS testAnObsoleteFailureCannotOverwriteNewerResults
TEST-CASE PASS testTheProvenanceFaultComethForthAndTheUncitedRowRestethQuietly
TEST-CASE PASS testSearchOpensTheWholeDocumentAndBackRestorethTheSearch
TEST-CASE PASS testNoMatchesRetainethTheSearchContextAndReturnethToDocuments
TEST-CASE PASS testInitialBrowseLoadsDocumentsAndRestethReady
TEST-CASE PASS testRetryIsEarnedOnlyWhereTheRoadMayMend
TEST-CASE PASS testQueuedSearchCannotOvertakeTheNewerNavigation
TEST-CASE PASS testTheUnavailableArchiveNeverMasqueradethAsAnEmptyOne
TEST-CASE PASS testProcessRecreationRestorethTheSameJourney
TEST-CASE PASS testBackFromTheDocumentRestorethTheSceneUntouched
TEST-CASE PASS testTheProvenanceProjectionCarriethTheFrozenWords
TEST-CASE PASS testAnEmptyHandleIsAFirstRunAndNotARestorationOfNothing
TEST-CASE PASS testProcessRecreationFindethThePlaceInTheSavedStateHandle
TEST-CASE PASS testTheShownTaleIsSanitisedNotTheCausesOwnWords
TEST-CASE PASS testAProcessRecreationRestorethTheReadingAnchorAndHonourethIt
TEST-CASE PASS testAStaleAnchorFallethBackToTheFirstPassageAndIsNotHonoured
TEST-CASE PASS testRefreshArchiveStatusPublishethTheTypedVerdict
TEST-CASE PASS testTheRealMetadataRoadTellethProjectionAbsenceAndFaultApart
TEST-CASE PASS testEditingTheFieldNeverRelabellethSubmittedResults
