Command line invocation:
    /Applications/Xcode.app/Contents/Developer/usr/bin/xcodebuild -project ios/Godstone.xcodeproj -scheme Godstone-Light -configuration LightDebug -destination "platform=iOS Simulator,name=iPhone 17 Pro Max" -resultBundlePath /tmp/rc11-evidence/L1.xcresult CODE_SIGNING_ALLOWED=NO test "-only-testing:GodstoneMeshTests/GsIntegration001ScenarioTests/testARBEstablishesOverOSFacadesOnlyThenDeliversADirectFrameAndTheRecipientAck" "-only-testing:GodstoneMeshTests/GsIntegration001ScenarioTests/testEWipeDuringASuspendedWriteRefusesStorageFailureThenReopens"

Build settings from command line:
    CODE_SIGNING_ALLOWED = NO

Resolve Package Graph


Resolved source packages:
  GodstonePackages: /Users/oculus/Projects/GODSTONE/ios/Godstone

Writing result bundle at path:
	/tmp/rc11-evidence/L1.xcresult

ComputePackagePrebuildTargetDependencyGraph

Prepare packages

CreateBuildRequest

SendProjectDescription

CreateBuildOperation

ComputeTargetDependencyGraph
note: Building targets in dependency order
note: Target dependency graph (6 targets)
    Target 'GodstoneMeshTests' in project 'Godstone'
        ➜ Explicit dependency on target 'GodstoneMesh-product' in project 'GodstonePackages'
        ➜ Explicit dependency on target 'GodstoneCore-product' in project 'GodstonePackages'
    Target 'GodstoneMesh-product' in project 'GodstonePackages'
        ➜ Explicit dependency on target 'GodstoneMesh' in project 'GodstonePackages'
        ➜ Explicit dependency on target 'GodstoneCore' in project 'GodstonePackages'
    Target 'GodstoneMesh' in project 'GodstonePackages'
        ➜ Explicit dependency on target 'GodstoneCore' in project 'GodstonePackages'
    Target 'Godstone' in project 'Godstone'
        ➜ Explicit dependency on target 'GodstoneCore-product' in project 'GodstonePackages'
    Target 'GodstoneCore-product' in project 'GodstonePackages'
        ➜ Explicit dependency on target 'GodstoneCore' in project 'GodstonePackages'
    Target 'GodstoneCore' in project 'GodstonePackages' (no dependencies)

GatherProvisioningInputs

CreateBuildDescription

ClangStatCache /Applications/Xcode.app/Contents/Developer/Toolchains/XcodeDefault.xctoolchain/usr/bin/clang-stat-cache /Applications/Xcode.app/Contents/Developer/Platforms/iPhoneSimulator.platform/Developer/SDKs/iPhoneSimulator27.0.sdk /Users/oculus/Library/Developer/Xcode/DerivedData/SDKStatCaches.noindex/iphonesimulator27.0-24A430-8dc58220667be655e1bcc261a7455254.sdkstatcache
    cd /Users/oculus/Projects/GODSTONE/ios/Godstone.xcodeproj
    /Applications/Xcode.app/Contents/Developer/Toolchains/XcodeDefault.xctoolchain/usr/bin/clang-stat-cache /Applications/Xcode.app/Contents/Developer/Platforms/iPhoneSimulator.platform/Developer/SDKs/iPhoneSimulator27.0.sdk -o /Users/oculus/Library/Developer/Xcode/DerivedData/SDKStatCaches.noindex/iphonesimulator27.0-24A430-8dc58220667be655e1bcc261a7455254.sdkstatcache

SwiftDriver GodstoneMeshTests normal arm64 com.apple.xcode.tools.swift.compiler (in target 'GodstoneMeshTests' from project 'Godstone')
    cd /Users/oculus/Projects/GODSTONE/ios
    builtin-SwiftDriver -- /Applications/Xcode.app/Contents/Developer/Toolchains/XcodeDefault.xctoolchain/usr/bin/swiftc -module-name GodstoneMeshTests -Onone @/Users/oculus/Library/Developer/Xcode/DerivedData/Godstone-bcmxjhbxvzzwftexmsgiyverziqb/Build/Intermediates.noindex/Godstone.build/LightDebug-iphonesimulator/GodstoneMeshTests.build/Objects-normal/arm64/GodstoneMeshTests.SwiftFileList -DDEBUG -plugin-path /Applications/Xcode.app/Contents/Developer/Toolchains/XcodeDefault.xctoolchain/usr/lib/swift/host/plugins/testing -enable-bare-slash-regex -enable-experimental-feature DebugDescriptionMacro -sdk /Applications/Xcode.app/Contents/Developer/Platforms/iPhoneSimulator.platform/Developer/SDKs/iPhoneSimulator27.0.sdk -target arm64-apple-ios16.0-simulator -g -module-cache-path /Users/oculus/Library/Developer/Xcode/DerivedData/ModuleCache.noindex -Xfrontend -serialize-debugging-options -enable-testing -index-store-path /Users/oculus/Library/Developer/Xcode/DerivedData/Godstone-bcmxjhbxvzzwftexmsgiyverziqb/Index.noindex/DataStore -Xcc -D_LIBCPP_HARDENING_MODE\=_LIBCPP_HARDENING_MODE_DEBUG -swift-version 5 -I /Users/oculus/Library/Developer/Xcode/DerivedData/Godstone-bcmxjhbxvzzwftexmsgiyverziqb/Build/Products/LightDebug-iphonesimulator -Isystem /Applications/Xcode.app/Contents/Developer/Platforms/iPhoneSimulator.platform/Developer/usr/lib -F /Users/oculus/Library/Developer/Xcode/DerivedData/Godstone-bcmxjhbxvzzwftexmsgiyverziqb/Build/Products/LightDebug-iphonesimulator/PackageFrameworks -F /Users/oculus/Library/Developer/Xcode/DerivedData/Godstone-bcmxjhbxvzzwftexmsgiyverziqb/Build/Products/LightDebug-iphonesimulator -F /Applications/Xcode.app/Contents/Developer/Platforms/iPhoneSimulator.platform/Developer/Library/Frameworks -F /Applications/Xcode.app/Contents/Developer/Platforms/iPhoneSimulator.platform/Developer/SDKs/iPhoneSimulator27.0.sdk/Developer/Library/Frameworks -c -j10 -enable-batch-mode -incremental -Xcc -ivfsstatcache -Xcc /Users/oculus/Library/Developer/Xcode/DerivedData/SDKStatCaches.noindex/iphonesimulator27.0-24A430-8dc58220667be655e1bcc261a7455254.sdkstatcache -output-file-map /Users/oculus/Library/Developer/Xcode/DerivedData/Godstone-bcmxjhbxvzzwftexmsgiyverziqb/Build/Intermediates.noindex/Godstone.build/LightDebug-iphonesimulator/GodstoneMeshTests.build/Objects-normal/arm64/GodstoneMeshTests-OutputFileMap.json -save-temps -no-color-diagnostics -explicit-module-build -module-cache-path /Users/oculus/Library/Developer/Xcode/DerivedData/Godstone-bcmxjhbxvzzwftexmsgiyverziqb/Build/Intermediates.noindex/SwiftExplicitPrecompiledModules -clang-scanner-module-cache-path /Users/oculus/Library/Developer/Xcode/DerivedData/ModuleCache.noindex -sdk-module-cache-path /Users/oculus/Library/Developer/Xcode/DerivedData/SDKExplicitPrecompiledModules -emit-dependencies -emit-module -emit-module-path /Users/oculus/Library/Developer/Xcode/DerivedData/Godstone-bcmxjhbxvzzwftexmsgiyverziqb/Build/Intermediates.noindex/Godstone.build/LightDebug-iphonesimulator/GodstoneMeshTests.build/Objects-normal/arm64/GodstoneMeshTests.swiftmodule -serialize-diagnostics -dependency-scan-serialize-diagnostics-path /Users/oculus/Library/Developer/Xcode/DerivedData/Godstone-bcmxjhbxvzzwftexmsgiyverziqb/Build/Intermediates.noindex/Godstone.build/LightDebug-iphonesimulator/GodstoneMeshTests.build/Objects-normal/arm64/GodstoneMeshTests-dependency-scan.dia -validate-clang-modules-once -clang-build-session-file /Users/oculus/Library/Developer/Xcode/DerivedData/ModuleCache.noindex/Session.modulevalidation -Xcc -fmodules-prune-interval\=86400 -Xcc -fmodules-prune-after\=345600 -emit-const-values -const-gather-protocols-list /Users/oculus/Library/Developer/Xcode/DerivedData/Godstone-bcmxjhbxvzzwftexmsgiyverziqb/Build/Intermediates.noindex/Godstone.build/LightDebug-iphonesimulator/GodstoneMeshTests.build/Objects-normal/arm64/GodstoneMeshTests_const_extract_protocols.json -Xcc -iquote -Xcc /Users/oculus/Library/Developer/Xcode/DerivedData/Godstone-bcmxjhbxvzzwftexmsgiyverziqb/Build/Intermediates.noindex/Godstone.build/LightDebug-iphonesimulator/GodstoneMeshTests.build/GodstoneMeshTests-generated-files.hmap -Xcc -I/Users/oculus/Library/Developer/Xcode/DerivedData/Godstone-bcmxjhbxvzzwftexmsgiyverziqb/Build/Intermediates.noindex/Godstone.build/LightDebug-iphonesimulator/GodstoneMeshTests.build/GodstoneMeshTests-own-target-headers.hmap -Xcc -I/Users/oculus/Library/Developer/Xcode/DerivedData/Godstone-bcmxjhbxvzzwftexmsgiyverziqb/Build/Intermediates.noindex/Godstone.build/LightDebug-iphonesimulator/GodstoneMeshTests.build/GodstoneMeshTests-all-non-framework-target-headers.hmap -Xcc -ivfsoverlay -Xcc /Users/oculus/Library/Developer/Xcode/DerivedData/Godstone-bcmxjhbxvzzwftexmsgiyverziqb/Build/Intermediates.noindex/Godstone.build/LightDebug-iphonesimulator/Godstone-4fea8a13e8e9aefd7e747d7a3bbbcde9-VFS-iphonesimulator/all-product-headers.yaml -Xcc -iquote -Xcc /Users/oculus/Library/Developer/Xcode/DerivedData/Godstone-bcmxjhbxvzzwftexmsgiyverziqb/Build/Intermediates.noindex/Godstone.build/LightDebug-iphonesimulator/GodstoneMeshTests.build/GodstoneMeshTests-project-headers.hmap -Xcc -I/Users/oculus/Library/Developer/Xcode/DerivedData/Godstone-bcmxjhbxvzzwftexmsgiyverziqb/Build/Products/LightDebug-iphonesimulator/include -Xcc -I/Users/oculus/Library/Developer/Xcode/DerivedData/Godstone-bcmxjhbxvzzwftexmsgiyverziqb/Build/Intermediates.noindex/Godstone.build/LightDebug-iphonesimulator/GodstoneMeshTests.build/DerivedSources-normal/arm64 -Xcc -I/Users/oculus/Library/Developer/Xcode/DerivedData/Godstone-bcmxjhbxvzzwftexmsgiyverziqb/Build/Intermediates.noindex/Godstone.build/LightDebug-iphonesimulator/GodstoneMeshTests.build/DerivedSources/arm64 -Xcc -I/Users/oculus/Library/Developer/Xcode/DerivedData/Godstone-bcmxjhbxvzzwftexmsgiyverziqb/Build/Intermediates.noindex/Godstone.build/LightDebug-iphonesimulator/GodstoneMeshTests.build/DerivedSources -Xcc -DDEBUG\=1 -emit-objc-header -emit-objc-header-path /Users/oculus/Library/Developer/Xcode/DerivedData/Godstone-bcmxjhbxvzzwftexmsgiyverziqb/Build/Intermediates.noindex/Godstone.build/LightDebug-iphonesimulator/GodstoneMeshTests.build/Objects-normal/arm64/GodstoneMeshTests-Swift.h -working-directory /Users/oculus/Projects/GODSTONE/ios -experimental-emit-module-separately -disable-cmo

SwiftCompile normal arm64 Compiling\ GsIntegration001RealTransportTests.swift /Users/oculus/Projects/GODSTONE/ios/Godstone/Tests/GodstoneMeshTests/GsIntegration001RealTransportTests.swift (in target 'GodstoneMeshTests' from project 'Godstone')

SwiftCompile normal arm64 /Users/oculus/Projects/GODSTONE/ios/Godstone/Tests/GodstoneMeshTests/GsIntegration001RealTransportTests.swift (in target 'GodstoneMeshTests' from project 'Godstone')
    cd /Users/oculus/Projects/GODSTONE/ios
    builtin-SwiftPerFileCompile GsIntegration001RealTransportTests.swift

/Users/oculus/Projects/GODSTONE/ios/Godstone/Tests/GodstoneMeshTests/GsIntegration001RealTransportTests.swift:1586:17: warning: capture of 'r' with non-Sendable type 'RealTransportHostRig' in a '@Sendable' closure [#SendableClosureCaptures]
1584 |             let tornDown = DispatchSemaphore(value: 0)
1585 |             DispatchQueue.global().async {
1586 |                 r.tearDown()
     |                 `- warning: capture of 'r' with non-Sendable type 'RealTransportHostRig' in a '@Sendable' closure [#SendableClosureCaptures]
1587 |                 tornDown.signal()
1588 |             }

GodstoneMesh.RealTransportHostRig:1:20: note: class 'RealTransportHostRig' does not conform to the 'Sendable' protocol
 1 | final public class RealTransportHostRig {
   |                    `- note: class 'RealTransportHostRig' does not conform to the 'Sendable' protocol
 2 |     public struct WireWrite : Sendable, Equatable {
 3 |         public let from: String

/Users/oculus/Projects/GODSTONE/ios/Godstone/Tests/GodstoneMeshTests/GsIntegration001RealTransportTests.swift:6:11: warning: add '@preconcurrency' to suppress 'Sendable'-related warnings from module 'GodstoneMesh' [#AddPreconcurrencyImport]
   4 | import ObjectiveC
   5 | @testable import GodstoneCore
   6 | @testable import GodstoneMesh
     |           `- warning: add '@preconcurrency' to suppress 'Sendable'-related warnings from module 'GodstoneMesh' [#AddPreconcurrencyImport]
   7 | 
   8 | /// GS-INTEGRATION-001: The harness court standing on the real transport.

[#AddPreconcurrencyImport]: <https://docs.swift.org/compiler/documentation/diagnostics/add-preconcurrency-import>
[#SendableClosureCaptures]: <https://docs.swift.org/compiler/documentation/diagnostics/sendable-closure-captures>
SwiftEmitModule normal arm64 Emitting\ module\ for\ GodstoneMeshTests (in target 'GodstoneMeshTests' from project 'Godstone')

SwiftCompile normal arm64 (in target 'GodstoneMeshTests' from project 'Godstone')
    cd /Users/oculus/Projects/GODSTONE/ios
    

/Users/oculus/Projects/GODSTONE/ios/Godstone/Tests/GodstoneMeshTests/GsFinal003AdmissionPointTests.swift:40:13: warning: stored property 'allows' of 'Sendable'-conforming class 'SwitchableWipeGate' is mutable; this is an error in the Swift 6 language mode
 38 |     /// the coordinator (which GS-FINAL-002 already proved).
 39 |     private final class SwitchableWipeGate: WipeSensitiveUseGate {
 40 |         var allows: Bool
    |             `- warning: stored property 'allows' of 'Sendable'-conforming class 'SwitchableWipeGate' is mutable; this is an error in the Swift 6 language mode
 41 |         init(allows: Bool) { self.allows = allows }
 42 |         func allowsSensitiveUse() -> Bool { allows }

/Users/oculus/Projects/GODSTONE/ios/Godstone/Tests/GodstoneMeshTests/MeshNodeDeliveryIntegrationTests.swift:503:14: warning: immutable value 'pubA' was never used; consider replacing with '_' or removing it [#NoUsage]
501 | 
502 |     func testC661DispatchDirectTransmitsStoreReturnedCanonicalFrameAndNotCallerModifiedFrame() async throws {
503 |         let (pubA, _) = realDhKeypair()
    |              `- warning: immutable value 'pubA' was never used; consider replacing with '_' or removing it [#NoUsage]
504 |         let a = nodeA()
505 |         let flags = UInt16(Priority.direct.rawValue << 8) | UInt16(FrameV2.Flags.sealed)

/Users/oculus/Projects/GODSTONE/ios/Godstone/Tests/GodstoneMeshTests/ReadinessTrustedPairing.swift:164:5: warning: '@discardableResult' declared on a function returning 'Void' is unnecessary
162 |     /// CRYPTO-001: the entries are addressed by the relation's ADMISSION -- by default the one a
163 |     /// freshly started transport minteth for the first relation of that handle.
164 |     @discardableResult
    |     `- warning: '@discardableResult' declared on a function returning 'Void' is unnecessary
165 |     static func pairUp(_ pair: Pair, viaBob: UUID, viaAlice: UUID,
166 |                        aliceHint: Data, bobHint: Data,

[#NoUsage]: <https://docs.swift.org/compiler/documentation/diagnostics/no-usage>
SwiftCompile normal arm64 Compiling\ GsIntegration001ScenarioTests.swift /Users/oculus/Projects/GODSTONE/ios/Godstone/Tests/GodstoneMeshTests/GsIntegration001ScenarioTests.swift (in target 'GodstoneMeshTests' from project 'Godstone')
/Users/oculus/Projects/GODSTONE/ios/Godstone/Tests/GodstoneMeshTests/GsIntegration001ScenarioTests.swift:172:25: warning: no calls to throwing functions occur within 'try' expression [#UnnecessaryEffectMarker]
170 |             return XCTFail("the stranger-bound initiator must still form its first counsel")
171 |         }
172 |         guard let hs2 = try? responder.responderProcessMessage1AndWriteMessage2(hs1: hs1) else {
    |                         `- warning: no calls to throwing functions occur within 'try' expression [#UnnecessaryEffectMarker]
173 |             return XCTFail("the production responder must answer the honest HS1 -- its gates are not the subject here")
174 |         }

/Users/oculus/Projects/GODSTONE/ios/Godstone/Tests/GodstoneMeshTests/GsIntegration001ScenarioTests.swift:405:13: warning: initialization of immutable value 'initiator' was never used; consider replacing with assignment to '_' or removing it [#NoUsage]
403 |         let link = try r.link("alice", "bob")
404 | 
405 |         let initiator = try XCTUnwrap(r.opener(of: "alice", "bob"), "the initiator of the alice--bob exchange")
    |             `- warning: initialization of immutable value 'initiator' was never used; consider replacing with assignment to '_' or removing it [#NoUsage]
406 |         XCTAssertTrue(
407 |             r.waitUntil { r.isLinkReady(link) },

/Users/oculus/Projects/GODSTONE/ios/Godstone/Tests/GodstoneMeshTests/GsIntegration001ScenarioTests.swift:526:88: warning: string interpolation produces a debug description for an optional value; did you mean to make this explicit?
524 |             String(describing: verdict).contains("storageFailure"), true,
525 |             "*** A COMMIT WHILE THE WIPE STANDS PENDING MUST BE REFUSED WITH THE TYPE'S OWN VOCABULARY, "
526 |                 + "`.storageFailure` -- never a plausible-looking success. Observed: \(verdict) ***")
    |                                                                                        |- warning: string interpolation produces a debug description for an optional value; did you mean to make this explicit?
    |                                                                                        |- note: use a default value parameter to avoid this warning
    |                                                                                        |- note: provide a default value to avoid this warning
    |                                                                                        `- note: use 'String(describing:)' to silence this warning
527 |         let censusAfter = r.inboxCensus(receiver)
528 |         XCTAssertEqual(

/Users/oculus/Projects/GODSTONE/ios/Godstone/Tests/GodstoneMeshTests/GsIntegration001ScenarioTests.swift:562:45: warning: string interpolation produces a debug description for an optional value; did you mean to make this explicit?
560 |             true,
561 |             "*** AND WORK MUST RESUME on an idle journal: a fresh runtime's gate standeth open, so the third frame "
562 |                 + "is ADMITTED. Observed: \(reopenedVerdict) ***")
    |                                             |- warning: string interpolation produces a debug description for an optional value; did you mean to make this explicit?
    |                                             |- note: use a default value parameter to avoid this warning
    |                                             |- note: provide a default value to avoid this warning
    |                                             `- note: use 'String(describing:)' to silence this warning
563 |         XCTAssertTrue(reopened.messageStore.allHeldMsgIds().contains(third.msgId),
564 |                       "and it must be durably held")

/Users/oculus/Projects/GODSTONE/ios/Godstone/Tests/GodstoneMeshTests/GsIntegration001ScenarioTests.swift:461:13: warning: initialization of immutable value 'alice' was never used; consider replacing with assignment to '_' or removing it [#NoUsage]
459 |         let r = RealTransportHostRig()
460 |         defer { r.tearDown() }
461 |         let alice = try r.makeNode(label: "alice", seedByte: 0x51, staticPrivByte: 0x52)
    |             `- warning: initialization of immutable value 'alice' was never used; consider replacing with assignment to '_' or removing it [#NoUsage]
462 |         let bob = try r.makeNode(label: "bob", seedByte: 0x61, staticPrivByte: 0x62)
463 |         let link = try r.link("alice", "bob")

/Users/oculus/Projects/GODSTONE/ios/Godstone/Tests/GodstoneMeshTests/GsIntegration001ScenarioTests.swift:462:13: warning: initialization of immutable value 'bob' was never used; consider replacing with assignment to '_' or removing it [#NoUsage]
460 |         defer { r.tearDown() }
461 |         let alice = try r.makeNode(label: "alice", seedByte: 0x51, staticPrivByte: 0x52)
462 |         let bob = try r.makeNode(label: "bob", seedByte: 0x61, staticPrivByte: 0x62)
    |             `- warning: initialization of immutable value 'bob' was never used; consider replacing with assignment to '_' or removing it [#NoUsage]
463 |         let link = try r.link("alice", "bob")
464 |         XCTAssertTrue(

[#NoUsage]: <https://docs.swift.org/compiler/documentation/diagnostics/no-usage>
[#UnnecessaryEffectMarker]: <https://docs.swift.org/compiler/documentation/diagnostics/unnecessary-effect-marker>

SwiftCompile normal arm64 /Users/oculus/Projects/GODSTONE/ios/Godstone/Tests/GodstoneMeshTests/GsIntegration001ScenarioTests.swift (in target 'GodstoneMeshTests' from project 'Godstone')
    cd /Users/oculus/Projects/GODSTONE/ios
    builtin-SwiftPerFileCompile GsIntegration001ScenarioTests.swift

SwiftDriverJobDiscovery normal arm64 Compiling GsIntegration001ScenarioTests.swift (in target 'GodstoneMeshTests' from project 'Godstone')

SwiftDriverJobDiscovery normal arm64 Compiling GsIntegration001RealTransportTests.swift (in target 'GodstoneMeshTests' from project 'Godstone')

SwiftDriverJobDiscovery normal arm64 Emitting module for GodstoneMeshTests (in target 'GodstoneMeshTests' from project 'Godstone')

SwiftDriver\ Compilation\ Requirements GodstoneMeshTests normal arm64 com.apple.xcode.tools.swift.compiler (in target 'GodstoneMeshTests' from project 'Godstone')
    cd /Users/oculus/Projects/GODSTONE/ios
    builtin-Swift-Compilation-Requirements -- /Applications/Xcode.app/Contents/Developer/Toolchains/XcodeDefault.xctoolchain/usr/bin/swiftc -module-name GodstoneMeshTests -Onone @/Users/oculus/Library/Developer/Xcode/DerivedData/Godstone-bcmxjhbxvzzwftexmsgiyverziqb/Build/Intermediates.noindex/Godstone.build/LightDebug-iphonesimulator/GodstoneMeshTests.build/Objects-normal/arm64/GodstoneMeshTests.SwiftFileList -DDEBUG -plugin-path /Applications/Xcode.app/Contents/Developer/Toolchains/XcodeDefault.xctoolchain/usr/lib/swift/host/plugins/testing -enable-bare-slash-regex -enable-experimental-feature DebugDescriptionMacro -sdk /Applications/Xcode.app/Contents/Developer/Platforms/iPhoneSimulator.platform/Developer/SDKs/iPhoneSimulator27.0.sdk -target arm64-apple-ios16.0-simulator -g -module-cache-path /Users/oculus/Library/Developer/Xcode/DerivedData/ModuleCache.noindex -Xfrontend -serialize-debugging-options -enable-testing -index-store-path /Users/oculus/Library/Developer/Xcode/DerivedData/Godstone-bcmxjhbxvzzwftexmsgiyverziqb/Index.noindex/DataStore -Xcc -D_LIBCPP_HARDENING_MODE\=_LIBCPP_HARDENING_MODE_DEBUG -swift-version 5 -I /Users/oculus/Library/Developer/Xcode/DerivedData/Godstone-bcmxjhbxvzzwftexmsgiyverziqb/Build/Products/LightDebug-iphonesimulator -Isystem /Applications/Xcode.app/Contents/Developer/Platforms/iPhoneSimulator.platform/Developer/usr/lib -F /Users/oculus/Library/Developer/Xcode/DerivedData/Godstone-bcmxjhbxvzzwftexmsgiyverziqb/Build/Products/LightDebug-iphonesimulator/PackageFrameworks -F /Users/oculus/Library/Developer/Xcode/DerivedData/Godstone-bcmxjhbxvzzwftexmsgiyverziqb/Build/Products/LightDebug-iphonesimulator -F /Applications/Xcode.app/Contents/Developer/Platforms/iPhoneSimulator.platform/Developer/Library/Frameworks -F /Applications/Xcode.app/Contents/Developer/Platforms/iPhoneSimulator.platform/Developer/SDKs/iPhoneSimulator27.0.sdk/Developer/Library/Frameworks -c -j10 -enable-batch-mode -incremental -Xcc -ivfsstatcache -Xcc /Users/oculus/Library/Developer/Xcode/DerivedData/SDKStatCaches.noindex/iphonesimulator27.0-24A430-8dc58220667be655e1bcc261a7455254.sdkstatcache -output-file-map /Users/oculus/Library/Developer/Xcode/DerivedData/Godstone-bcmxjhbxvzzwftexmsgiyverziqb/Build/Intermediates.noindex/Godstone.build/LightDebug-iphonesimulator/GodstoneMeshTests.build/Objects-normal/arm64/GodstoneMeshTests-OutputFileMap.json -save-temps -no-color-diagnostics -explicit-module-build -module-cache-path /Users/oculus/Library/Developer/Xcode/DerivedData/Godstone-bcmxjhbxvzzwftexmsgiyverziqb/Build/Intermediates.noindex/SwiftExplicitPrecompiledModules -clang-scanner-module-cache-path /Users/oculus/Library/Developer/Xcode/DerivedData/ModuleCache.noindex -sdk-module-cache-path /Users/oculus/Library/Developer/Xcode/DerivedData/SDKExplicitPrecompiledModules -emit-dependencies -emit-module -emit-module-path /Users/oculus/Library/Developer/Xcode/DerivedData/Godstone-bcmxjhbxvzzwftexmsgiyverziqb/Build/Intermediates.noindex/Godstone.build/LightDebug-iphonesimulator/GodstoneMeshTests.build/Objects-normal/arm64/GodstoneMeshTests.swiftmodule -serialize-diagnostics -dependency-scan-serialize-diagnostics-path /Users/oculus/Library/Developer/Xcode/DerivedData/Godstone-bcmxjhbxvzzwftexmsgiyverziqb/Build/Intermediates.noindex/Godstone.build/LightDebug-iphonesimulator/GodstoneMeshTests.build/Objects-normal/arm64/GodstoneMeshTests-dependency-scan.dia -validate-clang-modules-once -clang-build-session-file /Users/oculus/Library/Developer/Xcode/DerivedData/ModuleCache.noindex/Session.modulevalidation -Xcc -fmodules-prune-interval\=86400 -Xcc -fmodules-prune-after\=345600 -emit-const-values -const-gather-protocols-list /Users/oculus/Library/Developer/Xcode/DerivedData/Godstone-bcmxjhbxvzzwftexmsgiyverziqb/Build/Intermediates.noindex/Godstone.build/LightDebug-iphonesimulator/GodstoneMeshTests.build/Objects-normal/arm64/GodstoneMeshTests_const_extract_protocols.json -Xcc -iquote -Xcc /Users/oculus/Library/Developer/Xcode/DerivedData/Godstone-bcmxjhbxvzzwftexmsgiyverziqb/Build/Intermediates.noindex/Godstone.build/LightDebug-iphonesimulator/GodstoneMeshTests.build/GodstoneMeshTests-generated-files.hmap -Xcc -I/Users/oculus/Library/Developer/Xcode/DerivedData/Godstone-bcmxjhbxvzzwftexmsgiyverziqb/Build/Intermediates.noindex/Godstone.build/LightDebug-iphonesimulator/GodstoneMeshTests.build/GodstoneMeshTests-own-target-headers.hmap -Xcc -I/Users/oculus/Library/Developer/Xcode/DerivedData/Godstone-bcmxjhbxvzzwftexmsgiyverziqb/Build/Intermediates.noindex/Godstone.build/LightDebug-iphonesimulator/GodstoneMeshTests.build/GodstoneMeshTests-all-non-framework-target-headers.hmap -Xcc -ivfsoverlay -Xcc /Users/oculus/Library/Developer/Xcode/DerivedData/Godstone-bcmxjhbxvzzwftexmsgiyverziqb/Build/Intermediates.noindex/Godstone.build/LightDebug-iphonesimulator/Godstone-4fea8a13e8e9aefd7e747d7a3bbbcde9-VFS-iphonesimulator/all-product-headers.yaml -Xcc -iquote -Xcc /Users/oculus/Library/Developer/Xcode/DerivedData/Godstone-bcmxjhbxvzzwftexmsgiyverziqb/Build/Intermediates.noindex/Godstone.build/LightDebug-iphonesimulator/GodstoneMeshTests.build/GodstoneMeshTests-project-headers.hmap -Xcc -I/Users/oculus/Library/Developer/Xcode/DerivedData/Godstone-bcmxjhbxvzzwftexmsgiyverziqb/Build/Products/LightDebug-iphonesimulator/include -Xcc -I/Users/oculus/Library/Developer/Xcode/DerivedData/Godstone-bcmxjhbxvzzwftexmsgiyverziqb/Build/Intermediates.noindex/Godstone.build/LightDebug-iphonesimulator/GodstoneMeshTests.build/DerivedSources-normal/arm64 -Xcc -I/Users/oculus/Library/Developer/Xcode/DerivedData/Godstone-bcmxjhbxvzzwftexmsgiyverziqb/Build/Intermediates.noindex/Godstone.build/LightDebug-iphonesimulator/GodstoneMeshTests.build/DerivedSources/arm64 -Xcc -I/Users/oculus/Library/Developer/Xcode/DerivedData/Godstone-bcmxjhbxvzzwftexmsgiyverziqb/Build/Intermediates.noindex/Godstone.build/LightDebug-iphonesimulator/GodstoneMeshTests.build/DerivedSources -Xcc -DDEBUG\=1 -emit-objc-header -emit-objc-header-path /Users/oculus/Library/Developer/Xcode/DerivedData/Godstone-bcmxjhbxvzzwftexmsgiyverziqb/Build/Intermediates.noindex/Godstone.build/LightDebug-iphonesimulator/GodstoneMeshTests.build/Objects-normal/arm64/GodstoneMeshTests-Swift.h -working-directory /Users/oculus/Projects/GODSTONE/ios -experimental-emit-module-separately -disable-cmo

SwiftDriver\ Compilation GodstoneMeshTests normal arm64 com.apple.xcode.tools.swift.compiler (in target 'GodstoneMeshTests' from project 'Godstone')
    cd /Users/oculus/Projects/GODSTONE/ios
    builtin-Swift-Compilation -- /Applications/Xcode.app/Contents/Developer/Toolchains/XcodeDefault.xctoolchain/usr/bin/swiftc -module-name GodstoneMeshTests -Onone @/Users/oculus/Library/Developer/Xcode/DerivedData/Godstone-bcmxjhbxvzzwftexmsgiyverziqb/Build/Intermediates.noindex/Godstone.build/LightDebug-iphonesimulator/GodstoneMeshTests.build/Objects-normal/arm64/GodstoneMeshTests.SwiftFileList -DDEBUG -plugin-path /Applications/Xcode.app/Contents/Developer/Toolchains/XcodeDefault.xctoolchain/usr/lib/swift/host/plugins/testing -enable-bare-slash-regex -enable-experimental-feature DebugDescriptionMacro -sdk /Applications/Xcode.app/Contents/Developer/Platforms/iPhoneSimulator.platform/Developer/SDKs/iPhoneSimulator27.0.sdk -target arm64-apple-ios16.0-simulator -g -module-cache-path /Users/oculus/Library/Developer/Xcode/DerivedData/ModuleCache.noindex -Xfrontend -serialize-debugging-options -enable-testing -index-store-path /Users/oculus/Library/Developer/Xcode/DerivedData/Godstone-bcmxjhbxvzzwftexmsgiyverziqb/Index.noindex/DataStore -Xcc -D_LIBCPP_HARDENING_MODE\=_LIBCPP_HARDENING_MODE_DEBUG -swift-version 5 -I /Users/oculus/Library/Developer/Xcode/DerivedData/Godstone-bcmxjhbxvzzwftexmsgiyverziqb/Build/Products/LightDebug-iphonesimulator -Isystem /Applications/Xcode.app/Contents/Developer/Platforms/iPhoneSimulator.platform/Developer/usr/lib -F /Users/oculus/Library/Developer/Xcode/DerivedData/Godstone-bcmxjhbxvzzwftexmsgiyverziqb/Build/Products/LightDebug-iphonesimulator/PackageFrameworks -F /Users/oculus/Library/Developer/Xcode/DerivedData/Godstone-bcmxjhbxvzzwftexmsgiyverziqb/Build/Products/LightDebug-iphonesimulator -F /Applications/Xcode.app/Contents/Developer/Platforms/iPhoneSimulator.platform/Developer/Library/Frameworks -F /Applications/Xcode.app/Contents/Developer/Platforms/iPhoneSimulator.platform/Developer/SDKs/iPhoneSimulator27.0.sdk/Developer/Library/Frameworks -c -j10 -enable-batch-mode -incremental -Xcc -ivfsstatcache -Xcc /Users/oculus/Library/Developer/Xcode/DerivedData/SDKStatCaches.noindex/iphonesimulator27.0-24A430-8dc58220667be655e1bcc261a7455254.sdkstatcache -output-file-map /Users/oculus/Library/Developer/Xcode/DerivedData/Godstone-bcmxjhbxvzzwftexmsgiyverziqb/Build/Intermediates.noindex/Godstone.build/LightDebug-iphonesimulator/GodstoneMeshTests.build/Objects-normal/arm64/GodstoneMeshTests-OutputFileMap.json -save-temps -no-color-diagnostics -explicit-module-build -module-cache-path /Users/oculus/Library/Developer/Xcode/DerivedData/Godstone-bcmxjhbxvzzwftexmsgiyverziqb/Build/Intermediates.noindex/SwiftExplicitPrecompiledModules -clang-scanner-module-cache-path /Users/oculus/Library/Developer/Xcode/DerivedData/ModuleCache.noindex -sdk-module-cache-path /Users/oculus/Library/Developer/Xcode/DerivedData/SDKExplicitPrecompiledModules -emit-dependencies -emit-module -emit-module-path /Users/oculus/Library/Developer/Xcode/DerivedData/Godstone-bcmxjhbxvzzwftexmsgiyverziqb/Build/Intermediates.noindex/Godstone.build/LightDebug-iphonesimulator/GodstoneMeshTests.build/Objects-normal/arm64/GodstoneMeshTests.swiftmodule -serialize-diagnostics -dependency-scan-serialize-diagnostics-path /Users/oculus/Library/Developer/Xcode/DerivedData/Godstone-bcmxjhbxvzzwftexmsgiyverziqb/Build/Intermediates.noindex/Godstone.build/LightDebug-iphonesimulator/GodstoneMeshTests.build/Objects-normal/arm64/GodstoneMeshTests-dependency-scan.dia -validate-clang-modules-once -clang-build-session-file /Users/oculus/Library/Developer/Xcode/DerivedData/ModuleCache.noindex/Session.modulevalidation -Xcc -fmodules-prune-interval\=86400 -Xcc -fmodules-prune-after\=345600 -emit-const-values -const-gather-protocols-list /Users/oculus/Library/Developer/Xcode/DerivedData/Godstone-bcmxjhbxvzzwftexmsgiyverziqb/Build/Intermediates.noindex/Godstone.build/LightDebug-iphonesimulator/GodstoneMeshTests.build/Objects-normal/arm64/GodstoneMeshTests_const_extract_protocols.json -Xcc -iquote -Xcc /Users/oculus/Library/Developer/Xcode/DerivedData/Godstone-bcmxjhbxvzzwftexmsgiyverziqb/Build/Intermediates.noindex/Godstone.build/LightDebug-iphonesimulator/GodstoneMeshTests.build/GodstoneMeshTests-generated-files.hmap -Xcc -I/Users/oculus/Library/Developer/Xcode/DerivedData/Godstone-bcmxjhbxvzzwftexmsgiyverziqb/Build/Intermediates.noindex/Godstone.build/LightDebug-iphonesimulator/GodstoneMeshTests.build/GodstoneMeshTests-own-target-headers.hmap -Xcc -I/Users/oculus/Library/Developer/Xcode/DerivedData/Godstone-bcmxjhbxvzzwftexmsgiyverziqb/Build/Intermediates.noindex/Godstone.build/LightDebug-iphonesimulator/GodstoneMeshTests.build/GodstoneMeshTests-all-non-framework-target-headers.hmap -Xcc -ivfsoverlay -Xcc /Users/oculus/Library/Developer/Xcode/DerivedData/Godstone-bcmxjhbxvzzwftexmsgiyverziqb/Build/Intermediates.noindex/Godstone.build/LightDebug-iphonesimulator/Godstone-4fea8a13e8e9aefd7e747d7a3bbbcde9-VFS-iphonesimulator/all-product-headers.yaml -Xcc -iquote -Xcc /Users/oculus/Library/Developer/Xcode/DerivedData/Godstone-bcmxjhbxvzzwftexmsgiyverziqb/Build/Intermediates.noindex/Godstone.build/LightDebug-iphonesimulator/GodstoneMeshTests.build/GodstoneMeshTests-project-headers.hmap -Xcc -I/Users/oculus/Library/Developer/Xcode/DerivedData/Godstone-bcmxjhbxvzzwftexmsgiyverziqb/Build/Products/LightDebug-iphonesimulator/include -Xcc -I/Users/oculus/Library/Developer/Xcode/DerivedData/Godstone-bcmxjhbxvzzwftexmsgiyverziqb/Build/Intermediates.noindex/Godstone.build/LightDebug-iphonesimulator/GodstoneMeshTests.build/DerivedSources-normal/arm64 -Xcc -I/Users/oculus/Library/Developer/Xcode/DerivedData/Godstone-bcmxjhbxvzzwftexmsgiyverziqb/Build/Intermediates.noindex/Godstone.build/LightDebug-iphonesimulator/GodstoneMeshTests.build/DerivedSources/arm64 -Xcc -I/Users/oculus/Library/Developer/Xcode/DerivedData/Godstone-bcmxjhbxvzzwftexmsgiyverziqb/Build/Intermediates.noindex/Godstone.build/LightDebug-iphonesimulator/GodstoneMeshTests.build/DerivedSources -Xcc -DDEBUG\=1 -emit-objc-header -emit-objc-header-path /Users/oculus/Library/Developer/Xcode/DerivedData/Godstone-bcmxjhbxvzzwftexmsgiyverziqb/Build/Intermediates.noindex/Godstone.build/LightDebug-iphonesimulator/GodstoneMeshTests.build/Objects-normal/arm64/GodstoneMeshTests-Swift.h -working-directory /Users/oculus/Projects/GODSTONE/ios -experimental-emit-module-separately -disable-cmo

Copy /Users/oculus/Library/Developer/Xcode/DerivedData/Godstone-bcmxjhbxvzzwftexmsgiyverziqb/Build/Products/LightDebug-iphonesimulator/GodstoneMeshTests.swiftmodule/Project/arm64-apple-ios-simulator.swiftsourceinfo /Users/oculus/Library/Developer/Xcode/DerivedData/Godstone-bcmxjhbxvzzwftexmsgiyverziqb/Build/Intermediates.noindex/Godstone.build/LightDebug-iphonesimulator/GodstoneMeshTests.build/Objects-normal/arm64/GodstoneMeshTests.swiftsourceinfo (in target 'GodstoneMeshTests' from project 'Godstone')
    cd /Users/oculus/Projects/GODSTONE/ios
    builtin-copy -exclude .DS_Store -exclude CVS -exclude .svn -exclude .git -exclude .hg -resolve-src-symlinks -rename /Users/oculus/Library/Developer/Xcode/DerivedData/Godstone-bcmxjhbxvzzwftexmsgiyverziqb/Build/Intermediates.noindex/Godstone.build/LightDebug-iphonesimulator/GodstoneMeshTests.build/Objects-normal/arm64/GodstoneMeshTests.swiftsourceinfo /Users/oculus/Library/Developer/Xcode/DerivedData/Godstone-bcmxjhbxvzzwftexmsgiyverziqb/Build/Products/LightDebug-iphonesimulator/GodstoneMeshTests.swiftmodule/Project/arm64-apple-ios-simulator.swiftsourceinfo

Copy /Users/oculus/Library/Developer/Xcode/DerivedData/Godstone-bcmxjhbxvzzwftexmsgiyverziqb/Build/Products/LightDebug-iphonesimulator/GodstoneMeshTests.swiftmodule/arm64-apple-ios-simulator.abi.json /Users/oculus/Library/Developer/Xcode/DerivedData/Godstone-bcmxjhbxvzzwftexmsgiyverziqb/Build/Intermediates.noindex/Godstone.build/LightDebug-iphonesimulator/GodstoneMeshTests.build/Objects-normal/arm64/GodstoneMeshTests.abi.json (in target 'GodstoneMeshTests' from project 'Godstone')
    cd /Users/oculus/Projects/GODSTONE/ios
    builtin-copy -exclude .DS_Store -exclude CVS -exclude .svn -exclude .git -exclude .hg -resolve-src-symlinks -rename /Users/oculus/Library/Developer/Xcode/DerivedData/Godstone-bcmxjhbxvzzwftexmsgiyverziqb/Build/Intermediates.noindex/Godstone.build/LightDebug-iphonesimulator/GodstoneMeshTests.build/Objects-normal/arm64/GodstoneMeshTests.abi.json /Users/oculus/Library/Developer/Xcode/DerivedData/Godstone-bcmxjhbxvzzwftexmsgiyverziqb/Build/Products/LightDebug-iphonesimulator/GodstoneMeshTests.swiftmodule/arm64-apple-ios-simulator.abi.json

Ld /Users/oculus/Library/Developer/Xcode/DerivedData/Godstone-bcmxjhbxvzzwftexmsgiyverziqb/Build/Products/LightDebug-iphonesimulator/GodstoneMeshTests.xctest/GodstoneMeshTests normal (in target 'GodstoneMeshTests' from project 'Godstone')
    cd /Users/oculus/Projects/GODSTONE/ios
    /Applications/Xcode.app/Contents/Developer/Toolchains/XcodeDefault.xctoolchain/usr/bin/clang -Xlinker -reproducible -target arm64-apple-ios16.0-simulator -bundle -isysroot /Applications/Xcode.app/Contents/Developer/Platforms/iPhoneSimulator.platform/Developer/SDKs/iPhoneSimulator27.0.sdk -O0 -Xlinker -no_warn_duplicate_libraries -L/Users/oculus/Library/Developer/Xcode/DerivedData/Godstone-bcmxjhbxvzzwftexmsgiyverziqb/Build/Intermediates.noindex/EagerLinkingTBDs/LightDebug-iphonesimulator -L/Users/oculus/Library/Developer/Xcode/DerivedData/Godstone-bcmxjhbxvzzwftexmsgiyverziqb/Build/Products/LightDebug-iphonesimulator -L/Applications/Xcode.app/Contents/Developer/Platforms/iPhoneSimulator.platform/Developer/usr/lib -F/Users/oculus/Library/Developer/Xcode/DerivedData/Godstone-bcmxjhbxvzzwftexmsgiyverziqb/Build/Intermediates.noindex/EagerLinkingTBDs/LightDebug-iphonesimulator -F/Users/oculus/Library/Developer/Xcode/DerivedData/Godstone-bcmxjhbxvzzwftexmsgiyverziqb/Build/Products/LightDebug-iphonesimulator/PackageFrameworks -F/Users/oculus/Library/Developer/Xcode/DerivedData/Godstone-bcmxjhbxvzzwftexmsgiyverziqb/Build/Products/LightDebug-iphonesimulator -iframework /Applications/Xcode.app/Contents/Developer/Platforms/iPhoneSimulator.platform/Developer/Library/Frameworks -iframework /Applications/Xcode.app/Contents/Developer/Platforms/iPhoneSimulator.platform/Developer/SDKs/iPhoneSimulator27.0.sdk/Developer/Library/Frameworks -filelist /Users/oculus/Library/Developer/Xcode/DerivedData/Godstone-bcmxjhbxvzzwftexmsgiyverziqb/Build/Intermediates.noindex/Godstone.build/LightDebug-iphonesimulator/GodstoneMeshTests.build/Objects-normal/arm64/GodstoneMeshTests.LinkFileList -Xlinker -rpath -Xlinker /usr/lib/swift -Xlinker -rpath -Xlinker @loader_path/Frameworks -Xlinker -rpath -Xlinker @executable_path/Frameworks -Xlinker -dead_strip -Xlinker -object_path_lto -Xlinker /Users/oculus/Library/Developer/Xcode/DerivedData/Godstone-bcmxjhbxvzzwftexmsgiyverziqb/Build/Intermediates.noindex/Godstone.build/LightDebug-iphonesimulator/GodstoneMeshTests.build/Objects-normal/arm64/GodstoneMeshTests_lto.o -rdynamic -Xlinker -no_deduplicate -Xlinker -objc_abi_version -Xlinker 2 -Xlinker -dependency_info -Xlinker /Users/oculus/Library/Developer/Xcode/DerivedData/Godstone-bcmxjhbxvzzwftexmsgiyverziqb/Build/Intermediates.noindex/Godstone.build/LightDebug-iphonesimulator/GodstoneMeshTests.build/Objects-normal/arm64/GodstoneMeshTests_dependency_info.dat -fobjc-link-runtime -L/Applications/Xcode.app/Contents/Developer/Toolchains/XcodeDefault.xctoolchain/usr/lib/swift/iphonesimulator -L/usr/lib/swift -Xlinker -add_ast_path -Xlinker /Users/oculus/Library/Developer/Xcode/DerivedData/Godstone-bcmxjhbxvzzwftexmsgiyverziqb/Build/Intermediates.noindex/Godstone.build/LightDebug-iphonesimulator/GodstoneMeshTests.build/Objects-normal/arm64/GodstoneMeshTests.swiftmodule -Xlinker -needed_framework -Xlinker XCTest -framework XCTest -Xlinker -needed-lXCTestSwiftSupport -lXCTestSwiftSupport -o /Users/oculus/Library/Developer/Xcode/DerivedData/Godstone-bcmxjhbxvzzwftexmsgiyverziqb/Build/Products/LightDebug-iphonesimulator/GodstoneMeshTests.xctest/GodstoneMeshTests
/Users/oculus/Projects/GODSTONE/ios/Godstone.xcodeproj: GodstoneMeshTests: ld: warning: building for iOS-simulator-16.0, but linking with dylib '@rpath/XCTest.framework/XCTest' which was built for newer version 17.0
/Users/oculus/Projects/GODSTONE/ios/Godstone.xcodeproj: GodstoneMeshTests: ld: warning: building for iOS-simulator-16.0, but linking with dylib '@rpath/libXCTestSwiftSupport.dylib' which was built for newer version 17.0

ExtractAppIntentsMetadata (in target 'GodstoneMeshTests' from project 'Godstone')
    cd /Users/oculus/Projects/GODSTONE/ios
    /Applications/Xcode.app/Contents/Developer/Toolchains/XcodeDefault.xctoolchain/usr/bin/appintentsmetadataprocessor --toolchain-dir /Applications/Xcode.app/Contents/Developer/Toolchains/XcodeDefault.xctoolchain --module-name GodstoneMeshTests --sdk-root /Applications/Xcode.app/Contents/Developer/Platforms/iPhoneSimulator.platform/Developer/SDKs/iPhoneSimulator27.0.sdk --xcode-version 27A266a --platform-family iOS --deployment-target 16.0 --bundle-identifier io.godstone.meshtests --output /Users/oculus/Library/Developer/Xcode/DerivedData/Godstone-bcmxjhbxvzzwftexmsgiyverziqb/Build/Products/LightDebug-iphonesimulator/GodstoneMeshTests.xctest --target-triple arm64-apple-ios16.0-simulator --binary-file /Users/oculus/Library/Developer/Xcode/DerivedData/Godstone-bcmxjhbxvzzwftexmsgiyverziqb/Build/Products/LightDebug-iphonesimulator/GodstoneMeshTests.xctest/GodstoneMeshTests --dependency-file /Users/oculus/Library/Developer/Xcode/DerivedData/Godstone-bcmxjhbxvzzwftexmsgiyverziqb/Build/Intermediates.noindex/Godstone.build/LightDebug-iphonesimulator/GodstoneMeshTests.build/Objects-normal/arm64/GodstoneMeshTests_dependency_info.dat --stringsdata-file /Users/oculus/Library/Developer/Xcode/DerivedData/Godstone-bcmxjhbxvzzwftexmsgiyverziqb/Build/Intermediates.noindex/Godstone.build/LightDebug-iphonesimulator/GodstoneMeshTests.build/Objects-normal/arm64/ExtractedAppShortcutsMetadata.stringsdata --source-file-list /Users/oculus/Library/Developer/Xcode/DerivedData/Godstone-bcmxjhbxvzzwftexmsgiyverziqb/Build/Intermediates.noindex/Godstone.build/LightDebug-iphonesimulator/GodstoneMeshTests.build/Objects-normal/arm64/GodstoneMeshTests.SwiftFileList --metadata-file-list /Users/oculus/Library/Developer/Xcode/DerivedData/Godstone-bcmxjhbxvzzwftexmsgiyverziqb/Build/Intermediates.noindex/Godstone.build/LightDebug-iphonesimulator/GodstoneMeshTests.build/GodstoneMeshTests.DependencyMetadataFileList --static-metadata-file-list /Users/oculus/Library/Developer/Xcode/DerivedData/Godstone-bcmxjhbxvzzwftexmsgiyverziqb/Build/Intermediates.noindex/Godstone.build/LightDebug-iphonesimulator/GodstoneMeshTests.build/GodstoneMeshTests.DependencyStaticMetadataFileList --swift-const-vals-list /Users/oculus/Library/Developer/Xcode/DerivedData/Godstone-bcmxjhbxvzzwftexmsgiyverziqb/Build/Intermediates.noindex/Godstone.build/LightDebug-iphonesimulator/GodstoneMeshTests.build/Objects-normal/arm64/GodstoneMeshTests.SwiftConstValuesFileList --compile-time-extraction --deployment-aware-processing --no-app-shortcuts-localization
2026-09-29 20:28:18.643 appintentsmetadataprocessor[54899:18488267] Starting appintentsmetadataprocessor export
2026-09-29 20:28:18.644 appintentsmetadataprocessor[54899:18488267] warning: Metadata extraction skipped, no AppIntents.framework dependency found

CopySwiftLibs /Users/oculus/Library/Developer/Xcode/DerivedData/Godstone-bcmxjhbxvzzwftexmsgiyverziqb/Build/Products/LightDebug-iphonesimulator/GodstoneMeshTests.xctest (in target 'GodstoneMeshTests' from project 'Godstone')
    cd /Users/oculus/Projects/GODSTONE/ios
    builtin-swiftStdLibTool --copy --verbose --scan-executable /Users/oculus/Library/Developer/Xcode/DerivedData/Godstone-bcmxjhbxvzzwftexmsgiyverziqb/Build/Products/LightDebug-iphonesimulator/GodstoneMeshTests.xctest/GodstoneMeshTests --scan-folder /Users/oculus/Library/Developer/Xcode/DerivedData/Godstone-bcmxjhbxvzzwftexmsgiyverziqb/Build/Products/LightDebug-iphonesimulator/GodstoneMeshTests.xctest/Frameworks --scan-folder /Users/oculus/Library/Developer/Xcode/DerivedData/Godstone-bcmxjhbxvzzwftexmsgiyverziqb/Build/Products/LightDebug-iphonesimulator/GodstoneMeshTests.xctest/PlugIns --scan-folder /Users/oculus/Library/Developer/Xcode/DerivedData/Godstone-bcmxjhbxvzzwftexmsgiyverziqb/Build/Products/LightDebug-iphonesimulator/GodstoneMeshTests.xctest/SystemExtensions --scan-folder /Users/oculus/Library/Developer/Xcode/DerivedData/Godstone-bcmxjhbxvzzwftexmsgiyverziqb/Build/Products/LightDebug-iphonesimulator/GodstoneMeshTests.xctest/Extensions --platform iphonesimulator --toolchain /Applications/Xcode.app/Contents/Developer/Toolchains/XcodeDefault.xctoolchain --destination /Users/oculus/Library/Developer/Xcode/DerivedData/Godstone-bcmxjhbxvzzwftexmsgiyverziqb/Build/Products/LightDebug-iphonesimulator/GodstoneMeshTests.xctest/Frameworks --strip-bitcode --scan-executable /Applications/Xcode.app/Contents/Developer/Platforms/iPhoneSimulator.platform/Developer/usr/lib/libXCTestSwiftSupport.dylib --strip-bitcode-tool /Applications/Xcode.app/Contents/Developer/Toolchains/XcodeDefault.xctoolchain/usr/bin/bitcode_strip --emit-dependency-info /Users/oculus/Library/Developer/Xcode/DerivedData/Godstone-bcmxjhbxvzzwftexmsgiyverziqb/Build/Intermediates.noindex/Godstone.build/LightDebug-iphonesimulator/GodstoneMeshTests.build/SwiftStdLibToolInputDependencies.dep --filter-for-swift-os
Ignoring --strip-bitcode because --sign was not passed

PruneExplicitPrecompiledModules /Users/oculus/Library/Developer/Xcode/DerivedData/Godstone-bcmxjhbxvzzwftexmsgiyverziqb/Build/Intermediates.noindex/ExplicitPrecompiledModules

PruneExplicitPrecompiledModules /Users/oculus/Library/Developer/Xcode/DerivedData/SDKExplicitPrecompiledModules

PruneExplicitPrecompiledModules /Users/oculus/Library/Developer/Xcode/DerivedData/Godstone-bcmxjhbxvzzwftexmsgiyverziqb/Build/Intermediates.noindex/SwiftExplicitPrecompiledModules

Test Suite 'Selected tests' started at 2026-09-29 20:28:19.293.
Test Suite 'GodstoneMeshTests.xctest' started at 2026-09-29 20:28:19.294.
Test Suite 'GsIntegration001ScenarioTests' started at 2026-09-29 20:28:19.294.
Test Case '-[GodstoneMeshTests.GsIntegration001ScenarioTests testARBEstablishesOverOSFacadesOnlyThenDeliversADirectFrameAndTheRecipientAck]' started.
CRYPTO-005 fresh-file step: revision=0 from=0 creatingTables=true statements=6
CRYPTO-005 fresh-file step: revision=0 from=0 creatingTables=true statements=6
CRYPTO-005 fresh-file step: revision=0 from=0 creatingTables=true statements=6
2026-09-29 20:28:19.314512+0530 xctest[54900:18488319] [CoreBluetooth] XPC connection invalid
2026-09-29 20:28:19.314898+0530 xctest[54900:18488325] [CoreBluetooth] XPC connection invalid
2026-09-29 20:28:19.315538+0530 xctest[54900:18488319] [CoreBluetooth] XPC connection invalid
2026-09-29 20:28:19.315625+0530 xctest[54900:18488319] [CoreBluetooth] XPC connection invalid
2026-09-29 20:28:19.321089+0530 xctest[54900:18488326] [CoreBluetooth] XPC connection invalid
2026-09-29 20:28:19.321185+0530 xctest[54900:18488319] [CoreBluetooth] XPC connection invalid
2026-09-29 20:28:19.347446+0530 xctest[54900:18488286] [CoreBluetooth] API MISUSE: <_TtCC12GodstoneMesh20RealTransportHostRig21HostPeripheralManager: 0x103238100> can only accept this command while in the powered on state
2026-09-29 20:28:19.347777+0530 xctest[54900:18488286] [CoreBluetooth] API MISUSE: <_TtCC12GodstoneMesh20RealTransportHostRig21HostPeripheralManager: 0x103238400> can only accept this command while in the powered on state
2026-09-29 20:28:19.347879+0530 xctest[54900:18488286] [CoreBluetooth] API MISUSE: <_TtCC12GodstoneMesh20RealTransportHostRig21HostPeripheralManager: 0x103238300> can only accept this command while in the powered on state
Test Case '-[GodstoneMeshTests.GsIntegration001ScenarioTests testARBEstablishesOverOSFacadesOnlyThenDeliversADirectFrameAndTheRecipientAck]' passed (0.055 seconds).
Test Case '-[GodstoneMeshTests.GsIntegration001ScenarioTests testEWipeDuringASuspendedWriteRefusesStorageFailureThenReopens]' started.
CRYPTO-005 fresh-file step: revision=0 from=0 creatingTables=true statements=6
CRYPTO-005 fresh-file step: revision=0 from=0 creatingTables=true statements=6
2026-09-29 20:28:19.360740+0530 xctest[54900:18488319] [CoreBluetooth] XPC connection invalid
2026-09-29 20:28:19.360845+0530 xctest[54900:18488326] [CoreBluetooth] XPC connection invalid
2026-09-29 20:28:19.361247+0530 xctest[54900:18488326] [CoreBluetooth] XPC connection invalid
2026-09-29 20:28:19.361322+0530 xctest[54900:18488319] [CoreBluetooth] XPC connection invalid
2026-09-29 20:28:19.378949+0530 xctest[54900:18488286] [CoreBluetooth] API MISUSE: <_TtCC12GodstoneMesh20RealTransportHostRig21HostPeripheralManager: 0x103238600> can only accept this command while in the powered on state
CRYPTO-005 fresh-file step: revision=0 from=0 creatingTables=true statements=6
2026-09-29 20:28:19.392214+0530 xctest[54900:18488286] [CoreBluetooth] API MISUSE: <_TtCC12GodstoneMesh20RealTransportHostRig21HostPeripheralManager: 0x103238500> can only accept this command while in the powered on state
Test Case '-[GodstoneMeshTests.GsIntegration001ScenarioTests testEWipeDuringASuspendedWriteRefusesStorageFailureThenReopens]' passed (0.044 seconds).
Test Suite 'GsIntegration001ScenarioTests' passed at 2026-09-29 20:28:19.393.
	 Executed 2 tests, with 0 failures (0 unexpected) in 0.099 (0.100) seconds
Test Suite 'GodstoneMeshTests.xctest' passed at 2026-09-29 20:28:19.393.
	 Executed 2 tests, with 0 failures (0 unexpected) in 0.099 (0.100) seconds
Test Suite 'Selected tests' passed at 2026-09-29 20:28:19.394.
	 Executed 2 tests, with 0 failures (0 unexpected) in 0.099 (0.100) seconds
2026-09-29 20:28:19.676 xcodebuild[54825:18487947] [MT] IDETestOperationsObserverDebug: 0.941 elapsed -- Testing started completed.
2026-09-29 20:28:19.676 xcodebuild[54825:18487947] [MT] IDETestOperationsObserverDebug: 0.000 sec, +0.000 sec -- start
2026-09-29 20:28:19.676 xcodebuild[54825:18487947] [MT] IDETestOperationsObserverDebug: 0.941 sec, +0.941 sec -- end

Test session results, code coverage, and logs:
	/tmp/rc11-evidence/L1.xcresult

** TEST SUCCEEDED **

Testing started
